Archive member included to satisfy reference by file (symbol)

C:\Users\AsusPro\OneDrive\COMMON~1\ARDUIN~1\SOURCE~1\ATMELS~1\ARDUIN~1\ARDUIN~1\ARDUIN~1\Debug\libArduinoCore.a(CDC.o)
                              A32u4/Common.o (_ZN7Serial_9availableEv)
C:\Users\AsusPro\OneDrive\COMMON~1\ARDUIN~1\SOURCE~1\ATMELS~1\ARDUIN~1\ARDUIN~1\ARDUIN~1\Debug\libArduinoCore.a(main.o)
                              C:/Program Files (x86)/Atmel/Studio/7.0/Packs/atmel/ATmega_DFP/1.2.209/gcc/dev/atmega32u4/avr5/crtatmega32u4.o (main)
C:\Users\AsusPro\OneDrive\COMMON~1\ARDUIN~1\SOURCE~1\ATMELS~1\ARDUIN~1\ARDUIN~1\ARDUIN~1\Debug\libArduinoCore.a(Print.o)
                              A32u4/Serial.o (_ZN5Print5writeEPKhj)
C:\Users\AsusPro\OneDrive\COMMON~1\ARDUIN~1\SOURCE~1\ATMELS~1\ARDUIN~1\ARDUIN~1\ARDUIN~1\Debug\libArduinoCore.a(Stream.o)
                              A32u4/Common.o (_ZN6Stream9readBytesEPcj)
C:\Users\AsusPro\OneDrive\COMMON~1\ARDUIN~1\SOURCE~1\ATMELS~1\ARDUIN~1\ARDUIN~1\ARDUIN~1\Debug\libArduinoCore.a(Tone.o)
                              A32u4/AdvIO.o (_Z4tonehjm)
C:\Users\AsusPro\OneDrive\COMMON~1\ARDUIN~1\SOURCE~1\ATMELS~1\ARDUIN~1\ARDUIN~1\ARDUIN~1\Debug\libArduinoCore.a(USBCore.o)
                              C:\Users\AsusPro\OneDrive\COMMON~1\ARDUIN~1\SOURCE~1\ATMELS~1\ARDUIN~1\ARDUIN~1\ARDUIN~1\Debug\libArduinoCore.a(CDC.o) (_Z13USB_Availableh)
C:\Users\AsusPro\OneDrive\COMMON~1\ARDUIN~1\SOURCE~1\ATMELS~1\ARDUIN~1\ARDUIN~1\ARDUIN~1\Debug\libArduinoCore.a(WInterrupts.o)
                              A32u4/Interrup.o (attachInterrupt)
C:\Users\AsusPro\OneDrive\COMMON~1\ARDUIN~1\SOURCE~1\ATMELS~1\ARDUIN~1\ARDUIN~1\ARDUIN~1\Debug\libArduinoCore.a(wiring.o)
                              A32u4/Time.o (millis)
C:\Users\AsusPro\OneDrive\COMMON~1\ARDUIN~1\SOURCE~1\ATMELS~1\ARDUIN~1\ARDUIN~1\ARDUIN~1\Debug\libArduinoCore.a(wiring_analog.o)
                              A32u4/Gpio.o (analogRead)
C:\Users\AsusPro\OneDrive\COMMON~1\ARDUIN~1\SOURCE~1\ATMELS~1\ARDUIN~1\ARDUIN~1\ARDUIN~1\Debug\libArduinoCore.a(wiring_digital.o)
                              A32u4/ESP8266int.o (pinMode)
C:\Users\AsusPro\OneDrive\COMMON~1\ARDUIN~1\SOURCE~1\ATMELS~1\ARDUIN~1\ARDUIN~1\ARDUIN~1\Debug\libArduinoCore.a(wiring_pulse.o)
                              A32u4/AdvIO.o (pulseIn)
C:\Users\AsusPro\OneDrive\COMMON~1\ARDUIN~1\SOURCE~1\ATMELS~1\ARDUIN~1\ARDUIN~1\ARDUIN~1\Debug\libArduinoCore.a(wiring_shift.o)
                              A32u4/AdvIO.o (shiftIn)
C:\Users\AsusPro\OneDrive\COMMON~1\ARDUIN~1\SOURCE~1\ATMELS~1\ARDUIN~1\ARDUIN~1\ARDUIN~1\Debug\libArduinoCore.a(WMath.o)
                              A32u4/Gpio.o (_Z6randomll)
C:\Users\AsusPro\OneDrive\COMMON~1\ARDUIN~1\SOURCE~1\ATMELS~1\ARDUIN~1\ARDUIN~1\ARDUIN~1\Debug\libArduinoCore.a(WString.o)
                              C:\Users\AsusPro\OneDrive\COMMON~1\ARDUIN~1\SOURCE~1\ATMELS~1\ARDUIN~1\ARDUIN~1\ARDUIN~1\Debug\libArduinoCore.a(Stream.o) (_ZN6StringC1EPKc)
C:\Users\AsusPro\OneDrive\COMMON~1\ARDUIN~1\SOURCE~1\ATMELS~1\ARDUIN~1\ARDUIN~1\ARDUIN~1\Debug\libArduinoCore.a(SoftwareSerial.o)
                              A32u4/Serial.o (_ZN14SoftwareSerial4readEv)
C:\Users\AsusPro\OneDrive\COMMON~1\ARDUIN~1\SOURCE~1\ATMELS~1\ARDUIN~1\ARDUIN~1\ARDUIN~1\Debug\libArduinoCore.a(abi.o)
                              C:\Users\AsusPro\OneDrive\COMMON~1\ARDUIN~1\SOURCE~1\ATMELS~1\ARDUIN~1\ARDUIN~1\ARDUIN~1\Debug\libArduinoCore.a(Print.o) (__cxa_pure_virtual)
C:\Users\AsusPro\OneDrive\COMMON~1\ARDUIN~1\SOURCE~1\ATMELS~1\ARDUIN~1\ARDUIN~1\ARDUIN~1\Debug\libArduinoCore.a(hooks.o)
                              C:\Users\AsusPro\OneDrive\COMMON~1\ARDUIN~1\SOURCE~1\ATMELS~1\ARDUIN~1\ARDUIN~1\ARDUIN~1\Debug\libArduinoCore.a(wiring.o) (yield)
C:\Users\AsusPro\OneDrive\COMMON~1\ARDUIN~1\SOURCE~1\ATMELS~1\ARDUIN~1\ARDUIN~1\ARDUIN~1\Debug\libArduinoCore.a(PluggableUSB.o)
                              C:\Users\AsusPro\OneDrive\COMMON~1\ARDUIN~1\SOURCE~1\ATMELS~1\ARDUIN~1\ARDUIN~1\ARDUIN~1\Debug\libArduinoCore.a(USBCore.o) (_ZN13PluggableUSB_12getInterfaceEPh)
C:\Users\AsusPro\OneDrive\COMMON~1\ARDUIN~1\SOURCE~1\ATMELS~1\ARDUIN~1\ARDUIN~1\ARDUIN~1\Debug\libArduinoCore.a(wiring_pulse.o)
                              C:\Users\AsusPro\OneDrive\COMMON~1\ARDUIN~1\SOURCE~1\ATMELS~1\ARDUIN~1\ARDUIN~1\ARDUIN~1\Debug\libArduinoCore.a(wiring_pulse.o) (countPulseASM)
c:/program files (x86)/atmel/studio/7.0/toolchain/avr8/avr8-gnu-toolchain/bin/../lib/gcc/avr/5.4.0/../../../../avr/lib/avr5\libm.a(addsf3.o)
                              C:\Users\AsusPro\OneDrive\COMMON~1\ARDUIN~1\SOURCE~1\ATMELS~1\ARDUIN~1\ARDUIN~1\ARDUIN~1\Debug\libArduinoCore.a(Print.o) (__subsf3)
c:/program files (x86)/atmel/studio/7.0/toolchain/avr8/avr8-gnu-toolchain/bin/../lib/gcc/avr/5.4.0/../../../../avr/lib/avr5\libm.a(addsf3x.o)
                              c:/program files (x86)/atmel/studio/7.0/toolchain/avr8/avr8-gnu-toolchain/bin/../lib/gcc/avr/5.4.0/../../../../avr/lib/avr5\libm.a(addsf3.o) (__addsf3x)
[...]
Memory Configuration

Name             Origin             Length             Attributes
text             0x00000000         0x00020000         xr
data             0x00800060         0x0000ffa0         rw !x
eeprom           0x00810000         0x00010000         rw !x
fuse             0x00820000         0x00000003         rw !x
lock             0x00830000         0x00000400         rw !x
signature        0x00840000         0x00000400         rw !x
user_signatures  0x00850000         0x00000400         rw !x
*default*        0x00000000         0xffffffff

Linker script and memory map

Address of section .data set to 0x800100
LOAD C:/Program Files (x86)/Atmel/Studio/7.0/Packs/atmel/ATmega_DFP/1.2.209/gcc/dev/atmega32u4/avr5/crtatmega32u4.o
LOAD A32u4/AdvIO.o
LOAD A32u4/Common.o
LOAD A32u4/ESP8266int.o
LOAD A32u4/Gpio.o
LOAD A32u4/Interrup.o
LOAD A32u4/SEEPROM.o
LOAD A32u4/Serial.o
LOAD A32u4/Sketch.o
LOAD A32u4/SSip.o
LOAD A32u4/Time.o
LOAD A32u4/WWire.o
LOAD src/libraries/SPI/src/SPI.o
LOAD src/libraries/Wire/src/utility/twi.o
LOAD src/libraries/Wire/src/Wire.o
START GROUP
LOAD c:/program files (x86)/atmel/studio/7.0/toolchain/avr8/avr8-gnu-toolchain/bin/../lib/gcc/avr/5.4.0/../../../../avr/lib/avr5\libm.a
LOAD C:\Users\AsusPro\OneDrive\COMMON~1\ARDUIN~1\SOURCE~1\ATMELS~1\ARDUIN~1\ARDUIN~1\ARDUIN~1\Debug\libArduinoCore.a
END GROUP
LOAD c:/program files (x86)/atmel/studio/7.0/toolchain/avr8/avr8-gnu-toolchain/bin/../lib/gcc/avr/5.4.0/avr5\libgcc.a
LOAD c:/program files (x86)/atmel/studio/7.0/toolchain/avr8/avr8-gnu-toolchain/bin/../lib/gcc/avr/5.4.0/../../../../avr/lib/avr5\libm.a
START GROUP
LOAD c:/program files (x86)/atmel/studio/7.0/toolchain/avr8/avr8-gnu-toolchain/bin/../lib/gcc/avr/5.4.0/avr5\libgcc.a
LOAD c:/program files (x86)/atmel/studio/7.0/toolchain/avr8/avr8-gnu-toolchain/bin/../lib/gcc/avr/5.4.0/../../../../avr/lib/avr5\libm.a
LOAD c:/program files (x86)/atmel/studio/7.0/toolchain/avr8/avr8-gnu-toolchain/bin/../lib/gcc/avr/5.4.0/../../../../avr/lib/avr5\libc.a
LOAD C:/Program Files (x86)/Atmel/Studio/7.0/Packs/atmel/ATmega_DFP/1.2.209/gcc/dev/atmega32u4/avr5\libatmega32u4.a
END GROUP
                0x00000000                __TEXT_REGION_ORIGIN__ = DEFINED (__TEXT_REGION_ORIGIN__)?__TEXT_REGION_ORIGIN__:0x0
                0x00800060                __DATA_REGION_ORIGIN__ = DEFINED (__DATA_REGION_ORIGIN__)?__DATA_REGION_ORIGIN__:0x800060
                0x00020000                __TEXT_REGION_LENGTH__ = DEFINED (__TEXT_REGION_LENGTH__)?__TEXT_REGION_LENGTH__:0x20000
                0x0000ffa0                __DATA_REGION_LENGTH__ = DEFINED (__DATA_REGION_LENGTH__)?__DATA_REGION_LENGTH__:0xffa0
                0x00010000                __EEPROM_REGION_LENGTH__ = DEFINED (__EEPROM_REGION_LENGTH__)?__EEPROM_REGION_LENGTH__:0x10000
                [0x00000003]                __FUSE_REGION_LENGTH__ = DEFINED (__FUSE_REGION_LENGTH__)?__FUSE_REGION_LENGTH__:0x400
                0x00000400                __LOCK_REGION_LENGTH__ = DEFINED (__LOCK_REGION_LENGTH__)?__LOCK_REGION_LENGTH__:0x400
                0x00000400                __SIGNATURE_REGION_LENGTH__ = DEFINED (__SIGNATURE_REGION_LENGTH__)?__SIGNATURE_REGION_LENGTH__:0x400
                0x00000400                __USER_SIGNATURE_REGION_LENGTH__ = DEFINED (__USER_SIGNATURE_REGION_LENGTH__)?__USER_SIGNATURE_REGION_LENGTH__:0x400

.hash
 *(.hash)

.dynsym
 *(.dynsym)

.dynstr
 *(.dynstr)

.gnu.version
 *(.gnu.version)

.gnu.version_d
 *(.gnu.version_d)

.gnu.version_r
 *(.gnu.version_r)

.rel.init
 *(.rel.init)

.rela.init
 *(.rela.init)

.rel.text
 *(.rel.text)
 *(.rel.text.*)
 *(.rel.gnu.linkonce.t*)

.rela.text
 *(.rela.text)
 *(.rela.text.*)
 *(.rela.gnu.linkonce.t*)

.rel.fini
 *(.rel.fini)

.rela.fini
 *(.rela.fini)

.rel.rodata
 *(.rel.rodata)
 *(.rel.rodata.*)
 *(.rel.gnu.linkonce.r*)

.rela.rodata
 *(.rela.rodata)
 *(.rela.rodata.*)
 *(.rela.gnu.linkonce.r*)

.rel.data
 *(.rel.data)
 *(.rel.data.*)
 *(.rel.gnu.linkonce.d*)

.rela.data
 *(.rela.data)
 *(.rela.data.*)
 *(.rela.gnu.linkonce.d*)

.rel.ctors
 *(.rel.ctors)

.rela.ctors
 *(.rela.ctors)

.rel.dtors
 *(.rel.dtors)

.rela.dtors
 *(.rela.dtors)

.rel.got
 *(.rel.got)

.rela.got
 *(.rela.got)

.rel.bss
 *(.rel.bss)

.rela.bss
 *(.rela.bss)

.rel.plt
 *(.rel.plt)

.rela.plt
 *(.rela.plt)

.text           0x00000000     0x4500
 *(.vectors)
 .vectors       0x00000000       0xac C:/Program Files (x86)/Atmel/Studio/7.0/Packs/atmel/ATmega_DFP/1.2.209/gcc/dev/atmega32u4/avr5/crtatmega32u4.o
                0x00000000                __vector_default
                0x00000000                __vectors
 *(.vectors)
 *(.progmem.gcc*)
 .progmem.gcc_sw_table.analogWrite
                0x000000ac       0x1e C:\Users\AsusPro\OneDrive\COMMON~1\ARDUIN~1\SOURCE~1\ATMELS~1\ARDUIN~1\ARDUIN~1\ARDUIN~1\Debug\libArduinoCore.a(wiring_analog.o)
 .progmem.gcc_sw_table.turnOffPWM
                0x000000ca       0x1e C:\Users\AsusPro\OneDrive\COMMON~1\ARDUIN~1\SOURCE~1\ATMELS~1\ARDUIN~1\ARDUIN~1\ARDUIN~1\Debug\libArduinoCore.a(wiring_digital.o)
                0x000000e8                . = ALIGN (0x2)
                0x000000e8                __trampolines_start = .
 *(.trampolines)
 .trampolines   0x000000e8        0x0 linker stubs
 *(.trampolines*)
                0x000000e8                __trampolines_end = .
 *libprintf_flt.a:*(.progmem.data)
 *libc.a:*(.progmem.data)
 *(.progmem*)
 .progmem.data._cdcInterface
                0x000000e8       0x42 C:\Users\AsusPro\OneDrive\COMMON~1\ARDUIN~1\SOURCE~1\ATMELS~1\ARDUIN~1\ARDUIN~1\ARDUIN~1\Debug\libArduinoCore.a(CDC.o)
                0x000000e8                _cdcInterface
 .progmem.data._ZL21tone_pin_to_timer_PGM
                0x0000012a        0x1 C:\Users\AsusPro\OneDrive\COMMON~1\ARDUIN~1\SOURCE~1\ATMELS~1\ARDUIN~1\ARDUIN~1\ARDUIN~1\Debug\libArduinoCore.a(Tone.o)
 .progmem.data.USB_DeviceDescriptorIAD
                0x0000012b       0x12 C:\Users\AsusPro\OneDrive\COMMON~1\ARDUIN~1\SOURCE~1\ATMELS~1\ARDUIN~1\ARDUIN~1\ARDUIN~1\Debug\libArduinoCore.a(USBCore.o)
                0x0000012b                USB_DeviceDescriptorIAD
 .progmem.data.STRING_MANUFACTURER
                0x0000013d        0xc C:\Users\AsusPro\OneDrive\COMMON~1\ARDUIN~1\SOURCE~1\ATMELS~1\ARDUIN~1\ARDUIN~1\ARDUIN~1\Debug\libArduinoCore.a(USBCore.o)
                0x0000013d                STRING_MANUFACTURER
 .progmem.data.STRING_PRODUCT
                0x00000149       0x11 C:\Users\AsusPro\OneDrive\COMMON~1\ARDUIN~1\SOURCE~1\ATMELS~1\ARDUIN~1\ARDUIN~1\ARDUIN~1\Debug\libArduinoCore.a(USBCore.o)
                0x00000149                STRING_PRODUCT
 .progmem.data.STRING_LANGUAGE
                0x0000015a        0x4 C:\Users\AsusPro\OneDrive\COMMON~1\ARDUIN~1\SOURCE~1\ATMELS~1\ARDUIN~1\ARDUIN~1\ARDUIN~1\Debug\libArduinoCore.a(USBCore.o)
                0x0000015a                STRING_LANGUAGE
 .progmem.data.analog_pin_to_channel_PGM
                0x0000015e        0xc C:\Users\AsusPro\OneDrive\COMMON~1\ARDUIN~1\SOURCE~1\ATMELS~1\ARDUIN~1\ARDUIN~1\ARDUIN~1\Debug\libArduinoCore.a(wiring_digital.o)
                0x0000015e                analog_pin_to_channel_PGM
 .progmem.data.digital_pin_to_timer_PGM
                0x0000016a       0x1f C:\Users\AsusPro\OneDrive\COMMON~1\ARDUIN~1\SOURCE~1\ATMELS~1\ARDUIN~1\ARDUIN~1\ARDUIN~1\Debug\libArduinoCore.a(wiring_digital.o)
                0x0000016a                digital_pin_to_timer_PGM
 .progmem.data.digital_pin_to_bit_mask_PGM
                0x00000189       0x1f C:\Users\AsusPro\OneDrive\COMMON~1\ARDUIN~1\SOURCE~1\ATMELS~1\ARDUIN~1\ARDUIN~1\ARDUIN~1\Debug\libArduinoCore.a(wiring_digital.o)
                0x00000189                digital_pin_to_bit_mask_PGM
 .progmem.data.digital_pin_to_port_PGM
                0x000001a8       0x1f C:\Users\AsusPro\OneDrive\COMMON~1\ARDUIN~1\SOURCE~1\ATMELS~1\ARDUIN~1\ARDUIN~1\ARDUIN~1\Debug\libArduinoCore.a(wiring_digital.o)
                0x000001a8                digital_pin_to_port_PGM
 .progmem.data.port_to_input_PGM
                0x000001c7        0xe C:\Users\AsusPro\OneDrive\COMMON~1\ARDUIN~1\SOURCE~1\ATMELS~1\ARDUIN~1\ARDUIN~1\ARDUIN~1\Debug\libArduinoCore.a(wiring_digital.o)
                0x000001c7                port_to_input_PGM
 .progmem.data.port_to_output_PGM
                0x000001d5        0xe C:\Users\AsusPro\OneDrive\COMMON~1\ARDUIN~1\SOURCE~1\ATMELS~1\ARDUIN~1\ARDUIN~1\ARDUIN~1\Debug\libArduinoCore.a(wiring_digital.o)
                0x000001d5                port_to_output_PGM
 .progmem.data.port_to_mode_PGM
                0x000001e3        0xe C:\Users\AsusPro\OneDrive\COMMON~1\ARDUIN~1\SOURCE~1\ATMELS~1\ARDUIN~1\ARDUIN~1\ARDUIN~1\Debug\libArduinoCore.a(wiring_digital.o)
                0x000001e3                port_to_mode_PGM
                0x000001f2                . = ALIGN (0x2)
 *fill*         0x000001f1        0x1 
 *(.jumptables)
 *(.jumptables*)
 *(.lowtext)
 *(.lowtext*)
                0x000001f2                __ctors_start = .
 *(.ctors)
 .ctors         0x000001f2        0x2 A32u4/Serial.o
 .ctors         0x000001f4        0x2 src/libraries/Wire/src/Wire.o
 .ctors         0x000001f6        0x2 C:\Users\AsusPro\OneDrive\COMMON~1\ARDUIN~1\SOURCE~1\ATMELS~1\ARDUIN~1\ARDUIN~1\ARDUIN~1\Debug\libArduinoCore.a(CDC.o)
                0x000001f8                __ctors_end = .
                0x000001f8                __dtors_start = .
 *(.dtors)
 .dtors         0x000001f8        0x2 A32u4/Serial.o
                0x000001fa                __dtors_end = .
 SORT(*)(.ctors)
 SORT(*)(.dtors)
 *(.init0)
 .init0         0x000001fa        0x0 C:/Program Files (x86)/Atmel/Studio/7.0/Packs/atmel/ATmega_DFP/1.2.209/gcc/dev/atmega32u4/avr5/crtatmega32u4.o
                0x000001fa                __init
 *(.init0)
 *(.init1)
 *(.init1)
 *(.init2)
 .init2         0x000001fa        0xc C:/Program Files (x86)/Atmel/Studio/7.0/Packs/atmel/ATmega_DFP/1.2.209/gcc/dev/atmega32u4/avr5/crtatmega32u4.o
 *(.init2)
 *(.init3)
 *(.init3)
 *(.init4)
 .init4         0x00000206       0x16 c:/program files (x86)/atmel/studio/7.0/toolchain/avr8/avr8-gnu-toolchain/bin/../lib/gcc/avr/5.4.0/avr5\libgcc.a(_copy_data.o)
                0x00000206                __do_copy_data
 .init4         0x0000021c       0x10 c:/program files (x86)/atmel/studio/7.0/toolchain/avr8/avr8-gnu-toolchain/bin/../lib/gcc/avr/5.4.0/avr5\libgcc.a(_clear_bss.o)
                0x0000021c                __do_clear_bss
 *(.init4)
 *(.init5)
 *(.init5)
 *(.init6)
 .init6         0x0000022c       0x16 c:/program files (x86)/atmel/studio/7.0/toolchain/avr8/avr8-gnu-toolchain/bin/../lib/gcc/avr/5.4.0/avr5\libgcc.a(_ctors.o)
                0x0000022c                __do_global_ctors
 *(.init6)
 *(.init7)
 *(.init7)
 *(.init8)
 *(.init8)
 *(.init9)
 .init9         0x00000242        0x8 C:/Program Files (x86)/Atmel/Studio/7.0/Packs/atmel/ATmega_DFP/1.2.209/gcc/dev/atmega32u4/avr5/crtatmega32u4.o
 *(.init9)
 *(.text)
 .text          0x0000024a        0x4 C:/Program Files (x86)/Atmel/Studio/7.0/Packs/atmel/ATmega_DFP/1.2.209/gcc/dev/atmega32u4/avr5/crtatmega32u4.o
                0x0000024a                __vector_38
                0x0000024a                __vector_22
                0x0000024a                __vector_28
                0x0000024a                __vector_34
                0x0000024a                __vector_24
                0x0000024a                __vector_12
                0x0000024a                __bad_interrupt
                0x0000024a                __vector_6
                0x0000024a                __vector_31
                0x0000024a                __vector_35
                0x0000024a                __vector_39
                0x0000024a                __vector_30
                0x0000024a                __vector_25
                0x0000024a                __vector_13
                0x0000024a                __vector_17
                0x0000024a                __vector_19
                0x0000024a                __vector_41
                0x0000024a                __vector_27
                0x0000024a                __vector_5
                0x0000024a                __vector_33
                0x0000024a                __vector_37
                0x0000024a                __vector_21
                0x0000024a                __vector_15
                0x0000024a                __vector_29
                0x0000024a                __vector_40
                0x0000024a                __vector_8
                0x0000024a                __vector_26
                0x0000024a                __vector_14
                0x0000024a                __vector_16
                0x0000024a                __vector_18
                0x0000024a                __vector_20
                0x0000024a                __vector_42
 .text          0x0000024e       0x8a C:\Users\AsusPro\OneDrive\COMMON~1\ARDUIN~1\SOURCE~1\ATMELS~1\ARDUIN~1\ARDUIN~1\ARDUIN~1\Debug\libArduinoCore.a(wiring_pulse.o)
                0x0000024e                countPulseASM
                0x000002d8                . = ALIGN (0x2)
 *(.text.*)
 .text._Z7_noTonev
                0x000002d8        0x8 A32u4/AdvIO.o
                0x000002d8                _Z7_noTonev
 .text._Z9_shiftOutv
                0x000002e0       0x10 A32u4/AdvIO.o
                0x000002e0                _Z9_shiftOutv
 .text._Z5_tonev
                0x000002f0       0x14 A32u4/AdvIO.o
                0x000002f0                _Z5_tonev
 .text._Z6_tone1v
                0x00000304       0x1a A32u4/AdvIO.o
                0x00000304                _Z6_tone1v
 .text._Z8_pulseInv
                0x0000031e       0x34 A32u4/AdvIO.o
                0x0000031e                _Z8_pulseInv
 .text._Z12_pulseInLongv
                0x00000352       0x4e A32u4/AdvIO.o
                0x00000352                _Z12_pulseInLongv
 .text._Z8_shiftInv
                0x000003a0       0x22 A32u4/AdvIO.o
                0x000003a0                _Z8_shiftInv
 .text._Z7Versionv
                0x000003c2       0x28 A32u4/AdvIO.o
                0x000003c2                _Z7Versionv
 .text._Z11SendingDatav
                0x000003ea       0x16 A32u4/Common.o
                0x000003ea                _Z11SendingDatav
 .text._Z12SendingArrayh
                0x00000400       0x4c A32u4/Common.o
                0x00000400                _Z12SendingArrayh
 .text._Z13ReceivingDatav
                0x0000044c       0xe2 A32u4/Common.o
                0x0000044c                _Z13ReceivingDatav
 .text._ZN8SPIClass8transferEh
                0x0000052e        0xe A32u4/ESP8266int.o
                0x0000052e                _ZN8SPIClass8transferEh
 .text._ZN6ESPCOM9BEGIN8266Ev
                0x0000053c       0x52 A32u4/ESP8266int.o
                0x0000053c                _ZN6ESPCOM9BEGIN8266Ev
 .text._ZN6ESPCOM10WRITE4BYTEEv
                0x0000058e       0x48 A32u4/ESP8266int.o
                0x0000058e                _ZN6ESPCOM10WRITE4BYTEEv
 .text._ZN6ESPCOM9READ4BYTEEv
                0x000005d6       0x54 A32u4/ESP8266int.o
                0x000005d6                _ZN6ESPCOM9READ4BYTEEv
 .text._Z9Read4bytev
                0x0000062a        0x8 A32u4/ESP8266int.o
                0x0000062a                _Z9Read4bytev
 .text._Z10Write4bytev
                0x00000632        0x8 A32u4/ESP8266int.o
                0x00000632                _Z10Write4bytev
 .text._Z9Begin8266v
                0x0000063a        0x8 A32u4/ESP8266int.o
                0x0000063a                _Z9Begin8266v
 .text._ZN6ESPCOM11WRITE32BYTEEv
                0x00000642       0x60 A32u4/ESP8266int.o
                0x00000642                _ZN6ESPCOM11WRITE32BYTEEv
 .text._Z11Write32bytev
                0x000006a2        0x8 A32u4/ESP8266int.o
                0x000006a2                _Z11Write32bytev
 .text._ZN6ESPCOM10READ32BYTEEv
                0x000006aa       0x80 A32u4/ESP8266int.o
                0x000006aa                _ZN6ESPCOM10READ32BYTEEv
 .text._Z10Read32bytev
                0x0000072a        0x8 A32u4/ESP8266int.o
                0x0000072a                _Z10Read32bytev
 .text._Z7PinModev
                0x00000732        0xc A32u4/Gpio.o
                0x00000732                _Z7PinModev
 .text._Z6IOReadv
                0x0000073e       0x10 A32u4/Gpio.o
                0x0000073e                _Z6IOReadv
 .text._Z7IOWritev
                0x0000074e        0xc A32u4/Gpio.o
                0x0000074e                _Z7IOWritev
 .text._Z10AnalogReadv
                0x0000075a       0x10 A32u4/Gpio.o
                0x0000075a                _Z10AnalogReadv
 .text._Z11AnalogWritev
                0x0000076a        0xe A32u4/Gpio.o
                0x0000076a                _Z11AnalogWritev
 .text._Z6Randomv
                0x00000778       0x2c A32u4/Gpio.o
                0x00000778                _Z6Randomv
 .text._Z11Handshakingv
                0x000007a4       0x1c A32u4/Gpio.o
                0x000007a4                _Z11Handshakingv
 .text._Z10Int_Actionv
                0x000007c0       0x14 A32u4/Interrup.o
                0x000007c0                _Z10Int_Actionv
 .text._Z12NoInterruptsv
                0x000007d4        0xc A32u4/Interrup.o
                0x000007d4                _Z12NoInterruptsv
 .text._Z9IntEnablev
                0x000007e0        0xe A32u4/Interrup.o
                0x000007e0                _Z9IntEnablev
 .text._Z15AttachInterruptv
                0x000007ee       0x16 A32u4/Interrup.o
                0x000007ee                _Z15AttachInterruptv
 .text._Z11EEPROMWRITEv
                0x00000804        0xe A32u4/SEEPROM.o
                0x00000804                _Z11EEPROMWRITEv
 .text._Z13REGISTERWRITEv
                0x00000812       0x54 A32u4/SEEPROM.o
                0x00000812                _Z13REGISTERWRITEv
 .text._Z10EEPROMREADv
                0x00000866       0x20 A32u4/SEEPROM.o
                0x00000866                _Z10EEPROMREADv
 .text._Z12REGISTERREADv
                0x00000886       0x52 A32u4/SEEPROM.o
                0x00000886                _Z12REGISTERREADv
 .text._Z7S_BEGINv
                0x000008d8       0x22 A32u4/Serial.o
                0x000008d8                _Z7S_BEGINv
 .text._Z5S_ENDv
                0x000008fa        0x8 A32u4/Serial.o
                0x000008fa                _Z5S_ENDv
 .text._Z10S_READBYTEv
                0x00000902       0x50 A32u4/Serial.o
                0x00000902                _Z10S_READBYTEv
 .text.startup._GLOBAL__sub_I_MySerial
                0x00000952        0xe A32u4/Serial.o
 .text.exit._GLOBAL__sub_D_MySerial
                0x00000960        0x8 A32u4/Serial.o
 .text._Z19S_AVAILABLEFORWRITEv
                0x00000968       0x14 A32u4/Serial.o
                0x00000968                _Z19S_AVAILABLEFORWRITEv
 .text._Z7S_WRITEv
                0x0000097c       0x1c A32u4/Serial.o
                0x0000097c                _Z7S_WRITEv
 .text._Z11S_AVAILABLEv
                0x00000998       0x1c A32u4/Serial.o
                0x00000998                _Z11S_AVAILABLEv
 .text._Z7S_FLUSHv
                0x000009b4        0x8 A32u4/Serial.o
                0x000009b4                _Z7S_FLUSHv
 .text._Z6S_PEEKv
                0x000009bc       0x10 A32u4/Serial.o
                0x000009bc                _Z6S_PEEKv
 .text._Z7S_PRINTv
                0x000009cc       0x8a A32u4/Serial.o
                0x000009cc                _Z7S_PRINTv
 .text._Z6S_READv
                0x00000a56       0x10 A32u4/Serial.o
                0x00000a56                _Z6S_READv
 .text.setup    0x00000a66       0x10 A32u4/Sketch.o
                0x00000a66                setup
 .text.loop     0x00000a76       0x30 A32u4/Sketch.o
                0x00000a76                loop
 .text._Z18S_beginTransactionv
                0x00000aa6       0x9a A32u4/SSip.o
                0x00000aa6                _Z18S_beginTransactionv
 .text._Z13S_transferbufv
                0x00000b40       0x3e A32u4/SSip.o
                0x00000b40                _Z13S_transferbufv
 .text._Z16S_endTransactionv
                0x00000b7e       0x22 A32u4/SSip.o
                0x00000b7e                _Z16S_endTransactionv
 .text._Z5S_endv
                0x00000ba0        0x4 A32u4/SSip.o
                0x00000ba0                _Z5S_endv
 .text._Z13S_setBitOrderv
                0x00000ba4       0x16 A32u4/SSip.o
                0x00000ba4                _Z13S_setBitOrderv
 .text._Z13S_setDataModev
                0x00000bba        0xe A32u4/SSip.o
                0x00000bba                _Z13S_setDataModev
 .text._Z17S_setClockDividerv
                0x00000bc8       0x22 A32u4/SSip.o
                0x00000bc8                _Z17S_setClockDividerv
 .text._Z7S_beginv
                0x00000bea       0x1a A32u4/SSip.o
                0x00000bea                _Z7S_beginv
 .text._Z10S_transferv
                0x00000c04       0x24 A32u4/SSip.o
                0x00000c04                _Z10S_transferv
 .text._Z8_delaymsv
                0x00000c28       0x24 A32u4/Time.o
                0x00000c28                _Z8_delaymsv
 .text._Z7_microsv
                0x00000c4c       0x24 A32u4/Time.o
                0x00000c4c                _Z7_microsv
 .text._Z7_millisv
                0x00000c70       0x24 A32u4/Time.o
                0x00000c70                _Z7_millisv
 .text._Z6_getIDv
                0x00000c94       0x28 A32u4/Time.o
                0x00000c94                _Z6_getIDv
 .text._Z12requestEventv
                0x00000cbc        0xc A32u4/WWire.o
                0x00000cbc                _Z12requestEventv
 .text._Z12receiveEventi
                0x00000cc8        0xe A32u4/WWire.o
                0x00000cc8                _Z12receiveEventi
 .text._Z5W_endv
                0x00000cd6       0x14 A32u4/WWire.o
                0x00000cd6                _Z5W_endv
 .text._Z10W_SetClockv
                0x00000cea       0x18 A32u4/WWire.o
                0x00000cea                _Z10W_SetClockv
 .text._Z19W_beginTransmissionv
                0x00000d02       0x2e A32u4/WWire.o
                0x00000d02                _Z19W_beginTransmissionv
 .text._Z11WWinstallerv
                0x00000d30       0x18 A32u4/WWire.o
                0x00000d30                _Z11WWinstallerv
 .text._Z7W_beginv
                0x00000d48       0x40 A32u4/WWire.o
                0x00000d48                _Z7W_beginv
 .text._Z17W_endTransmissionv
                0x00000d88       0x2a A32u4/WWire.o
                0x00000d88                _Z17W_endTransmissionv
 .text._Z13W_requestFromv
                0x00000db2       0x9a A32u4/WWire.o
                0x00000db2                _Z13W_requestFromv
 .text._Z14W_requestFrom1v
                0x00000e4c       0x48 A32u4/WWire.o
                0x00000e4c                _Z14W_requestFrom1v
 .text._Z11W_availablev
                0x00000e94       0x1c A32u4/WWire.o
                0x00000e94                _Z11W_availablev
 .text._Z6W_readv
                0x00000eb0       0x1c A32u4/WWire.o
                0x00000eb0                _Z6W_readv
 .text._Z6W_peekv
                0x00000ecc        0x8 A32u4/WWire.o
                0x00000ecc                _Z6W_peekv
 .text._Z7W_flushv
                0x00000ed4        0x8 A32u4/WWire.o
                0x00000ed4                _Z7W_flushv
 .text._Z7W_writev
                0x00000edc       0x9e A32u4/WWire.o
                0x00000edc                _Z7W_writev
 .text._ZN8SPIClass5beginEv
                0x00000f7a       0x6c src/libraries/SPI/src/SPI.o
                0x00000f7a                _ZN8SPIClass5beginEv
 .text._ZN8SPIClass3endEv
                0x00000fe6       0x28 src/libraries/SPI/src/SPI.o
                0x00000fe6                _ZN8SPIClass3endEv
 .text.twi_init
                0x0000100e       0x3c src/libraries/Wire/src/utility/twi.o
                0x0000100e                twi_init
 .text.twi_disable
                0x0000104a       0x1a src/libraries/Wire/src/utility/twi.o
                0x0000104a                twi_disable
 .text.twi_setAddress
                0x00001064        0x8 src/libraries/Wire/src/utility/twi.o
                0x00001064                twi_setAddress
 .text.twi_setFrequency
                0x0000106c       0x28 src/libraries/Wire/src/utility/twi.o
                0x0000106c                twi_setFrequency
 .text.twi_readFrom
                0x00001094       0x90 src/libraries/Wire/src/utility/twi.o
                0x00001094                twi_readFrom
 .text.twi_writeTo
                0x00001124       0xac src/libraries/Wire/src/utility/twi.o
                0x00001124                twi_writeTo
 .text.twi_transmit
                0x000011d0       0x50 src/libraries/Wire/src/utility/twi.o
                0x000011d0                twi_transmit
 .text.twi_attachSlaveRxEvent
                0x00001220        0xa src/libraries/Wire/src/utility/twi.o
                0x00001220                twi_attachSlaveRxEvent
 .text.twi_attachSlaveTxEvent
                0x0000122a        0xa src/libraries/Wire/src/utility/twi.o
                0x0000122a                twi_attachSlaveTxEvent
 .text.twi_stop
                0x00001234       0x14 src/libraries/Wire/src/utility/twi.o
                0x00001234                twi_stop
 .text.twi_releaseBus
                0x00001248        0xc src/libraries/Wire/src/utility/twi.o
                0x00001248                twi_releaseBus
 .text.__vector_36
                0x00001254      0x25a src/libraries/Wire/src/utility/twi.o
                0x00001254                __vector_36
 .text._ZN5Print17availableForWriteEv
                0x000014ae        0x6 src/libraries/Wire/src/Wire.o
                0x000014ae                _ZN5Print17availableForWriteEv
 .text._ZN7TwoWire9availableEv
                0x000014b4       0x10 src/libraries/Wire/src/Wire.o
                0x000014b4                _ZN7TwoWire9availableEv
 .text._ZN7TwoWire4readEv
                0x000014c4       0x28 src/libraries/Wire/src/Wire.o
                0x000014c4                _ZN7TwoWire4readEv
 .text._ZN7TwoWire4peekEv
                0x000014ec       0x1e src/libraries/Wire/src/Wire.o
                0x000014ec                _ZN7TwoWire4peekEv
 .text._ZN7TwoWire5flushEv
                0x0000150a        0x2 src/libraries/Wire/src/Wire.o
                0x0000150a                _ZN7TwoWire5flushEv
 .text._ZN7TwoWire16onReceiveServiceEPhi
                0x0000150c       0x54 src/libraries/Wire/src/Wire.o
                0x0000150c                _ZN7TwoWire16onReceiveServiceEPhi
 .text._ZN7TwoWire16onRequestServiceEv
                0x00001560       0x18 src/libraries/Wire/src/Wire.o
                0x00001560                _ZN7TwoWire16onRequestServiceEv
 .text._ZN7TwoWire5writeEPKhj
                0x00001578       0x5a src/libraries/Wire/src/Wire.o
                0x00001578                _ZN7TwoWire5writeEPKhj
 .text._ZN7TwoWire5writeEh
                0x000015d2       0x5e src/libraries/Wire/src/Wire.o
                0x000015d2                _ZN7TwoWire5writeEh
 .text._ZN7TwoWireC2Ev
                0x00001630       0x20 src/libraries/Wire/src/Wire.o
                0x00001630                _ZN7TwoWireC1Ev
                0x00001630                _ZN7TwoWireC2Ev
 .text._ZN7TwoWire5beginEv
                0x00001650       0x14 src/libraries/Wire/src/Wire.o
                0x00001650                _ZN7TwoWire5beginEv
 .text._ZN7TwoWire5beginEh
                0x00001664       0x26 src/libraries/Wire/src/Wire.o
                0x00001664                _ZN7TwoWire5beginEh
 .text._ZN7TwoWire5beginEi
                0x0000168a        0x4 src/libraries/Wire/src/Wire.o
                0x0000168a                _ZN7TwoWire5beginEi
 .text._ZN7TwoWire3endEv
                0x0000168e        0x4 src/libraries/Wire/src/Wire.o
                0x0000168e                _ZN7TwoWire3endEv
 .text._ZN7TwoWire8setClockEm
                0x00001692        0x8 src/libraries/Wire/src/Wire.o
                0x00001692                _ZN7TwoWire8setClockEm
 .text._ZN7TwoWire17beginTransmissionEh
                0x0000169a       0x14 src/libraries/Wire/src/Wire.o
                0x0000169a                _ZN7TwoWire17beginTransmissionEh
 .text._ZN7TwoWire17beginTransmissionEi
                0x000016ae        0x4 src/libraries/Wire/src/Wire.o
                0x000016ae                _ZN7TwoWire17beginTransmissionEi
 .text._ZN7TwoWire15endTransmissionEh
                0x000016b2       0x26 src/libraries/Wire/src/Wire.o
                0x000016b2                _ZN7TwoWire15endTransmissionEh
 .text._ZN7TwoWire11requestFromEhhmhh
                0x000016d8       0xa8 src/libraries/Wire/src/Wire.o
                0x000016d8                _ZN7TwoWire11requestFromEhhmhh
 .text._ZN7TwoWire11requestFromEhhh
                0x00001780       0x20 src/libraries/Wire/src/Wire.o
                0x00001780                _ZN7TwoWire11requestFromEhhh
 .text._ZN7TwoWire11requestFromEhh
                0x000017a0        0x6 src/libraries/Wire/src/Wire.o
                0x000017a0                _ZN7TwoWire11requestFromEhh
 .text._ZN7TwoWire11requestFromEii
                0x000017a6        0x6 src/libraries/Wire/src/Wire.o
                0x000017a6                _ZN7TwoWire11requestFromEii
 .text._ZN7TwoWire11requestFromEiii
                0x000017ac        0x4 src/libraries/Wire/src/Wire.o
                0x000017ac                _ZN7TwoWire11requestFromEiii
 .text._ZN7TwoWire15endTransmissionEv
                0x000017b0        0x6 src/libraries/Wire/src/Wire.o
                0x000017b0                _ZN7TwoWire15endTransmissionEv
 .text._ZN7TwoWire9onReceiveEPFviE
                0x000017b6        0xa src/libraries/Wire/src/Wire.o
                0x000017b6                _ZN7TwoWire9onReceiveEPFviE
 .text._ZN7TwoWire9onRequestEPFvvE
                0x000017c0        0xa src/libraries/Wire/src/Wire.o
                0x000017c0                _ZN7TwoWire9onRequestEPFvvE
 .text.startup._GLOBAL__sub_I__ZN7TwoWire8rxBufferE
                0x000017ca        0x8 src/libraries/Wire/src/Wire.o
 .text._ZN7Serial_5writeEh
                0x000017d2       0x2c C:\Users\AsusPro\OneDrive\COMMON~1\ARDUIN~1\SOURCE~1\ATMELS~1\ARDUIN~1\ARDUIN~1\ARDUIN~1\Debug\libArduinoCore.a(CDC.o)
                0x000017d2                _ZN7Serial_5writeEh
 .text._ZN7Serial_4peekEv
                0x000017fe       0x22 C:\Users\AsusPro\OneDrive\COMMON~1\ARDUIN~1\SOURCE~1\ATMELS~1\ARDUIN~1\ARDUIN~1\ARDUIN~1\Debug\libArduinoCore.a(CDC.o)
                0x000017fe                _ZN7Serial_4peekEv
 .text._ZN7Serial_17availableForWriteEv
                0x00001820        0xa C:\Users\AsusPro\OneDrive\COMMON~1\ARDUIN~1\SOURCE~1\ATMELS~1\ARDUIN~1\ARDUIN~1\ARDUIN~1\Debug\libArduinoCore.a(CDC.o)
                0x00001820                _ZN7Serial_17availableForWriteEv
 .text._ZN7Serial_5flushEv
                0x0000182a        0x6 C:\Users\AsusPro\OneDrive\COMMON~1\ARDUIN~1\SOURCE~1\ATMELS~1\ARDUIN~1\ARDUIN~1\ARDUIN~1\Debug\libArduinoCore.a(CDC.o)
                0x0000182a                _ZN7Serial_5flushEv
 .text._ZN7Serial_9availableEv
                0x00001830       0x20 C:\Users\AsusPro\OneDrive\COMMON~1\ARDUIN~1\SOURCE~1\ATMELS~1\ARDUIN~1\ARDUIN~1\ARDUIN~1\Debug\libArduinoCore.a(CDC.o)
                0x00001830                _ZN7Serial_9availableEv
 .text._ZN7Serial_4readEv
                0x00001850       0x1a C:\Users\AsusPro\OneDrive\COMMON~1\ARDUIN~1\SOURCE~1\ATMELS~1\ARDUIN~1\ARDUIN~1\ARDUIN~1\Debug\libArduinoCore.a(CDC.o)
                0x00001850                _ZN7Serial_4readEv
 .text._ZN7Serial_5writeEPKhj
                0x0000186a       0x2c C:\Users\AsusPro\OneDrive\COMMON~1\ARDUIN~1\SOURCE~1\ATMELS~1\ARDUIN~1\ARDUIN~1\ARDUIN~1\Debug\libArduinoCore.a(CDC.o)
                0x0000186a                _ZN7Serial_5writeEPKhj
 .text._Z16CDC_GetInterfacePh
                0x00001896       0x16 C:\Users\AsusPro\OneDrive\COMMON~1\ARDUIN~1\SOURCE~1\ATMELS~1\ARDUIN~1\ARDUIN~1\ARDUIN~1\Debug\libArduinoCore.a(CDC.o)
                0x00001896                _Z16CDC_GetInterfacePh
 .text._Z9CDC_SetupR8USBSetup
                0x000018ac      0x104 C:\Users\AsusPro\OneDrive\COMMON~1\ARDUIN~1\SOURCE~1\ATMELS~1\ARDUIN~1\ARDUIN~1\ARDUIN~1\Debug\libArduinoCore.a(CDC.o)
                0x000018ac                _Z9CDC_SetupR8USBSetup
 .text._ZN7Serial_5beginEm
                0x000019b0        0xc C:\Users\AsusPro\OneDrive\COMMON~1\ARDUIN~1\SOURCE~1\ATMELS~1\ARDUIN~1\ARDUIN~1\ARDUIN~1\Debug\libArduinoCore.a(CDC.o)
                0x000019b0                _ZN7Serial_5beginEm
 .text.startup._GLOBAL__sub_I__updatedLUFAbootloader
                0x000019bc       0x2a C:\Users\AsusPro\OneDrive\COMMON~1\ARDUIN~1\SOURCE~1\ATMELS~1\ARDUIN~1\ARDUIN~1\ARDUIN~1\Debug\libArduinoCore.a(CDC.o)
 .text.initVariant
                0x000019e6        0x2 C:\Users\AsusPro\OneDrive\COMMON~1\ARDUIN~1\SOURCE~1\ATMELS~1\ARDUIN~1\ARDUIN~1\ARDUIN~1\Debug\libArduinoCore.a(main.o)
                0x000019e6                initVariant
 .text.startup.main
                0x000019e8       0x26 C:\Users\AsusPro\OneDrive\COMMON~1\ARDUIN~1\SOURCE~1\ATMELS~1\ARDUIN~1\ARDUIN~1\ARDUIN~1\Debug\libArduinoCore.a(main.o)
                0x000019e8                main
 .text._ZN5Print5writeEPKhj
                0x00001a0e       0x54 C:\Users\AsusPro\OneDrive\COMMON~1\ARDUIN~1\SOURCE~1\ATMELS~1\ARDUIN~1\ARDUIN~1\ARDUIN~1\Debug\libArduinoCore.a(Print.o)
                0x00001a0e                _ZN5Print5writeEPKhj
 .text._ZN5Print5writeEPKc
                0x00001a62       0x2a C:\Users\AsusPro\OneDrive\COMMON~1\ARDUIN~1\SOURCE~1\ATMELS~1\ARDUIN~1\ARDUIN~1\ARDUIN~1\Debug\libArduinoCore.a(Print.o)
                0x00001a62                _ZN5Print5writeEPKc
 .text._ZN5Print5printEc
                0x00001a8c        0xe C:\Users\AsusPro\OneDrive\COMMON~1\ARDUIN~1\SOURCE~1\ATMELS~1\ARDUIN~1\ARDUIN~1\ARDUIN~1\Debug\libArduinoCore.a(Print.o)
                0x00001a8c                _ZN5Print5printEc
 .text._ZN5Print7printlnEv
                0x00001a9a        0x8 C:\Users\AsusPro\OneDrive\COMMON~1\ARDUIN~1\SOURCE~1\ATMELS~1\ARDUIN~1\ARDUIN~1\ARDUIN~1\Debug\libArduinoCore.a(Print.o)
                0x00001a9a                _ZN5Print7printlnEv
 .text._ZN5Print11printNumberEmh
                0x00001aa2       0x92 C:\Users\AsusPro\OneDrive\COMMON~1\ARDUIN~1\SOURCE~1\ATMELS~1\ARDUIN~1\ARDUIN~1\ARDUIN~1\Debug\libArduinoCore.a(Print.o)
                0x00001aa2                _ZN5Print11printNumberEmh
 .text._ZN5Print5printEmi
                0x00001b34       0x1a C:\Users\AsusPro\OneDrive\COMMON~1\ARDUIN~1\SOURCE~1\ATMELS~1\ARDUIN~1\ARDUIN~1\ARDUIN~1\Debug\libArduinoCore.a(Print.o)
                0x00001b34                _ZN5Print5printEmi
 .text._ZN5Print5printEji
                0x00001b4e        0xc C:\Users\AsusPro\OneDrive\COMMON~1\ARDUIN~1\SOURCE~1\ATMELS~1\ARDUIN~1\ARDUIN~1\ARDUIN~1\Debug\libArduinoCore.a(Print.o)
                0x00001b4e                _ZN5Print5printEji
 .text._ZN5Print7printlnEmi
                0x00001b5a       0x24 C:\Users\AsusPro\OneDrive\COMMON~1\ARDUIN~1\SOURCE~1\ATMELS~1\ARDUIN~1\ARDUIN~1\ARDUIN~1\Debug\libArduinoCore.a(Print.o)
                0x00001b5a                _ZN5Print7printlnEmi
 .text._ZN5Print10printFloatEdh
                0x00001b7e      0x1b6 C:\Users\AsusPro\OneDrive\COMMON~1\ARDUIN~1\SOURCE~1\ATMELS~1\ARDUIN~1\ARDUIN~1\ARDUIN~1\Debug\libArduinoCore.a(Print.o)
                0x00001b7e                _ZN5Print10printFloatEdh
 .text._ZN5Print5printEdi
                0x00001d34        0x4 C:\Users\AsusPro\OneDrive\COMMON~1\ARDUIN~1\SOURCE~1\ATMELS~1\ARDUIN~1\ARDUIN~1\ARDUIN~1\Debug\libArduinoCore.a(Print.o)
                0x00001d34                _ZN5Print5printEdi
 .text._ZN6Stream9timedReadEv
                0x00001d38       0x60 C:\Users\AsusPro\OneDrive\COMMON~1\ARDUIN~1\SOURCE~1\ATMELS~1\ARDUIN~1\ARDUIN~1\ARDUIN~1\Debug\libArduinoCore.a(Stream.o)
                0x00001d38                _ZN6Stream9timedReadEv
 .text._ZN6Stream9readBytesEPcj
                0x00001d98       0x4a C:\Users\AsusPro\OneDrive\COMMON~1\ARDUIN~1\SOURCE~1\ATMELS~1\ARDUIN~1\ARDUIN~1\ARDUIN~1\Debug\libArduinoCore.a(Stream.o)
                0x00001d98                _ZN6Stream9readBytesEPcj
 .text._Z4tonehjm
                0x00001de2      0x5ba C:\Users\AsusPro\OneDrive\COMMON~1\ARDUIN~1\SOURCE~1\ATMELS~1\ARDUIN~1\ARDUIN~1\ARDUIN~1\Debug\libArduinoCore.a(Tone.o)
                0x00001de2                _Z4tonehjm
 .text._Z12disableTimerh
                0x0000239c       0x3a C:\Users\AsusPro\OneDrive\COMMON~1\ARDUIN~1\SOURCE~1\ATMELS~1\ARDUIN~1\ARDUIN~1\ARDUIN~1\Debug\libArduinoCore.a(Tone.o)
                0x0000239c                _Z12disableTimerh
 .text._Z6noToneh
                0x000023d6       0x2a C:\Users\AsusPro\OneDrive\COMMON~1\ARDUIN~1\SOURCE~1\ATMELS~1\ARDUIN~1\ARDUIN~1\ARDUIN~1\Debug\libArduinoCore.a(Tone.o)
                0x000023d6                _Z6noToneh
 .text.__vector_32
                0x00002400       0xca C:\Users\AsusPro\OneDrive\COMMON~1\ARDUIN~1\SOURCE~1\ATMELS~1\ARDUIN~1\ARDUIN~1\ARDUIN~1\Debug\libArduinoCore.a(Tone.o)
                0x00002400                __vector_32
 .text._ZL4RecvPVhh
                0x000024ca       0x1a C:\Users\AsusPro\OneDrive\COMMON~1\ARDUIN~1\SOURCE~1\ATMELS~1\ARDUIN~1\ARDUIN~1\ARDUIN~1\Debug\libArduinoCore.a(USBCore.o)
 .text._ZL11SendControlh
                0x000024e4       0x5c C:\Users\AsusPro\OneDrive\COMMON~1\ARDUIN~1\SOURCE~1\ATMELS~1\ARDUIN~1\ARDUIN~1\ARDUIN~1\Debug\libArduinoCore.a(USBCore.o)
 .text._ZL24USB_SendStringDescriptorPKhhh
                0x00002540       0x6a C:\Users\AsusPro\OneDrive\COMMON~1\ARDUIN~1\SOURCE~1\ATMELS~1\ARDUIN~1\ARDUIN~1\ARDUIN~1\Debug\libArduinoCore.a(USBCore.o)
 .text._ZL15USB_ClockEnablev
                0x000025aa       0x46 C:\Users\AsusPro\OneDrive\COMMON~1\ARDUIN~1\SOURCE~1\ATMELS~1\ARDUIN~1\ARDUIN~1\ARDUIN~1\Debug\libArduinoCore.a(USBCore.o)
 .text._ZL14SendInterfacesv
                0x000025f0       0x2c C:\Users\AsusPro\OneDrive\COMMON~1\ARDUIN~1\SOURCE~1\ATMELS~1\ARDUIN~1\ARDUIN~1\ARDUIN~1\Debug\libArduinoCore.a(USBCore.o)
 .text._ZN6LockEPC2Eh
                0x0000261c       0x10 C:\Users\AsusPro\OneDrive\COMMON~1\ARDUIN~1\SOURCE~1\ATMELS~1\ARDUIN~1\ARDUIN~1\ARDUIN~1\Debug\libArduinoCore.a(USBCore.o)
                0x0000261c                _ZN6LockEPC2Eh
                0x0000261c                _ZN6LockEPC1Eh
 .text._Z13USB_Availableh
                0x0000262c       0x24 C:\Users\AsusPro\OneDrive\COMMON~1\ARDUIN~1\SOURCE~1\ATMELS~1\ARDUIN~1\ARDUIN~1\ARDUIN~1\Debug\libArduinoCore.a(USBCore.o)
                0x0000262c                _Z13USB_Availableh
 .text._Z8USB_RecvhPvi
                0x00002650       0x86 C:\Users\AsusPro\OneDrive\COMMON~1\ARDUIN~1\SOURCE~1\ATMELS~1\ARDUIN~1\ARDUIN~1\ARDUIN~1\Debug\libArduinoCore.a(USBCore.o)
                0x00002650                _Z8USB_RecvhPvi
 .text._Z8USB_Recvh
                0x000026d6       0x2e C:\Users\AsusPro\OneDrive\COMMON~1\ARDUIN~1\SOURCE~1\ATMELS~1\ARDUIN~1\ARDUIN~1\ARDUIN~1\Debug\libArduinoCore.a(USBCore.o)
                0x000026d6                _Z8USB_Recvh
 .text._Z13USB_SendSpaceh
                0x00002704       0x34 C:\Users\AsusPro\OneDrive\COMMON~1\ARDUIN~1\SOURCE~1\ATMELS~1\ARDUIN~1\ARDUIN~1\ARDUIN~1\Debug\libArduinoCore.a(USBCore.o)
                0x00002704                _Z13USB_SendSpaceh
 .text._Z8USB_SendhPKvi
                0x00002738      0x14a C:\Users\AsusPro\OneDrive\COMMON~1\ARDUIN~1\SOURCE~1\ATMELS~1\ARDUIN~1\ARDUIN~1\ARDUIN~1\Debug\libArduinoCore.a(USBCore.o)
                0x00002738                _Z8USB_SendhPKvi
 .text._Z11InitControli
                0x00002882       0x16 C:\Users\AsusPro\OneDrive\COMMON~1\ARDUIN~1\SOURCE~1\ATMELS~1\ARDUIN~1\ARDUIN~1\ARDUIN~1\Debug\libArduinoCore.a(USBCore.o)
                0x00002882                _Z11InitControli
 .text._Z15USB_SendControlhPKvi
                0x00002898       0x4e C:\Users\AsusPro\OneDrive\COMMON~1\ARDUIN~1\SOURCE~1\ATMELS~1\ARDUIN~1\ARDUIN~1\ARDUIN~1\Debug\libArduinoCore.a(USBCore.o)
                0x00002898                _Z15USB_SendControlhPKvi
 .text._Z15USB_RecvControlPvi
                0x000028e6       0x66 C:\Users\AsusPro\OneDrive\COMMON~1\ARDUIN~1\SOURCE~1\ATMELS~1\ARDUIN~1\ARDUIN~1\ARDUIN~1\Debug\libArduinoCore.a(USBCore.o)
                0x000028e6                _Z15USB_RecvControlPvi
 .text.__vector_11
                0x0000294c      0x2b4 C:\Users\AsusPro\OneDrive\COMMON~1\ARDUIN~1\SOURCE~1\ATMELS~1\ARDUIN~1\ARDUIN~1\ARDUIN~1\Debug\libArduinoCore.a(USBCore.o)
                0x0000294c                __vector_11
 .text._Z9USB_Flushh
                0x00002c00       0x14 C:\Users\AsusPro\OneDrive\COMMON~1\ARDUIN~1\SOURCE~1\ATMELS~1\ARDUIN~1\ARDUIN~1\ARDUIN~1\Debug\libArduinoCore.a(USBCore.o)
                0x00002c00                _Z9USB_Flushh
 .text.__vector_10
                0x00002c14      0x102 C:\Users\AsusPro\OneDrive\COMMON~1\ARDUIN~1\SOURCE~1\ATMELS~1\ARDUIN~1\ARDUIN~1\ARDUIN~1\Debug\libArduinoCore.a(USBCore.o)
                0x00002c14                __vector_10
 .text._ZN10USBDevice_6attachEv
                0x00002d16       0x3a C:\Users\AsusPro\OneDrive\COMMON~1\ARDUIN~1\SOURCE~1\ATMELS~1\ARDUIN~1\ARDUIN~1\ARDUIN~1\Debug\libArduinoCore.a(USBCore.o)
                0x00002d16                _ZN10USBDevice_6attachEv
 .text.nothing  0x00002d50        0x2 C:\Users\AsusPro\OneDrive\COMMON~1\ARDUIN~1\SOURCE~1\ATMELS~1\ARDUIN~1\ARDUIN~1\ARDUIN~1\Debug\libArduinoCore.a(WInterrupts.o)
 .text.attachInterrupt
                0x00002d52       0xa0 C:\Users\AsusPro\OneDrive\COMMON~1\ARDUIN~1\SOURCE~1\ATMELS~1\ARDUIN~1\ARDUIN~1\ARDUIN~1\Debug\libArduinoCore.a(WInterrupts.o)
                0x00002d52                attachInterrupt
 .text.__vector_1
                0x00002df2       0x4e C:\Users\AsusPro\OneDrive\COMMON~1\ARDUIN~1\SOURCE~1\ATMELS~1\ARDUIN~1\ARDUIN~1\ARDUIN~1\Debug\libArduinoCore.a(WInterrupts.o)
                0x00002df2                __vector_1
 .text.__vector_2
                0x00002e40       0x4e C:\Users\AsusPro\OneDrive\COMMON~1\ARDUIN~1\SOURCE~1\ATMELS~1\ARDUIN~1\ARDUIN~1\ARDUIN~1\Debug\libArduinoCore.a(WInterrupts.o)
                0x00002e40                __vector_2
 .text.__vector_3
                0x00002e8e       0x4e C:\Users\AsusPro\OneDrive\COMMON~1\ARDUIN~1\SOURCE~1\ATMELS~1\ARDUIN~1\ARDUIN~1\ARDUIN~1\Debug\libArduinoCore.a(WInterrupts.o)
                0x00002e8e                __vector_3
 .text.__vector_4
                0x00002edc       0x4e C:\Users\AsusPro\OneDrive\COMMON~1\ARDUIN~1\SOURCE~1\ATMELS~1\ARDUIN~1\ARDUIN~1\ARDUIN~1\Debug\libArduinoCore.a(WInterrupts.o)
                0x00002edc                __vector_4
 .text.__vector_7
                0x00002f2a       0x4e C:\Users\AsusPro\OneDrive\COMMON~1\ARDUIN~1\SOURCE~1\ATMELS~1\ARDUIN~1\ARDUIN~1\ARDUIN~1\Debug\libArduinoCore.a(WInterrupts.o)
                0x00002f2a                __vector_7
 .text.__vector_23
                0x00002f78       0x94 C:\Users\AsusPro\OneDrive\COMMON~1\ARDUIN~1\SOURCE~1\ATMELS~1\ARDUIN~1\ARDUIN~1\ARDUIN~1\Debug\libArduinoCore.a(wiring.o)
                0x00002f78                __vector_23
 .text.millis   0x0000300c       0x18 C:\Users\AsusPro\OneDrive\COMMON~1\ARDUIN~1\SOURCE~1\ATMELS~1\ARDUIN~1\ARDUIN~1\ARDUIN~1\Debug\libArduinoCore.a(wiring.o)
                0x0000300c                millis
 .text.micros   0x00003024       0x4a C:\Users\AsusPro\OneDrive\COMMON~1\ARDUIN~1\SOURCE~1\ATMELS~1\ARDUIN~1\ARDUIN~1\ARDUIN~1\Debug\libArduinoCore.a(wiring.o)
                0x00003024                micros
 .text.delay    0x0000306e       0x78 C:\Users\AsusPro\OneDrive\COMMON~1\ARDUIN~1\SOURCE~1\ATMELS~1\ARDUIN~1\ARDUIN~1\ARDUIN~1\Debug\libArduinoCore.a(wiring.o)
                0x0000306e                delay
 .text.init     0x000030e6       0xac C:\Users\AsusPro\OneDrive\COMMON~1\ARDUIN~1\SOURCE~1\ATMELS~1\ARDUIN~1\ARDUIN~1\ARDUIN~1\Debug\libArduinoCore.a(wiring.o)
                0x000030e6                init
 .text.analogRead
                0x00003192       0x62 C:\Users\AsusPro\OneDrive\COMMON~1\ARDUIN~1\SOURCE~1\ATMELS~1\ARDUIN~1\ARDUIN~1\ARDUIN~1\Debug\libArduinoCore.a(wiring_analog.o)
                0x00003192                analogRead
 .text.analogWrite
                0x000031f4      0x130 C:\Users\AsusPro\OneDrive\COMMON~1\ARDUIN~1\SOURCE~1\ATMELS~1\ARDUIN~1\ARDUIN~1\ARDUIN~1\Debug\libArduinoCore.a(wiring_analog.o)
                0x000031f4                analogWrite
 .text.turnOffPWM
                0x00003324       0x7a C:\Users\AsusPro\OneDrive\COMMON~1\ARDUIN~1\SOURCE~1\ATMELS~1\ARDUIN~1\ARDUIN~1\ARDUIN~1\Debug\libArduinoCore.a(wiring_digital.o)
 .text.pinMode  0x0000339e       0x78 C:\Users\AsusPro\OneDrive\COMMON~1\ARDUIN~1\SOURCE~1\ATMELS~1\ARDUIN~1\ARDUIN~1\ARDUIN~1\Debug\libArduinoCore.a(wiring_digital.o)
                0x0000339e                pinMode
 .text.digitalWrite
                0x00003416       0x5e C:\Users\AsusPro\OneDrive\COMMON~1\ARDUIN~1\SOURCE~1\ATMELS~1\ARDUIN~1\ARDUIN~1\ARDUIN~1\Debug\libArduinoCore.a(wiring_digital.o)
                0x00003416                digitalWrite
 .text.digitalRead
                0x00003474       0x52 C:\Users\AsusPro\OneDrive\COMMON~1\ARDUIN~1\SOURCE~1\ATMELS~1\ARDUIN~1\ARDUIN~1\ARDUIN~1\Debug\libArduinoCore.a(wiring_digital.o)
                0x00003474                digitalRead
 .text.pulseIn  0x000034c6       0x64 C:\Users\AsusPro\OneDrive\COMMON~1\ARDUIN~1\SOURCE~1\ATMELS~1\ARDUIN~1\ARDUIN~1\ARDUIN~1\Debug\libArduinoCore.a(wiring_pulse.o)
                0x000034c6                pulseIn
 .text.pulseInLong
                0x0000352a      0x10a C:\Users\AsusPro\OneDrive\COMMON~1\ARDUIN~1\SOURCE~1\ATMELS~1\ARDUIN~1\ARDUIN~1\ARDUIN~1\Debug\libArduinoCore.a(wiring_pulse.o)
                0x0000352a                pulseInLong
 .text.shiftIn  0x00003634       0x76 C:\Users\AsusPro\OneDrive\COMMON~1\ARDUIN~1\SOURCE~1\ATMELS~1\ARDUIN~1\ARDUIN~1\ARDUIN~1\Debug\libArduinoCore.a(wiring_shift.o)
                0x00003634                shiftIn
 .text.shiftOut
                0x000036aa       0x72 C:\Users\AsusPro\OneDrive\COMMON~1\ARDUIN~1\SOURCE~1\ATMELS~1\ARDUIN~1\ARDUIN~1\ARDUIN~1\Debug\libArduinoCore.a(wiring_shift.o)
                0x000036aa                shiftOut
 .text._Z6randoml
                0x0000371c       0x34 C:\Users\AsusPro\OneDrive\COMMON~1\ARDUIN~1\SOURCE~1\ATMELS~1\ARDUIN~1\ARDUIN~1\ARDUIN~1\Debug\libArduinoCore.a(WMath.o)
                0x0000371c                _Z6randoml
 .text._Z6randomll
                0x00003750       0x44 C:\Users\AsusPro\OneDrive\COMMON~1\ARDUIN~1\SOURCE~1\ATMELS~1\ARDUIN~1\ARDUIN~1\ARDUIN~1\Debug\libArduinoCore.a(WMath.o)
                0x00003750                _Z6randomll
 .text._ZN14SoftwareSerial4readEv
                0x00003794       0x42 C:\Users\AsusPro\OneDrive\COMMON~1\ARDUIN~1\SOURCE~1\ATMELS~1\ARDUIN~1\ARDUIN~1\ARDUIN~1\Debug\libArduinoCore.a(SoftwareSerial.o)
                0x00003794                _ZN14SoftwareSerial4readEv
 .text._ZN14SoftwareSerial5writeEh
                0x000037d6       0xa0 C:\Users\AsusPro\OneDrive\COMMON~1\ARDUIN~1\SOURCE~1\ATMELS~1\ARDUIN~1\ARDUIN~1\ARDUIN~1\Debug\libArduinoCore.a(SoftwareSerial.o)
                0x000037d6                _ZN14SoftwareSerial5writeEh
 .text._ZN14SoftwareSerial5flushEv
                0x00003876        0x2 C:\Users\AsusPro\OneDrive\COMMON~1\ARDUIN~1\SOURCE~1\ATMELS~1\ARDUIN~1\ARDUIN~1\ARDUIN~1\Debug\libArduinoCore.a(SoftwareSerial.o)
                0x00003876                _ZN14SoftwareSerial5flushEv
 .text._ZN14SoftwareSerial4peekEv
                0x00003878       0x30 C:\Users\AsusPro\OneDrive\COMMON~1\ARDUIN~1\SOURCE~1\ATMELS~1\ARDUIN~1\ARDUIN~1\ARDUIN~1\Debug\libArduinoCore.a(SoftwareSerial.o)
                0x00003878                _ZN14SoftwareSerial4peekEv
 .text._ZN14SoftwareSerial9availableEv
                0x000038a8       0x30 C:\Users\AsusPro\OneDrive\COMMON~1\ARDUIN~1\SOURCE~1\ATMELS~1\ARDUIN~1\ARDUIN~1\ARDUIN~1\Debug\libArduinoCore.a(SoftwareSerial.o)
                0x000038a8                _ZN14SoftwareSerial9availableEv
 .text._ZN14SoftwareSerial13stopListeningEv
                0x000038d8       0x2c C:\Users\AsusPro\OneDrive\COMMON~1\ARDUIN~1\SOURCE~1\ATMELS~1\ARDUIN~1\ARDUIN~1\ARDUIN~1\Debug\libArduinoCore.a(SoftwareSerial.o)
                0x000038d8                _ZN14SoftwareSerial13stopListeningEv
 .text._ZN14SoftwareSerial6listenEv
                0x00003904       0x52 C:\Users\AsusPro\OneDrive\COMMON~1\ARDUIN~1\SOURCE~1\ATMELS~1\ARDUIN~1\ARDUIN~1\ARDUIN~1\Debug\libArduinoCore.a(SoftwareSerial.o)
                0x00003904                _ZN14SoftwareSerial6listenEv
 .text.__vector_9
                0x00003956       0xf4 C:\Users\AsusPro\OneDrive\COMMON~1\ARDUIN~1\SOURCE~1\ATMELS~1\ARDUIN~1\ARDUIN~1\ARDUIN~1\Debug\libArduinoCore.a(SoftwareSerial.o)
                0x00003956                __vector_9
 .text._ZN14SoftwareSerialD2Ev
                0x00003a4a        0xe C:\Users\AsusPro\OneDrive\COMMON~1\ARDUIN~1\SOURCE~1\ATMELS~1\ARDUIN~1\ARDUIN~1\ARDUIN~1\Debug\libArduinoCore.a(SoftwareSerial.o)
                0x00003a4a                _ZN14SoftwareSerialD1Ev
                0x00003a4a                _ZN14SoftwareSerialD2Ev
 .text._ZN14SoftwareSerial5setTXEh
                0x00003a58       0x52 C:\Users\AsusPro\OneDrive\COMMON~1\ARDUIN~1\SOURCE~1\ATMELS~1\ARDUIN~1\ARDUIN~1\ARDUIN~1\Debug\libArduinoCore.a(SoftwareSerial.o)
                0x00003a58                _ZN14SoftwareSerial5setTXEh
 .text._ZN14SoftwareSerial5setRXEh
                0x00003aaa       0x52 C:\Users\AsusPro\OneDrive\COMMON~1\ARDUIN~1\SOURCE~1\ATMELS~1\ARDUIN~1\ARDUIN~1\ARDUIN~1\Debug\libArduinoCore.a(SoftwareSerial.o)
                0x00003aaa                _ZN14SoftwareSerial5setRXEh
 .text._ZN14SoftwareSerialC2Ehhb
                0x00003afc       0x56 C:\Users\AsusPro\OneDrive\COMMON~1\ARDUIN~1\SOURCE~1\ATMELS~1\ARDUIN~1\ARDUIN~1\ARDUIN~1\Debug\libArduinoCore.a(SoftwareSerial.o)
                0x00003afc                _ZN14SoftwareSerialC1Ehhb
                0x00003afc                _ZN14SoftwareSerialC2Ehhb
 .text._ZN14SoftwareSerial5beginEl
                0x00003b52      0x152 C:\Users\AsusPro\OneDrive\COMMON~1\ARDUIN~1\SOURCE~1\ATMELS~1\ARDUIN~1\ARDUIN~1\ARDUIN~1\Debug\libArduinoCore.a(SoftwareSerial.o)
                0x00003b52                _ZN14SoftwareSerial5beginEl
 .text._ZN14SoftwareSerial3endEv
                0x00003ca4        0x4 C:\Users\AsusPro\OneDrive\COMMON~1\ARDUIN~1\SOURCE~1\ATMELS~1\ARDUIN~1\ARDUIN~1\ARDUIN~1\Debug\libArduinoCore.a(SoftwareSerial.o)
                0x00003ca4                _ZN14SoftwareSerial3endEv
 .text.__empty  0x00003ca8        0x2 C:\Users\AsusPro\OneDrive\COMMON~1\ARDUIN~1\SOURCE~1\ATMELS~1\ARDUIN~1\ARDUIN~1\ARDUIN~1\Debug\libArduinoCore.a(hooks.o)
                0x00003ca8                yield
 .text._ZN13PluggableUSB_12getInterfaceEPh
                0x00003caa       0x52 C:\Users\AsusPro\OneDrive\COMMON~1\ARDUIN~1\SOURCE~1\ATMELS~1\ARDUIN~1\ARDUIN~1\ARDUIN~1\Debug\libArduinoCore.a(PluggableUSB.o)
                0x00003caa                _ZN13PluggableUSB_12getInterfaceEPh
 .text._ZN13PluggableUSB_13getDescriptorER8USBSetup
                0x00003cfc       0x3e C:\Users\AsusPro\OneDrive\COMMON~1\ARDUIN~1\SOURCE~1\ATMELS~1\ARDUIN~1\ARDUIN~1\ARDUIN~1\Debug\libArduinoCore.a(PluggableUSB.o)
                0x00003cfc                _ZN13PluggableUSB_13getDescriptorER8USBSetup
 .text._ZN13PluggableUSB_12getShortNameEPc
                0x00003d3a       0x3e C:\Users\AsusPro\OneDrive\COMMON~1\ARDUIN~1\SOURCE~1\ATMELS~1\ARDUIN~1\ARDUIN~1\ARDUIN~1\Debug\libArduinoCore.a(PluggableUSB.o)
                0x00003d3a                _ZN13PluggableUSB_12getShortNameEPc
 .text._ZN13PluggableUSB_5setupER8USBSetup
                0x00003d78       0x3c C:\Users\AsusPro\OneDrive\COMMON~1\ARDUIN~1\SOURCE~1\ATMELS~1\ARDUIN~1\ARDUIN~1\ARDUIN~1\Debug\libArduinoCore.a(PluggableUSB.o)
                0x00003d78                _ZN13PluggableUSB_5setupER8USBSetup
 .text._Z12PluggableUSBv
                0x00003db4       0x28 C:\Users\AsusPro\OneDrive\COMMON~1\ARDUIN~1\SOURCE~1\ATMELS~1\ARDUIN~1\ARDUIN~1\ARDUIN~1\Debug\libArduinoCore.a(PluggableUSB.o)
                0x00003db4                _Z12PluggableUSBv
 .text.avr-libc.fplib
                0x00003ddc        0xe c:/program files (x86)/atmel/studio/7.0/toolchain/avr8/avr8-gnu-toolchain/bin/../lib/gcc/avr/5.4.0/../../../../avr/lib/avr5\libm.a(addsf3.o)
                0x00003ddc                __subsf3
                0x00003dde                __addsf3
 .text.avr-libc.fplib
                0x00003dea       0xcc c:/program files (x86)/atmel/studio/7.0/toolchain/avr8/avr8-gnu-toolchain/bin/../lib/gcc/avr/5.4.0/../../../../avr/lib/avr5\libm.a(addsf3x.o)
                0x00003e0c                __addsf3x
 .text.avr-libc.fplib
                0x00003eb6        0xa c:/program files (x86)/atmel/studio/7.0/toolchain/avr8/avr8-gnu-toolchain/bin/../lib/gcc/avr/5.4.0/../../../../avr/lib/avr5\libm.a(cmpsf2.o)
                0x00003eb6                __nesf2
                0x00003eb6                __eqsf2
                0x00003eb6                __cmpsf2
                0x00003eb6                __ltsf2
                0x00003eb6                __lesf2
 .text.avr-libc.fplib
                0x00003ec0        0x8 c:/program files (x86)/atmel/studio/7.0/toolchain/avr8/avr8-gnu-toolchain/bin/../lib/gcc/avr/5.4.0/../../../../avr/lib/avr5\libm.a(divsf3.o)
                0x00003ec0                __divsf3
 .text.avr-libc.fplib
                0x00003ec8       0xdc c:/program files (x86)/atmel/studio/7.0/toolchain/avr8/avr8-gnu-toolchain/bin/../lib/gcc/avr/5.4.0/../../../../avr/lib/avr5\libm.a(divsf3x.o)
                0x00003ee8                __divsf3x
                0x00003eee                __divsf3_pse
 .text.avr-libc.fplib
                0x00003fa4       0x5e c:/program files (x86)/atmel/studio/7.0/toolchain/avr8/avr8-gnu-toolchain/bin/../lib/gcc/avr/5.4.0/../../../../avr/lib/avr5\libm.a(fixunssfsi.o)
                0x00003fa4                __fixunssfsi
 .text.avr-libc.fplib
                0x00004002       0x7a c:/program files (x86)/atmel/studio/7.0/toolchain/avr8/avr8-gnu-toolchain/bin/../lib/gcc/avr/5.4.0/../../../../avr/lib/avr5\libm.a(floatsisf.o)
                0x00004002                __floatunsisf
                0x00004006                __floatsisf
 .text.avr-libc.fplib
                0x0000407c       0x48 c:/program files (x86)/atmel/studio/7.0/toolchain/avr8/avr8-gnu-toolchain/bin/../lib/gcc/avr/5.4.0/../../../../avr/lib/avr5\libm.a(fp_cmp.o)
                0x0000407c                __fp_cmp
 .text.avr-libc.fplib
                0x000040c4        0xc c:/program files (x86)/atmel/studio/7.0/toolchain/avr8/avr8-gnu-toolchain/bin/../lib/gcc/avr/5.4.0/../../../../avr/lib/avr5\libm.a(fp_inf.o)
                0x000040c4                __fp_inf
 .text.avr-libc.fplib
                0x000040d0        0x6 c:/program files (x86)/atmel/studio/7.0/toolchain/avr8/avr8-gnu-toolchain/bin/../lib/gcc/avr/5.4.0/../../../../avr/lib/avr5\libm.a(fp_nan.o)
                0x000040d0                __fp_nan
 .text.avr-libc.fplib
                0x000040d6        0xe c:/program files (x86)/atmel/studio/7.0/toolchain/avr8/avr8-gnu-toolchain/bin/../lib/gcc/avr/5.4.0/../../../../avr/lib/avr5\libm.a(fp_pscA.o)
                0x000040d6                __fp_pscA
 .text.avr-libc.fplib
                0x000040e4        0xe c:/program files (x86)/atmel/studio/7.0/toolchain/avr8/avr8-gnu-toolchain/bin/../lib/gcc/avr/5.4.0/../../../../avr/lib/avr5\libm.a(fp_pscB.o)
                0x000040e4                __fp_pscB
 .text.avr-libc.fplib
                0x000040f2       0x22 c:/program files (x86)/atmel/studio/7.0/toolchain/avr8/avr8-gnu-toolchain/bin/../lib/gcc/avr/5.4.0/../../../../avr/lib/avr5\libm.a(fp_round.o)
                0x000040f2                __fp_round
 .text.avr-libc.fplib
                0x00004114       0x44 c:/program files (x86)/atmel/studio/7.0/toolchain/avr8/avr8-gnu-toolchain/bin/../lib/gcc/avr/5.4.0/../../../../avr/lib/avr5\libm.a(fp_split3.o)
                0x00004114                __fp_split3
                0x00004124                __fp_splitA
 .text.avr-libc.fplib
                0x00004158        0xe c:/program files (x86)/atmel/studio/7.0/toolchain/avr8/avr8-gnu-toolchain/bin/../lib/gcc/avr/5.4.0/../../../../avr/lib/avr5\libm.a(fp_zero.o)
                0x00004158                __fp_zero
                0x0000415a                __fp_szero
 .text.avr-libc.fplib
                0x00004166        0xa c:/program files (x86)/atmel/studio/7.0/toolchain/avr8/avr8-gnu-toolchain/bin/../lib/gcc/avr/5.4.0/../../../../avr/lib/avr5\libm.a(gesf2.o)
                0x00004166                __gesf2
                0x00004166                __gtsf2
 .text.avr-libc.fplib
                0x00004170        0x8 c:/program files (x86)/atmel/studio/7.0/toolchain/avr8/avr8-gnu-toolchain/bin/../lib/gcc/avr/5.4.0/../../../../avr/lib/avr5\libm.a(mulsf3.o)
                0x00004170                __mulsf3
 .text.avr-libc.fplib
                0x00004178       0xd2 c:/program files (x86)/atmel/studio/7.0/toolchain/avr8/avr8-gnu-toolchain/bin/../lib/gcc/avr/5.4.0/../../../../avr/lib/avr5\libm.a(mulsf3x.o)
                0x00004196                __mulsf3x
                0x0000419c                __mulsf3_pse
 .text.avr-libc.fplib
                0x0000424a        0xa c:/program files (x86)/atmel/studio/7.0/toolchain/avr8/avr8-gnu-toolchain/bin/../lib/gcc/avr/5.4.0/../../../../avr/lib/avr5\libm.a(unordsf2.o)
                0x0000424a                __unordsf2
 .text.libgcc.div
                0x00004254       0x28 c:/program files (x86)/atmel/studio/7.0/toolchain/avr8/avr8-gnu-toolchain/bin/../lib/gcc/avr/5.4.0/avr5\libgcc.a(_divmodhi4.o)
                0x00004254                _div
                0x00004254                __divmodhi4
 .text.libgcc.div
                0x0000427c       0x44 c:/program files (x86)/atmel/studio/7.0/toolchain/avr8/avr8-gnu-toolchain/bin/../lib/gcc/avr/5.4.0/avr5\libgcc.a(_udivmodsi4.o)
                0x0000427c                __udivmodsi4
 .text.libgcc.div
                0x000042c0       0x2e c:/program files (x86)/atmel/studio/7.0/toolchain/avr8/avr8-gnu-toolchain/bin/../lib/gcc/avr/5.4.0/avr5\libgcc.a(_divmodsi4.o)
                0x000042c0                __divmodsi4
 .text.libgcc.div
                0x000042ee       0x10 c:/program files (x86)/atmel/studio/7.0/toolchain/avr8/avr8-gnu-toolchain/bin/../lib/gcc/avr/5.4.0/avr5\libgcc.a(_negsi2.o)
                0x000042ee                __negsi2
 .text.libgcc   0x000042fe        0xc c:/program files (x86)/atmel/studio/7.0/toolchain/avr8/avr8-gnu-toolchain/bin/../lib/gcc/avr/5.4.0/avr5\libgcc.a(_tablejump2.o)
                0x000042fe                __tablejump2__
 .text.libgcc.mul
                0x0000430a       0x16 c:/program files (x86)/atmel/studio/7.0/toolchain/avr8/avr8-gnu-toolchain/bin/../lib/gcc/avr/5.4.0/avr5\libgcc.a(_muluhisi3.o)
                0x0000430a                __muluhisi3
 .text.libgcc.div
                0x00004320       0x28 c:/program files (x86)/atmel/studio/7.0/toolchain/avr8/avr8-gnu-toolchain/bin/../lib/gcc/avr/5.4.0/avr5\libgcc.a(_udivmodhi4.o)
                0x00004320                __udivmodhi4
 .text.libgcc.mul
                0x00004348       0x1e c:/program files (x86)/atmel/studio/7.0/toolchain/avr8/avr8-gnu-toolchain/bin/../lib/gcc/avr/5.4.0/avr5\libgcc.a(_umulhisi3.o)
                0x00004348                __umulhisi3
 .text.avr-libc
                0x00004366      0x144 c:/program files (x86)/atmel/studio/7.0/toolchain/avr8/avr8-gnu-toolchain/bin/../lib/gcc/avr/5.4.0/../../../../avr/lib/avr5\libc.a(random.o)
                0x00004366                random_r
                0x000043fc                random
                0x00004498                srandom
 .text.avr-libc
                0x000044aa       0x10 C:/Program Files (x86)/Atmel/Studio/7.0/Packs/atmel/ATmega_DFP/1.2.209/gcc/dev/atmega32u4/avr5\libatmega32u4.a(eerd_byte.o)
                0x000044aa                eeprom_read_byte
 .text.avr-libc
                0x000044ba       0x1c C:/Program Files (x86)/Atmel/Studio/7.0/Packs/atmel/ATmega_DFP/1.2.209/gcc/dev/atmega32u4/avr5\libatmega32u4.a(eewr_byte.o)
                0x000044ba                eeprom_write_byte
                0x000044bc                eeprom_write_r18
 .text.libgcc.mul
                0x000044d6       0x10 c:/program files (x86)/atmel/studio/7.0/toolchain/avr8/avr8-gnu-toolchain/bin/../lib/gcc/avr/5.4.0/avr5\libgcc.a(_mulshisi3.o)
                0x000044d6                __mulshisi3
                0x000044dc                __mulohisi3
                0x000044e6                . = ALIGN (0x2)
 *(.fini9)
 .fini9         0x000044e6        0x0 c:/program files (x86)/atmel/studio/7.0/toolchain/avr8/avr8-gnu-toolchain/bin/../lib/gcc/avr/5.4.0/avr5\libgcc.a(_exit.o)
                0x000044e6                _exit
                0x000044e6                exit
 *(.fini9)
 *(.fini8)
 *(.fini8)
 *(.fini7)
 *(.fini7)
 *(.fini6)
 .fini6         0x000044e6       0x16 c:/program files (x86)/atmel/studio/7.0/toolchain/avr8/avr8-gnu-toolchain/bin/../lib/gcc/avr/5.4.0/avr5\libgcc.a(_dtors.o)
                0x000044e6                __do_global_dtors
 *(.fini6)
 *(.fini5)
 *(.fini5)
 *(.fini4)
 *(.fini4)
 *(.fini3)
 *(.fini3)
 *(.fini2)
 *(.fini2)
 *(.fini1)
 *(.fini1)
 *(.fini0)
 .fini0         0x000044fc        0x4 c:/program files (x86)/atmel/studio/7.0/toolchain/avr8/avr8-gnu-toolchain/bin/../lib/gcc/avr/5.4.0/avr5\libgcc.a(_exit.o)
 *(.fini0)
                0x00004500                _etext = .

.data           0x00800100      0x12c load address 0x00004500
                0x00800100                PROVIDE (__data_start, .)
 *(.data)
 .data          0x00800100        0x4 c:/program files (x86)/atmel/studio/7.0/toolchain/avr8/avr8-gnu-toolchain/bin/../lib/gcc/avr/5.4.0/../../../../avr/lib/avr5\libc.a(random.o)
 *(.data*)
 .data.my_fun_pointer
                0x00800104       0xc4 A32u4/Sketch.o
                0x00800104                my_fun_pointer
 .data._ZL10breakValue
                0x008001c8        0x4 C:\Users\AsusPro\OneDrive\COMMON~1\ARDUIN~1\SOURCE~1\ATMELS~1\ARDUIN~1\ARDUIN~1\ARDUIN~1\Debug\libArduinoCore.a(CDC.o)
 .data._ZL12_usbLineInfo
                0x008001cc        0x8 C:\Users\AsusPro\OneDrive\COMMON~1\ARDUIN~1\SOURCE~1\ATMELS~1\ARDUIN~1\ARDUIN~1\ARDUIN~1\Debug\libArduinoCore.a(CDC.o)
 .data._ZL9tone_pins
                0x008001d4        0x1 C:\Users\AsusPro\OneDrive\COMMON~1\ARDUIN~1\SOURCE~1\ATMELS~1\ARDUIN~1\ARDUIN~1\ARDUIN~1\Debug\libArduinoCore.a(Tone.o)
 .data._initEndpoints
                0x008001d5        0x7 C:\Users\AsusPro\OneDrive\COMMON~1\ARDUIN~1\SOURCE~1\ATMELS~1\ARDUIN~1\ARDUIN~1\ARDUIN~1\Debug\libArduinoCore.a(USBCore.o)
                0x008001d5                _initEndpoints
 .data.intFunc  0x008001dc        0xa C:\Users\AsusPro\OneDrive\COMMON~1\ARDUIN~1\SOURCE~1\ATMELS~1\ARDUIN~1\ARDUIN~1\ARDUIN~1\Debug\libArduinoCore.a(WInterrupts.o)
 .data.analog_reference
                0x008001e6        0x1 C:\Users\AsusPro\OneDrive\COMMON~1\ARDUIN~1\SOURCE~1\ATMELS~1\ARDUIN~1\ARDUIN~1\ARDUIN~1\Debug\libArduinoCore.a(wiring_analog.o)
                0x008001e6                analog_reference
 *(.gnu.linkonce.d*)
 *(.rodata)
 *(.rodata*)
 .rodata._ZTV7TwoWire
                0x008001e7       0x12 src/libraries/Wire/src/Wire.o
                0x008001e7                _ZTV7TwoWire
 .rodata._ZTV7Serial_
                0x008001f9       0x12 C:\Users\AsusPro\OneDrive\COMMON~1\ARDUIN~1\SOURCE~1\ATMELS~1\ARDUIN~1\ARDUIN~1\ARDUIN~1\Debug\libArduinoCore.a(CDC.o)
                0x008001f9                _ZTV7Serial_
 .rodata.str1.1
                0x0080020b        0xf C:\Users\AsusPro\OneDrive\COMMON~1\ARDUIN~1\SOURCE~1\ATMELS~1\ARDUIN~1\ARDUIN~1\ARDUIN~1\Debug\libArduinoCore.a(Print.o)
 .rodata._ZTV14SoftwareSerial
                0x0080021a       0x12 C:\Users\AsusPro\OneDrive\COMMON~1\ARDUIN~1\SOURCE~1\ATMELS~1\ARDUIN~1\ARDUIN~1\ARDUIN~1\Debug\libArduinoCore.a(SoftwareSerial.o)
                0x0080021a                _ZTV14SoftwareSerial
 *(.gnu.linkonce.r*)
                0x0080022c                . = ALIGN (0x2)
                0x0080022c                _edata = .
                0x0080022c                PROVIDE (__data_end, .)

.bss            0x0080022c      0x301
                0x0080022c                PROVIDE (__bss_start, .)
 *(.bss)
 *(.bss*)
 .bss.ESPTYPE   0x0080022c        0x4 A32u4/Common.o
                0x0080022c                ESPTYPE
 .bss.DUEdata   0x00800230        0x8 A32u4/Common.o
                0x00800230                DUEdata
 .bss.FPCEXcode
                0x00800238        0x8 A32u4/Common.o
                0x00800238                FPCEXcode
 .bss.TPCEXcode
                0x00800240        0x8 A32u4/Common.o
                0x00800240                TPCEXcode
 .bss.INdataArray
                0x00800248       0x80 A32u4/Common.o
                0x00800248                INdataArray
 .bss.OUTdataArray
                0x008002c8       0x80 A32u4/Common.o
                0x008002c8                OUTdataArray
 .bss.esp8266com
                0x00800348        0x1 A32u4/ESP8266int.o
                0x00800348                esp8266com
 .bss.intbuffer
                0x00800349       0x28 A32u4/ESP8266int.o
                0x00800349                intbuffer
 .bss.InterruptEnable
                0x00800371        0x1 A32u4/Interrup.o
                0x00800371                InterruptEnable
 .bss.testbyte  0x00800372        0x2 A32u4/Serial.o
                0x00800372                testbyte
 .bss.MySerial  0x00800374       0x1f A32u4/Serial.o
                0x00800374                MySerial
 .bss.a         0x00800393        0x2 A32u4/WWire.o
                0x00800393                a
 .bss._ZN8SPIClass13interruptSaveE
                0x00800395        0x1 src/libraries/SPI/src/SPI.o
                0x00800395                _ZN8SPIClass13interruptSaveE
 .bss._ZN8SPIClass13interruptMaskE
                0x00800396        0x1 src/libraries/SPI/src/SPI.o
                0x00800396                _ZN8SPIClass13interruptMaskE
 .bss._ZN8SPIClass13interruptModeE
                0x00800397        0x1 src/libraries/SPI/src/SPI.o
                0x00800397                _ZN8SPIClass13interruptModeE
 .bss._ZN8SPIClass11initializedE
                0x00800398        0x1 src/libraries/SPI/src/SPI.o
                0x00800398                _ZN8SPIClass11initializedE
 .bss.twi_error
                0x00800399        0x1 src/libraries/Wire/src/utility/twi.o
 .bss.twi_rxBufferIndex
                0x0080039a        0x1 src/libraries/Wire/src/utility/twi.o
 .bss.twi_rxBuffer
                0x0080039b       0x20 src/libraries/Wire/src/utility/twi.o
 .bss.twi_txBufferLength
                0x008003bb        0x1 src/libraries/Wire/src/utility/twi.o
 .bss.twi_txBufferIndex
                0x008003bc        0x1 src/libraries/Wire/src/utility/twi.o
 .bss.twi_txBuffer
                0x008003bd       0x20 src/libraries/Wire/src/utility/twi.o
 .bss.twi_masterBufferLength
                0x008003dd        0x1 src/libraries/Wire/src/utility/twi.o
 .bss.twi_masterBufferIndex
                0x008003de        0x1 src/libraries/Wire/src/utility/twi.o
 .bss.twi_masterBuffer
                0x008003df       0x20 src/libraries/Wire/src/utility/twi.o
 .bss.twi_onSlaveReceive
                0x008003ff        0x2 src/libraries/Wire/src/utility/twi.o
 .bss.twi_onSlaveTransmit
                0x00800401        0x2 src/libraries/Wire/src/utility/twi.o
 .bss.twi_inRepStart
                0x00800403        0x1 src/libraries/Wire/src/utility/twi.o
 .bss.twi_sendStop
                0x00800404        0x1 src/libraries/Wire/src/utility/twi.o
 .bss.twi_slarw
                0x00800405        0x1 src/libraries/Wire/src/utility/twi.o
 .bss.twi_state
                0x00800406        0x1 src/libraries/Wire/src/utility/twi.o
 .bss.Wire      0x00800407        0xc src/libraries/Wire/src/Wire.o
                0x00800407                Wire
 .bss._ZN7TwoWire14user_onReceiveE
                0x00800413        0x2 src/libraries/Wire/src/Wire.o
                0x00800413                _ZN7TwoWire14user_onReceiveE
 .bss._ZN7TwoWire14user_onRequestE
                0x00800415        0x2 src/libraries/Wire/src/Wire.o
                0x00800415                _ZN7TwoWire14user_onRequestE
 .bss._ZN7TwoWire12transmittingE
                0x00800417        0x1 src/libraries/Wire/src/Wire.o
                0x00800417                _ZN7TwoWire12transmittingE
 .bss._ZN7TwoWire14txBufferLengthE
                0x00800418        0x1 src/libraries/Wire/src/Wire.o
                0x00800418                _ZN7TwoWire14txBufferLengthE
 .bss._ZN7TwoWire13txBufferIndexE
                0x00800419        0x1 src/libraries/Wire/src/Wire.o
                0x00800419                _ZN7TwoWire13txBufferIndexE
 .bss._ZN7TwoWire8txBufferE
                0x0080041a       0x20 src/libraries/Wire/src/Wire.o
                0x0080041a                _ZN7TwoWire8txBufferE
 .bss._ZN7TwoWire9txAddressE
                0x0080043a        0x1 src/libraries/Wire/src/Wire.o
                0x0080043a                _ZN7TwoWire9txAddressE
 .bss._ZN7TwoWire14rxBufferLengthE
                0x0080043b        0x1 src/libraries/Wire/src/Wire.o
                0x0080043b                _ZN7TwoWire14rxBufferLengthE
 .bss._ZN7TwoWire13rxBufferIndexE
                0x0080043c        0x1 src/libraries/Wire/src/Wire.o
                0x0080043c                _ZN7TwoWire13rxBufferIndexE
 .bss._ZN7TwoWire8rxBufferE
                0x0080043d       0x20 src/libraries/Wire/src/Wire.o
                0x0080043d                _ZN7TwoWire8rxBufferE
 .bss.Serial    0x0080045d       0x50 C:\Users\AsusPro\OneDrive\COMMON~1\ARDUIN~1\SOURCE~1\ATMELS~1\ARDUIN~1\ARDUIN~1\ARDUIN~1\Debug\libArduinoCore.a(CDC.o)
                0x0080045d                Serial
 .bss._updatedLUFAbootloader
                0x008004ad        0x1 C:\Users\AsusPro\OneDrive\COMMON~1\ARDUIN~1\SOURCE~1\ATMELS~1\ARDUIN~1\ARDUIN~1\ARDUIN~1\Debug\libArduinoCore.a(CDC.o)
                0x008004ad                _updatedLUFAbootloader
 .bss.timer4_pin_mask
                0x008004ae        0x1 C:\Users\AsusPro\OneDrive\COMMON~1\ARDUIN~1\SOURCE~1\ATMELS~1\ARDUIN~1\ARDUIN~1\ARDUIN~1\Debug\libArduinoCore.a(Tone.o)
                0x008004ae                timer4_pin_mask
 .bss.timer4_pin_port
                0x008004af        0x2 C:\Users\AsusPro\OneDrive\COMMON~1\ARDUIN~1\SOURCE~1\ATMELS~1\ARDUIN~1\ARDUIN~1\ARDUIN~1\Debug\libArduinoCore.a(Tone.o)
                0x008004af                timer4_pin_port
 .bss.timer4_toggle_count
                0x008004b1        0x4 C:\Users\AsusPro\OneDrive\COMMON~1\ARDUIN~1\SOURCE~1\ATMELS~1\ARDUIN~1\ARDUIN~1\ARDUIN~1\Debug\libArduinoCore.a(Tone.o)
                0x008004b1                timer4_toggle_count
 .bss.timer3_pin_mask
                0x008004b5        0x1 C:\Users\AsusPro\OneDrive\COMMON~1\ARDUIN~1\SOURCE~1\ATMELS~1\ARDUIN~1\ARDUIN~1\ARDUIN~1\Debug\libArduinoCore.a(Tone.o)
                0x008004b5                timer3_pin_mask
 .bss.timer3_pin_port
                0x008004b6        0x2 C:\Users\AsusPro\OneDrive\COMMON~1\ARDUIN~1\SOURCE~1\ATMELS~1\ARDUIN~1\ARDUIN~1\ARDUIN~1\Debug\libArduinoCore.a(Tone.o)
                0x008004b6                timer3_pin_port
 .bss.timer3_toggle_count
                0x008004b8        0x4 C:\Users\AsusPro\OneDrive\COMMON~1\ARDUIN~1\SOURCE~1\ATMELS~1\ARDUIN~1\ARDUIN~1\ARDUIN~1\Debug\libArduinoCore.a(Tone.o)
                0x008004b8                timer3_toggle_count
 .bss.timer1_pin_mask
                0x008004bc        0x1 C:\Users\AsusPro\OneDrive\COMMON~1\ARDUIN~1\SOURCE~1\ATMELS~1\ARDUIN~1\ARDUIN~1\ARDUIN~1\Debug\libArduinoCore.a(Tone.o)
                0x008004bc                timer1_pin_mask
 .bss.timer1_pin_port
                0x008004bd        0x2 C:\Users\AsusPro\OneDrive\COMMON~1\ARDUIN~1\SOURCE~1\ATMELS~1\ARDUIN~1\ARDUIN~1\ARDUIN~1\Debug\libArduinoCore.a(Tone.o)
                0x008004bd                timer1_pin_port
 .bss.timer1_toggle_count
                0x008004bf        0x4 C:\Users\AsusPro\OneDrive\COMMON~1\ARDUIN~1\SOURCE~1\ATMELS~1\ARDUIN~1\ARDUIN~1\ARDUIN~1\Debug\libArduinoCore.a(Tone.o)
                0x008004bf                timer1_toggle_count
 .bss.timer0_pin_mask
                0x008004c3        0x1 C:\Users\AsusPro\OneDrive\COMMON~1\ARDUIN~1\SOURCE~1\ATMELS~1\ARDUIN~1\ARDUIN~1\ARDUIN~1\Debug\libArduinoCore.a(Tone.o)
                0x008004c3                timer0_pin_mask
 .bss.timer0_pin_port
                0x008004c4        0x2 C:\Users\AsusPro\OneDrive\COMMON~1\ARDUIN~1\SOURCE~1\ATMELS~1\ARDUIN~1\ARDUIN~1\ARDUIN~1\Debug\libArduinoCore.a(Tone.o)
                0x008004c4                timer0_pin_port
 .bss.timer0_toggle_count
                0x008004c6        0x4 C:\Users\AsusPro\OneDrive\COMMON~1\ARDUIN~1\SOURCE~1\ATMELS~1\ARDUIN~1\ARDUIN~1\ARDUIN~1\Debug\libArduinoCore.a(Tone.o)
                0x008004c6                timer0_toggle_count
 .bss.USBDevice
                0x008004ca        0x1 C:\Users\AsusPro\OneDrive\COMMON~1\ARDUIN~1\SOURCE~1\ATMELS~1\ARDUIN~1\ARDUIN~1\ARDUIN~1\Debug\libArduinoCore.a(USBCore.o)
                0x008004ca                USBDevice
 .bss._ZL5_cend
                0x008004cb        0x2 C:\Users\AsusPro\OneDrive\COMMON~1\ARDUIN~1\SOURCE~1\ATMELS~1\ARDUIN~1\ARDUIN~1\ARDUIN~1\Debug\libArduinoCore.a(USBCore.o)
 .bss._ZL6_cmark
                0x008004cd        0x2 C:\Users\AsusPro\OneDrive\COMMON~1\ARDUIN~1\SOURCE~1\ATMELS~1\ARDUIN~1\ARDUIN~1\ARDUIN~1\Debug\libArduinoCore.a(USBCore.o)
 .bss._usbSuspendState
                0x008004cf        0x1 C:\Users\AsusPro\OneDrive\COMMON~1\ARDUIN~1\SOURCE~1\ATMELS~1\ARDUIN~1\ARDUIN~1\ARDUIN~1\Debug\libArduinoCore.a(USBCore.o)
                0x008004cf                _usbSuspendState
 .bss._usbCurrentStatus
                0x008004d0        0x1 C:\Users\AsusPro\OneDrive\COMMON~1\ARDUIN~1\SOURCE~1\ATMELS~1\ARDUIN~1\ARDUIN~1\ARDUIN~1\Debug\libArduinoCore.a(USBCore.o)
                0x008004d0                _usbCurrentStatus
 .bss._usbConfiguration
                0x008004d1        0x1 C:\Users\AsusPro\OneDrive\COMMON~1\ARDUIN~1\SOURCE~1\ATMELS~1\ARDUIN~1\ARDUIN~1\ARDUIN~1\Debug\libArduinoCore.a(USBCore.o)
                0x008004d1                _usbConfiguration
 .bss.RxLEDPulse
                0x008004d2        0x1 C:\Users\AsusPro\OneDrive\COMMON~1\ARDUIN~1\SOURCE~1\ATMELS~1\ARDUIN~1\ARDUIN~1\ARDUIN~1\Debug\libArduinoCore.a(USBCore.o)
                0x008004d2                RxLEDPulse
 .bss.TxLEDPulse
                0x008004d3        0x1 C:\Users\AsusPro\OneDrive\COMMON~1\ARDUIN~1\SOURCE~1\ATMELS~1\ARDUIN~1\ARDUIN~1\ARDUIN~1\Debug\libArduinoCore.a(USBCore.o)
                0x008004d3                TxLEDPulse
 .bss.timer0_fract
                0x008004d4        0x1 C:\Users\AsusPro\OneDrive\COMMON~1\ARDUIN~1\SOURCE~1\ATMELS~1\ARDUIN~1\ARDUIN~1\ARDUIN~1\Debug\libArduinoCore.a(wiring.o)
 .bss.timer0_millis
                0x008004d5        0x4 C:\Users\AsusPro\OneDrive\COMMON~1\ARDUIN~1\SOURCE~1\ATMELS~1\ARDUIN~1\ARDUIN~1\ARDUIN~1\Debug\libArduinoCore.a(wiring.o)
                0x008004d5                timer0_millis
 .bss.timer0_overflow_count
                0x008004d9        0x4 C:\Users\AsusPro\OneDrive\COMMON~1\ARDUIN~1\SOURCE~1\ATMELS~1\ARDUIN~1\ARDUIN~1\ARDUIN~1\Debug\libArduinoCore.a(wiring.o)
                0x008004d9                timer0_overflow_count
 .bss._ZN14SoftwareSerial20_receive_buffer_headE
                0x008004dd        0x1 C:\Users\AsusPro\OneDrive\COMMON~1\ARDUIN~1\SOURCE~1\ATMELS~1\ARDUIN~1\ARDUIN~1\ARDUIN~1\Debug\libArduinoCore.a(SoftwareSerial.o)
                0x008004dd                _ZN14SoftwareSerial20_receive_buffer_headE
 .bss._ZN14SoftwareSerial20_receive_buffer_tailE
                0x008004de        0x1 C:\Users\AsusPro\OneDrive\COMMON~1\ARDUIN~1\SOURCE~1\ATMELS~1\ARDUIN~1\ARDUIN~1\ARDUIN~1\Debug\libArduinoCore.a(SoftwareSerial.o)
                0x008004de                _ZN14SoftwareSerial20_receive_buffer_tailE
 .bss._ZN14SoftwareSerial15_receive_bufferE
                0x008004df       0x40 C:\Users\AsusPro\OneDrive\COMMON~1\ARDUIN~1\SOURCE~1\ATMELS~1\ARDUIN~1\ARDUIN~1\ARDUIN~1\Debug\libArduinoCore.a(SoftwareSerial.o)
                0x008004df                _ZN14SoftwareSerial15_receive_bufferE
 .bss._ZN14SoftwareSerial13active_objectE
                0x0080051f        0x2 C:\Users\AsusPro\OneDrive\COMMON~1\ARDUIN~1\SOURCE~1\ATMELS~1\ARDUIN~1\ARDUIN~1\ARDUIN~1\Debug\libArduinoCore.a(SoftwareSerial.o)
                0x0080051f                _ZN14SoftwareSerial13active_objectE
 .bss._ZZ12PluggableUSBvE3obj
                0x00800521        0x4 C:\Users\AsusPro\OneDrive\COMMON~1\ARDUIN~1\SOURCE~1\ATMELS~1\ARDUIN~1\ARDUIN~1\ARDUIN~1\Debug\libArduinoCore.a(PluggableUSB.o)
 .bss._ZGVZ12PluggableUSBvE3obj
                0x00800525        0x8 C:\Users\AsusPro\OneDrive\COMMON~1\ARDUIN~1\SOURCE~1\ATMELS~1\ARDUIN~1\ARDUIN~1\ARDUIN~1\Debug\libArduinoCore.a(PluggableUSB.o)
 *(COMMON)
                0x0080052d                PROVIDE (__bss_end, .)
                0x00004500                __data_load_start = LOADADDR (.data)
                0x0000462c                __data_load_end = (__data_load_start + SIZEOF (.data))

.noinit         0x0080052d        0x0
                [!provide]                PROVIDE (__noinit_start, .)
 *(.noinit*)
                [!provide]                PROVIDE (__noinit_end, .)
                0x0080052d                _end = .
                0x0080052d                PROVIDE (__heap_start, .)

.eeprom         0x00810000        0x0
 *(.eeprom*)
                0x00810000                __eeprom_end = .

.fuse
 *(.fuse)
 *(.lfuse)
 *(.hfuse)
 *(.efuse)

.lock
 *(.lock*)

.signature
 *(.signature*)

.user_signatures
 *(.user_signatures*)

.stab
 *(.stab)

.stabstr
 *(.stabstr)

.stab.excl
 *(.stab.excl)

.stab.exclstr
 *(.stab.exclstr)

.stab.index
 *(.stab.index)

.stab.indexstr
 *(.stab.indexstr)

.comment        0x00000000       0x30
 *(.comment)
 .comment       0x00000000       0x30 A32u4/AdvIO.o
                                 0x31 (size before relaxing)
 .comment       0x00000030       0x31 A32u4/Common.o
 .comment       0x00000030       0x31 A32u4/ESP8266int.o
 .comment       0x00000030       0x31 A32u4/Gpio.o
 .comment       0x00000030       0x31 A32u4/Interrup.o
 .comment       0x00000030       0x31 A32u4/SEEPROM.o
 .comment       0x00000030       0x31 A32u4/Serial.o
 .comment       0x00000030       0x31 A32u4/Sketch.o
 .comment       0x00000030       0x31 A32u4/SSip.o
 .comment       0x00000030       0x31 A32u4/Time.o
 .comment       0x00000030       0x31 A32u4/WWire.o
 .comment       0x00000030       0x31 src/libraries/SPI/src/SPI.o
 .comment       0x00000030       0x31 src/libraries/Wire/src/utility/twi.o
 .comment       0x00000030       0x31 src/libraries/Wire/src/Wire.o
 .comment       0x00000030       0x31 C:\Users\AsusPro\OneDrive\COMMON~1\ARDUIN~1\SOURCE~1\ATMELS~1\ARDUIN~1\ARDUIN~1\ARDUIN~1\Debug\libArduinoCore.a(CDC.o)
 .comment       0x00000030       0x31 C:\Users\AsusPro\OneDrive\COMMON~1\ARDUIN~1\SOURCE~1\ATMELS~1\ARDUIN~1\ARDUIN~1\ARDUIN~1\Debug\libArduinoCore.a(main.o)
 .comment       0x00000030       0x31 C:\Users\AsusPro\OneDrive\COMMON~1\ARDUIN~1\SOURCE~1\ATMELS~1\ARDUIN~1\ARDUIN~1\ARDUIN~1\Debug\libArduinoCore.a(Print.o)
 .comment       0x00000030       0x31 C:\Users\AsusPro\OneDrive\COMMON~1\ARDUIN~1\SOURCE~1\ATMELS~1\ARDUIN~1\ARDUIN~1\ARDUIN~1\Debug\libArduinoCore.a(Stream.o)
 .comment       0x00000030       0x31 C:\Users\AsusPro\OneDrive\COMMON~1\ARDUIN~1\SOURCE~1\ATMELS~1\ARDUIN~1\ARDUIN~1\ARDUIN~1\Debug\libArduinoCore.a(Tone.o)
 .comment       0x00000030       0x31 C:\Users\AsusPro\OneDrive\COMMON~1\ARDUIN~1\SOURCE~1\ATMELS~1\ARDUIN~1\ARDUIN~1\ARDUIN~1\Debug\libArduinoCore.a(USBCore.o)
 .comment       0x00000030       0x31 C:\Users\AsusPro\OneDrive\COMMON~1\ARDUIN~1\SOURCE~1\ATMELS~1\ARDUIN~1\ARDUIN~1\ARDUIN~1\Debug\libArduinoCore.a(WInterrupts.o)
 .comment       0x00000030       0x31 C:\Users\AsusPro\OneDrive\COMMON~1\ARDUIN~1\SOURCE~1\ATMELS~1\ARDUIN~1\ARDUIN~1\ARDUIN~1\Debug\libArduinoCore.a(wiring.o)
 .comment       0x00000030       0x31 C:\Users\AsusPro\OneDrive\COMMON~1\ARDUIN~1\SOURCE~1\ATMELS~1\ARDUIN~1\ARDUIN~1\ARDUIN~1\Debug\libArduinoCore.a(wiring_analog.o)
 .comment       0x00000030       0x31 C:\Users\AsusPro\OneDrive\COMMON~1\ARDUIN~1\SOURCE~1\ATMELS~1\ARDUIN~1\ARDUIN~1\ARDUIN~1\Debug\libArduinoCore.a(wiring_digital.o)
 .comment       0x00000030       0x31 C:\Users\AsusPro\OneDrive\COMMON~1\ARDUIN~1\SOURCE~1\ATMELS~1\ARDUIN~1\ARDUIN~1\ARDUIN~1\Debug\libArduinoCore.a(wiring_pulse.o)
 .comment       0x00000030       0x31 C:\Users\AsusPro\OneDrive\COMMON~1\ARDUIN~1\SOURCE~1\ATMELS~1\ARDUIN~1\ARDUIN~1\ARDUIN~1\Debug\libArduinoCore.a(wiring_shift.o)
 .comment       0x00000030       0x31 C:\Users\AsusPro\OneDrive\COMMON~1\ARDUIN~1\SOURCE~1\ATMELS~1\ARDUIN~1\ARDUIN~1\ARDUIN~1\Debug\libArduinoCore.a(WMath.o)
 .comment       0x00000030       0x31 C:\Users\AsusPro\OneDrive\COMMON~1\ARDUIN~1\SOURCE~1\ATMELS~1\ARDUIN~1\ARDUIN~1\ARDUIN~1\Debug\libArduinoCore.a(SoftwareSerial.o)
 .comment       0x00000030       0x31 C:\Users\AsusPro\OneDrive\COMMON~1\ARDUIN~1\SOURCE~1\ATMELS~1\ARDUIN~1\ARDUIN~1\ARDUIN~1\Debug\libArduinoCore.a(hooks.o)
 .comment       0x00000030       0x31 C:\Users\AsusPro\OneDrive\COMMON~1\ARDUIN~1\SOURCE~1\ATMELS~1\ARDUIN~1\ARDUIN~1\ARDUIN~1\Debug\libArduinoCore.a(PluggableUSB.o)
 .comment       0x00000030       0x31 c:/program files (x86)/atmel/studio/7.0/toolchain/avr8/avr8-gnu-toolchain/bin/../lib/gcc/avr/5.4.0/../../../../avr/lib/avr5\libc.a(random.o)

.note.gnu.avr.deviceinfo
                0x00000000       0x40
 .note.gnu.avr.deviceinfo
                0x00000000       0x40 C:/Program Files (x86)/Atmel/Studio/7.0/Packs/atmel/ATmega_DFP/1.2.209/gcc/dev/atmega32u4/avr5/crtatmega32u4.o

.note.gnu.build-id
 *(.note.gnu.build-id)

.debug
 *(.debug)

.line
 *(.line)

.debug_srcinfo
 *(.debug_srcinfo)

.debug_sfnames
 *(.debug_sfnames)

.debug_aranges  0x00000000      0xc10
 *(.debug_aranges)
 .debug_aranges
                0x00000000       0x58 A32u4/AdvIO.o
 .debug_aranges
                0x00000058       0x30 A32u4/Common.o
 .debug_aranges
                0x00000088       0x78 A32u4/ESP8266int.o
 .debug_aranges
                0x00000100       0x50 A32u4/Gpio.o
 .debug_aranges
                0x00000150       0x38 A32u4/Interrup.o
 .debug_aranges
                0x00000188       0x38 A32u4/SEEPROM.o
 .debug_aranges
                0x000001c0       0x80 A32u4/Serial.o
 .debug_aranges
                0x00000240       0x28 A32u4/Sketch.o
 .debug_aranges
                0x00000268       0x70 A32u4/SSip.o
 .debug_aranges
                0x000002d8       0x38 A32u4/Time.o
 .debug_aranges
                0x00000310       0x90 A32u4/WWire.o
 .debug_aranges
                0x000003a0       0x38 src/libraries/SPI/src/SPI.o
 .debug_aranges
                0x000003d8       0x80 src/libraries/Wire/src/utility/twi.o
 .debug_aranges
                0x00000458       0xf8 src/libraries/Wire/src/Wire.o
 .debug_aranges
                0x00000550       0xd0 C:\Users\AsusPro\OneDrive\COMMON~1\ARDUIN~1\SOURCE~1\ATMELS~1\ARDUIN~1\ARDUIN~1\ARDUIN~1\Debug\libArduinoCore.a(CDC.o)
 .debug_aranges
                0x00000620       0x30 C:\Users\AsusPro\OneDrive\COMMON~1\ARDUIN~1\SOURCE~1\ATMELS~1\ARDUIN~1\ARDUIN~1\ARDUIN~1\Debug\libArduinoCore.a(main.o)
 .debug_aranges
                0x00000650      0x100 C:\Users\AsusPro\OneDrive\COMMON~1\ARDUIN~1\SOURCE~1\ATMELS~1\ARDUIN~1\ARDUIN~1\ARDUIN~1\Debug\libArduinoCore.a(Print.o)
 .debug_aranges
                0x00000750       0x98 C:\Users\AsusPro\OneDrive\COMMON~1\ARDUIN~1\SOURCE~1\ATMELS~1\ARDUIN~1\ARDUIN~1\ARDUIN~1\Debug\libArduinoCore.a(Stream.o)
 .debug_aranges
                0x000007e8       0x38 C:\Users\AsusPro\OneDrive\COMMON~1\ARDUIN~1\SOURCE~1\ATMELS~1\ARDUIN~1\ARDUIN~1\ARDUIN~1\Debug\libArduinoCore.a(Tone.o)
 .debug_aranges
                0x00000820       0xd8 C:\Users\AsusPro\OneDrive\COMMON~1\ARDUIN~1\SOURCE~1\ATMELS~1\ARDUIN~1\ARDUIN~1\ARDUIN~1\Debug\libArduinoCore.a(USBCore.o)
 .debug_aranges
                0x000008f8       0x58 C:\Users\AsusPro\OneDrive\COMMON~1\ARDUIN~1\SOURCE~1\ATMELS~1\ARDUIN~1\ARDUIN~1\ARDUIN~1\Debug\libArduinoCore.a(WInterrupts.o)
 .debug_aranges
                0x00000950       0x48 C:\Users\AsusPro\OneDrive\COMMON~1\ARDUIN~1\SOURCE~1\ATMELS~1\ARDUIN~1\ARDUIN~1\ARDUIN~1\Debug\libArduinoCore.a(wiring.o)
 .debug_aranges
                0x00000998       0x30 C:\Users\AsusPro\OneDrive\COMMON~1\ARDUIN~1\SOURCE~1\ATMELS~1\ARDUIN~1\ARDUIN~1\ARDUIN~1\Debug\libArduinoCore.a(wiring_analog.o)
 .debug_aranges
                0x000009c8       0x38 C:\Users\AsusPro\OneDrive\COMMON~1\ARDUIN~1\SOURCE~1\ATMELS~1\ARDUIN~1\ARDUIN~1\ARDUIN~1\Debug\libArduinoCore.a(wiring_digital.o)
 .debug_aranges
                0x00000a00       0x28 C:\Users\AsusPro\OneDrive\COMMON~1\ARDUIN~1\SOURCE~1\ATMELS~1\ARDUIN~1\ARDUIN~1\ARDUIN~1\Debug\libArduinoCore.a(wiring_pulse.o)
 .debug_aranges
                0x00000a28       0x28 C:\Users\AsusPro\OneDrive\COMMON~1\ARDUIN~1\SOURCE~1\ATMELS~1\ARDUIN~1\ARDUIN~1\ARDUIN~1\Debug\libArduinoCore.a(wiring_shift.o)
 .debug_aranges
                0x00000a50       0x48 C:\Users\AsusPro\OneDrive\COMMON~1\ARDUIN~1\SOURCE~1\ATMELS~1\ARDUIN~1\ARDUIN~1\ARDUIN~1\Debug\libArduinoCore.a(WMath.o)
 .debug_aranges
                0x00000a98       0xa8 C:\Users\AsusPro\OneDrive\COMMON~1\ARDUIN~1\SOURCE~1\ATMELS~1\ARDUIN~1\ARDUIN~1\ARDUIN~1\Debug\libArduinoCore.a(SoftwareSerial.o)
 .debug_aranges
                0x00000b40       0x20 C:\Users\AsusPro\OneDrive\COMMON~1\ARDUIN~1\SOURCE~1\ATMELS~1\ARDUIN~1\ARDUIN~1\ARDUIN~1\Debug\libArduinoCore.a(hooks.o)
 .debug_aranges
                0x00000b60       0x50 C:\Users\AsusPro\OneDrive\COMMON~1\ARDUIN~1\SOURCE~1\ATMELS~1\ARDUIN~1\ARDUIN~1\ARDUIN~1\Debug\libArduinoCore.a(PluggableUSB.o)
 .debug_aranges
                0x00000bb0       0x20 C:\Users\AsusPro\OneDrive\COMMON~1\ARDUIN~1\SOURCE~1\ATMELS~1\ARDUIN~1\ARDUIN~1\ARDUIN~1\Debug\libArduinoCore.a(wiring_pulse.o)
 .debug_aranges
                0x00000bd0       0x20 C:/Program Files (x86)/Atmel/Studio/7.0/Packs/atmel/ATmega_DFP/1.2.209/gcc/dev/atmega32u4/avr5\libatmega32u4.a(eerd_byte.o)
 .debug_aranges
                0x00000bf0       0x20 C:/Program Files (x86)/Atmel/Studio/7.0/Packs/atmel/ATmega_DFP/1.2.209/gcc/dev/atmega32u4/avr5\libatmega32u4.a(eewr_byte.o)

.debug_pubnames
 *(.debug_pubnames)

.debug_info     0x00000000    0x1c4a0
 *(.debug_info .gnu.linkonce.wi.*)
 .debug_info    0x00000000      0x9f4 C:/Program Files (x86)/Atmel/Studio/7.0/Packs/atmel/ATmega_DFP/1.2.209/gcc/dev/atmega32u4/avr5/crtatmega32u4.o
 .debug_info    0x000009f4      0xb11 A32u4/AdvIO.o
 .debug_info    0x00001505     0x1bff A32u4/Common.o
 .debug_info    0x00003104     0x2334 A32u4/ESP8266int.o
 .debug_info    0x00005438      0x4b3 A32u4/Gpio.o
 .debug_info    0x000058eb      0x380 A32u4/Interrup.o
 .debug_info    0x00005c6b      0xb1e A32u4/SEEPROM.o
 .debug_info    0x00006789     0x1e9e A32u4/Serial.o
 .debug_info    0x00008627      0x970 A32u4/Sketch.o
 .debug_info    0x00008f97      0xb5e A32u4/SSip.o
 .debug_info    0x00009af5      0x44e A32u4/Time.o
 .debug_info    0x00009f43      0xa58 A32u4/WWire.o
 .debug_info    0x0000a99b      0x699 src/libraries/SPI/src/SPI.o
 .debug_info    0x0000b034      0x632 src/libraries/Wire/src/utility/twi.o
 .debug_info    0x0000b666     0x27b4 src/libraries/Wire/src/Wire.o
 .debug_info    0x0000de1a     0x29cd C:\Users\AsusPro\OneDrive\COMMON~1\ARDUIN~1\SOURCE~1\ATMELS~1\ARDUIN~1\ARDUIN~1\ARDUIN~1\Debug\libArduinoCore.a(CDC.o)
 .debug_info    0x000107e7      0x33a C:\Users\AsusPro\OneDrive\COMMON~1\ARDUIN~1\SOURCE~1\ATMELS~1\ARDUIN~1\ARDUIN~1\ARDUIN~1\Debug\libArduinoCore.a(main.o)
 .debug_info    0x00010b21     0x292d C:\Users\AsusPro\OneDrive\COMMON~1\ARDUIN~1\SOURCE~1\ATMELS~1\ARDUIN~1\ARDUIN~1\ARDUIN~1\Debug\libArduinoCore.a(Print.o)
 .debug_info    0x0001344e     0x21fe C:\Users\AsusPro\OneDrive\COMMON~1\ARDUIN~1\SOURCE~1\ATMELS~1\ARDUIN~1\ARDUIN~1\ARDUIN~1\Debug\libArduinoCore.a(Stream.o)
 .debug_info    0x0001564c      0x8dc C:\Users\AsusPro\OneDrive\COMMON~1\ARDUIN~1\SOURCE~1\ATMELS~1\ARDUIN~1\ARDUIN~1\ARDUIN~1\Debug\libArduinoCore.a(Tone.o)
 .debug_info    0x00015f28     0x1a29 C:\Users\AsusPro\OneDrive\COMMON~1\ARDUIN~1\SOURCE~1\ATMELS~1\ARDUIN~1\ARDUIN~1\ARDUIN~1\Debug\libArduinoCore.a(USBCore.o)
 .debug_info    0x00017951      0x28c C:\Users\AsusPro\OneDrive\COMMON~1\ARDUIN~1\SOURCE~1\ATMELS~1\ARDUIN~1\ARDUIN~1\ARDUIN~1\Debug\libArduinoCore.a(WInterrupts.o)
 .debug_info    0x00017bdd      0x2f9 C:\Users\AsusPro\OneDrive\COMMON~1\ARDUIN~1\SOURCE~1\ATMELS~1\ARDUIN~1\ARDUIN~1\ARDUIN~1\Debug\libArduinoCore.a(wiring.o)
 .debug_info    0x00017ed6      0x2d7 C:\Users\AsusPro\OneDrive\COMMON~1\ARDUIN~1\SOURCE~1\ATMELS~1\ARDUIN~1\ARDUIN~1\ARDUIN~1\Debug\libArduinoCore.a(wiring_analog.o)
 .debug_info    0x000181ad      0x633 C:\Users\AsusPro\OneDrive\COMMON~1\ARDUIN~1\SOURCE~1\ATMELS~1\ARDUIN~1\ARDUIN~1\ARDUIN~1\Debug\libArduinoCore.a(wiring_digital.o)
 .debug_info    0x000187e0      0x49e C:\Users\AsusPro\OneDrive\COMMON~1\ARDUIN~1\SOURCE~1\ATMELS~1\ARDUIN~1\ARDUIN~1\ARDUIN~1\Debug\libArduinoCore.a(wiring_pulse.o)
 .debug_info    0x00018c7e      0x2c1 C:\Users\AsusPro\OneDrive\COMMON~1\ARDUIN~1\SOURCE~1\ATMELS~1\ARDUIN~1\ARDUIN~1\ARDUIN~1\Debug\libArduinoCore.a(wiring_shift.o)
 .debug_info    0x00018f3f      0x230 C:\Users\AsusPro\OneDrive\COMMON~1\ARDUIN~1\SOURCE~1\ATMELS~1\ARDUIN~1\ARDUIN~1\ARDUIN~1\Debug\libArduinoCore.a(WMath.o)
 .debug_info    0x0001916f     0x2920 C:\Users\AsusPro\OneDrive\COMMON~1\ARDUIN~1\SOURCE~1\ATMELS~1\ARDUIN~1\ARDUIN~1\ARDUIN~1\Debug\libArduinoCore.a(SoftwareSerial.o)
 .debug_info    0x0001ba8f       0x3e C:\Users\AsusPro\OneDrive\COMMON~1\ARDUIN~1\SOURCE~1\ATMELS~1\ARDUIN~1\ARDUIN~1\ARDUIN~1\Debug\libArduinoCore.a(hooks.o)
 .debug_info    0x0001bacd      0x79f C:\Users\AsusPro\OneDrive\COMMON~1\ARDUIN~1\SOURCE~1\ATMELS~1\ARDUIN~1\ARDUIN~1\ARDUIN~1\Debug\libArduinoCore.a(PluggableUSB.o)
 .debug_info    0x0001c26c       0xdc C:\Users\AsusPro\OneDrive\COMMON~1\ARDUIN~1\SOURCE~1\ATMELS~1\ARDUIN~1\ARDUIN~1\ARDUIN~1\Debug\libArduinoCore.a(wiring_pulse.o)
 .debug_info    0x0001c348       0xac C:/Program Files (x86)/Atmel/Studio/7.0/Packs/atmel/ATmega_DFP/1.2.209/gcc/dev/atmega32u4/avr5\libatmega32u4.a(eerd_byte.o)
 .debug_info    0x0001c3f4       0xac C:/Program Files (x86)/Atmel/Studio/7.0/Packs/atmel/ATmega_DFP/1.2.209/gcc/dev/atmega32u4/avr5\libatmega32u4.a(eewr_byte.o)

.debug_abbrev   0x00000000     0x5e54
 *(.debug_abbrev)
 .debug_abbrev  0x00000000      0x96a C:/Program Files (x86)/Atmel/Studio/7.0/Packs/atmel/ATmega_DFP/1.2.209/gcc/dev/atmega32u4/avr5/crtatmega32u4.o
 .debug_abbrev  0x0000096a      0x20e A32u4/AdvIO.o
 .debug_abbrev  0x00000b78      0x3fd A32u4/Common.o
 .debug_abbrev  0x00000f75      0x55c A32u4/ESP8266int.o
 .debug_abbrev  0x000014d1      0x16e A32u4/Gpio.o
 .debug_abbrev  0x0000163f      0x18e A32u4/Interrup.o
 .debug_abbrev  0x000017cd      0x27f A32u4/SEEPROM.o
 .debug_abbrev  0x00001a4c      0x467 A32u4/Serial.o
 .debug_abbrev  0x00001eb3      0x225 A32u4/Sketch.o
 .debug_abbrev  0x000020d8      0x3f0 A32u4/SSip.o
 .debug_abbrev  0x000024c8      0x1a4 A32u4/Time.o
 .debug_abbrev  0x0000266c      0x2a9 A32u4/WWire.o
 .debug_abbrev  0x00002915      0x283 src/libraries/SPI/src/SPI.o
 .debug_abbrev  0x00002b98      0x260 src/libraries/Wire/src/utility/twi.o
 .debug_abbrev  0x00002df8      0x581 src/libraries/Wire/src/Wire.o
 .debug_abbrev  0x00003379      0x5fc C:\Users\AsusPro\OneDrive\COMMON~1\ARDUIN~1\SOURCE~1\ATMELS~1\ARDUIN~1\ARDUIN~1\ARDUIN~1\Debug\libArduinoCore.a(CDC.o)
 .debug_abbrev  0x00003975      0x19a C:\Users\AsusPro\OneDrive\COMMON~1\ARDUIN~1\SOURCE~1\ATMELS~1\ARDUIN~1\ARDUIN~1\ARDUIN~1\Debug\libArduinoCore.a(main.o)
 .debug_abbrev  0x00003b0f      0x47a C:\Users\AsusPro\OneDrive\COMMON~1\ARDUIN~1\SOURCE~1\ATMELS~1\ARDUIN~1\ARDUIN~1\ARDUIN~1\Debug\libArduinoCore.a(Print.o)
 .debug_abbrev  0x00003f89      0x49b C:\Users\AsusPro\OneDrive\COMMON~1\ARDUIN~1\SOURCE~1\ATMELS~1\ARDUIN~1\ARDUIN~1\ARDUIN~1\Debug\libArduinoCore.a(Stream.o)
 .debug_abbrev  0x00004424      0x29c C:\Users\AsusPro\OneDrive\COMMON~1\ARDUIN~1\SOURCE~1\ATMELS~1\ARDUIN~1\ARDUIN~1\ARDUIN~1\Debug\libArduinoCore.a(Tone.o)
 .debug_abbrev  0x000046c0      0x5f1 C:\Users\AsusPro\OneDrive\COMMON~1\ARDUIN~1\SOURCE~1\ATMELS~1\ARDUIN~1\ARDUIN~1\ARDUIN~1\Debug\libArduinoCore.a(USBCore.o)
 .debug_abbrev  0x00004cb1       0xed C:\Users\AsusPro\OneDrive\COMMON~1\ARDUIN~1\SOURCE~1\ATMELS~1\ARDUIN~1\ARDUIN~1\ARDUIN~1\Debug\libArduinoCore.a(WInterrupts.o)
 .debug_abbrev  0x00004d9e      0x146 C:\Users\AsusPro\OneDrive\COMMON~1\ARDUIN~1\SOURCE~1\ATMELS~1\ARDUIN~1\ARDUIN~1\ARDUIN~1\Debug\libArduinoCore.a(wiring.o)
 .debug_abbrev  0x00004ee4      0x183 C:\Users\AsusPro\OneDrive\COMMON~1\ARDUIN~1\SOURCE~1\ATMELS~1\ARDUIN~1\ARDUIN~1\ARDUIN~1\Debug\libArduinoCore.a(wiring_analog.o)
 .debug_abbrev  0x00005067      0x15a C:\Users\AsusPro\OneDrive\COMMON~1\ARDUIN~1\SOURCE~1\ATMELS~1\ARDUIN~1\ARDUIN~1\ARDUIN~1\Debug\libArduinoCore.a(wiring_digital.o)
 .debug_abbrev  0x000051c1      0x121 C:\Users\AsusPro\OneDrive\COMMON~1\ARDUIN~1\SOURCE~1\ATMELS~1\ARDUIN~1\ARDUIN~1\ARDUIN~1\Debug\libArduinoCore.a(wiring_pulse.o)
 .debug_abbrev  0x000052e2      0x111 C:\Users\AsusPro\OneDrive\COMMON~1\ARDUIN~1\SOURCE~1\ATMELS~1\ARDUIN~1\ARDUIN~1\ARDUIN~1\Debug\libArduinoCore.a(wiring_shift.o)
 .debug_abbrev  0x000053f3      0x12b C:\Users\AsusPro\OneDrive\COMMON~1\ARDUIN~1\SOURCE~1\ATMELS~1\ARDUIN~1\ARDUIN~1\ARDUIN~1\Debug\libArduinoCore.a(WMath.o)
 .debug_abbrev  0x0000551e      0x60b C:\Users\AsusPro\OneDrive\COMMON~1\ARDUIN~1\SOURCE~1\ATMELS~1\ARDUIN~1\ARDUIN~1\ARDUIN~1\Debug\libArduinoCore.a(SoftwareSerial.o)
 .debug_abbrev  0x00005b29       0x2a C:\Users\AsusPro\OneDrive\COMMON~1\ARDUIN~1\SOURCE~1\ATMELS~1\ARDUIN~1\ARDUIN~1\ARDUIN~1\Debug\libArduinoCore.a(hooks.o)
 .debug_abbrev  0x00005b53      0x2c5 C:\Users\AsusPro\OneDrive\COMMON~1\ARDUIN~1\SOURCE~1\ATMELS~1\ARDUIN~1\ARDUIN~1\ARDUIN~1\Debug\libArduinoCore.a(PluggableUSB.o)
 .debug_abbrev  0x00005e18       0x14 C:\Users\AsusPro\OneDrive\COMMON~1\ARDUIN~1\SOURCE~1\ATMELS~1\ARDUIN~1\ARDUIN~1\ARDUIN~1\Debug\libArduinoCore.a(wiring_pulse.o)