Archive member included to satisfy reference by file (symbol)

C:\Users\win7h\Documents\Atmel Studio\7.0\ArduinoSketch3\ArduinoSketch2\ArduinoCore\Release\libArduinoCore.a(CDC.o)
                              Common.o (_ZN7Serial_9availableEv)
C:\Users\win7h\Documents\Atmel Studio\7.0\ArduinoSketch3\ArduinoSketch2\ArduinoCore\Release\libArduinoCore.a(HardwareSerial.o)
                              Serial.o (_ZN14HardwareSerial9availableEv)
C:\Users\win7h\Documents\Atmel Studio\7.0\ArduinoSketch3\ArduinoSketch2\ArduinoCore\Release\libArduinoCore.a(HardwareSerial1.o)
                              Serial.o (Serial1)
C:\Users\win7h\Documents\Atmel Studio\7.0\ArduinoSketch3\ArduinoSketch2\ArduinoCore\Release\libArduinoCore.a(main.o)
                              C:/Program Files (x86)/Atmel/Studio/7.0/Packs/atmel/ATmega_DFP/1.2.209/gcc/dev/atmega32u4/avr5/crtatmega32u4.o (main)
C:\Users\win7h\Documents\Atmel Studio\7.0\ArduinoSketch3\ArduinoSketch2\ArduinoCore\Release\libArduinoCore.a(Print.o)
                              Serial.o (_ZN5Print5writeEPKhj)
C:\Users\win7h\Documents\Atmel Studio\7.0\ArduinoSketch3\ArduinoSketch2\ArduinoCore\Release\libArduinoCore.a(Stream.o)
                              Common.o (_ZN6Stream9readBytesEPcj)
C:\Users\win7h\Documents\Atmel Studio\7.0\ArduinoSketch3\ArduinoSketch2\ArduinoCore\Release\libArduinoCore.a(Tone.o)
                              AdvIO.o (_Z4tonehjm)
C:\Users\win7h\Documents\Atmel Studio\7.0\ArduinoSketch3\ArduinoSketch2\ArduinoCore\Release\libArduinoCore.a(USBCore.o)
                              C:\Users\win7h\Documents\Atmel Studio\7.0\ArduinoSketch3\ArduinoSketch2\ArduinoCore\Release\libArduinoCore.a(CDC.o) (_Z13USB_Availableh)
C:\Users\win7h\Documents\Atmel Studio\7.0\ArduinoSketch3\ArduinoSketch2\ArduinoCore\Release\libArduinoCore.a(wiring.o)
                              C:\Users\win7h\Documents\Atmel Studio\7.0\ArduinoSketch3\ArduinoSketch2\ArduinoCore\Release\libArduinoCore.a(Stream.o) (millis)
C:\Users\win7h\Documents\Atmel Studio\7.0\ArduinoSketch3\ArduinoSketch2\ArduinoCore\Release\libArduinoCore.a(wiring_analog.o)
                              Gpio.o (analogRead)
C:\Users\win7h\Documents\Atmel Studio\7.0\ArduinoSketch3\ArduinoSketch2\ArduinoCore\Release\libArduinoCore.a(wiring_digital.o)
                              Gpio.o (pinMode)
C:\Users\win7h\Documents\Atmel Studio\7.0\ArduinoSketch3\ArduinoSketch2\ArduinoCore\Release\libArduinoCore.a(wiring_pulse.o)
                              AdvIO.o (pulseIn)
C:\Users\win7h\Documents\Atmel Studio\7.0\ArduinoSketch3\ArduinoSketch2\ArduinoCore\Release\libArduinoCore.a(wiring_shift.o)
                              AdvIO.o (shiftIn)
C:\Users\win7h\Documents\Atmel Studio\7.0\ArduinoSketch3\ArduinoSketch2\ArduinoCore\Release\libArduinoCore.a(WMath.o)
                              Gpio.o (_Z6randomll)
C:\Users\win7h\Documents\Atmel Studio\7.0\ArduinoSketch3\ArduinoSketch2\ArduinoCore\Release\libArduinoCore.a(WString.o)
                              C:\Users\win7h\Documents\Atmel Studio\7.0\ArduinoSketch3\ArduinoSketch2\ArduinoCore\Release\libArduinoCore.a(Stream.o) (_ZN6StringC1EPKc)
C:\Users\win7h\Documents\Atmel Studio\7.0\ArduinoSketch3\ArduinoSketch2\ArduinoCore\Release\libArduinoCore.a(abi.o)
                              C:\Users\win7h\Documents\Atmel Studio\7.0\ArduinoSketch3\ArduinoSketch2\ArduinoCore\Release\libArduinoCore.a(Print.o) (__cxa_pure_virtual)
C:\Users\win7h\Documents\Atmel Studio\7.0\ArduinoSketch3\ArduinoSketch2\ArduinoCore\Release\libArduinoCore.a(hooks.o)
                              C:\Users\win7h\Documents\Atmel Studio\7.0\ArduinoSketch3\ArduinoSketch2\ArduinoCore\Release\libArduinoCore.a(wiring.o) (yield)
C:\Users\win7h\Documents\Atmel Studio\7.0\ArduinoSketch3\ArduinoSketch2\ArduinoCore\Release\libArduinoCore.a(PluggableUSB.o)
                              C:\Users\win7h\Documents\Atmel Studio\7.0\ArduinoSketch3\ArduinoSketch2\ArduinoCore\Release\libArduinoCore.a(USBCore.o) (_ZN13PluggableUSB_12getInterfaceEPh)
C:\Users\win7h\Documents\Atmel Studio\7.0\ArduinoSketch3\ArduinoSketch2\ArduinoCore\Release\libArduinoCore.a(wiring_pulse.o)
                              C:\Users\win7h\Documents\Atmel Studio\7.0\ArduinoSketch3\ArduinoSketch2\ArduinoCore\Release\libArduinoCore.a(wiring_pulse.o) (countPulseASM)
c:/program files (x86)/atmel/studio/7.0/toolchain/avr8/avr8-gnu-toolchain/bin/../lib/gcc/avr/5.4.0/../../../../avr/lib/avr5\libm.a(addsf3.o)
                              C:\Users\win7h\Documents\Atmel Studio\7.0\ArduinoSketch3\ArduinoSketch2\ArduinoCore\Release\libArduinoCore.a(Print.o) (__subsf3)
c:/program files (x86)/atmel/studio/7.0/toolchain/avr8/avr8-gnu-toolchain/bin/../lib/gcc/avr/5.4.0/../../../../avr/lib/avr5\libm.a(addsf3x.o)
                              c:/program files (x86)/atmel/studio/7.0/toolchain/avr8/avr8-gnu-toolchain/bin/../lib/gcc/avr/5.4.0/../../../../avr/lib/avr5\libm.a(addsf3.o) (__addsf3x)
[...]
Memory Configuration

Name             Origin             Length             Attributes
text             0x00000000         0x00020000         xr
data             0x00800060         0x0000ffa0         rw !x
eeprom           0x00810000         0x00010000         rw !x
fuse             0x00820000         0x00000003         rw !x
lock             0x00830000         0x00000400         rw !x
signature        0x00840000         0x00000400         rw !x
user_signatures  0x00850000         0x00000400         rw !x
*default*        0x00000000         0xffffffff

Linker script and memory map

Address of section .data set to 0x800100
LOAD C:/Program Files (x86)/Atmel/Studio/7.0/Packs/atmel/ATmega_DFP/1.2.209/gcc/dev/atmega32u4/avr5/crtatmega32u4.o
LOAD AdvIO.o
LOAD Common.o
LOAD Gpio.o
LOAD Serial.o
LOAD Sketch.o
LOAD src/libraries/SPI/src/SPI.o
LOAD src/libraries/Wire/src/utility/twi.o
LOAD src/libraries/Wire/src/Wire.o
LOAD SSip.o
LOAD Time.o
LOAD WWire.o
START GROUP
LOAD c:/program files (x86)/atmel/studio/7.0/toolchain/avr8/avr8-gnu-toolchain/bin/../lib/gcc/avr/5.4.0/../../../../avr/lib/avr5\libm.a
LOAD C:\Users\win7h\Documents\Atmel Studio\7.0\ArduinoSketch3\ArduinoSketch2\ArduinoCore\Release\libArduinoCore.a
END GROUP
LOAD c:/program files (x86)/atmel/studio/7.0/toolchain/avr8/avr8-gnu-toolchain/bin/../lib/gcc/avr/5.4.0/avr5\libgcc.a
LOAD c:/program files (x86)/atmel/studio/7.0/toolchain/avr8/avr8-gnu-toolchain/bin/../lib/gcc/avr/5.4.0/../../../../avr/lib/avr5\libm.a
START GROUP
LOAD c:/program files (x86)/atmel/studio/7.0/toolchain/avr8/avr8-gnu-toolchain/bin/../lib/gcc/avr/5.4.0/avr5\libgcc.a
LOAD c:/program files (x86)/atmel/studio/7.0/toolchain/avr8/avr8-gnu-toolchain/bin/../lib/gcc/avr/5.4.0/../../../../avr/lib/avr5\libm.a
LOAD c:/program files (x86)/atmel/studio/7.0/toolchain/avr8/avr8-gnu-toolchain/bin/../lib/gcc/avr/5.4.0/../../../../avr/lib/avr5\libc.a
LOAD C:/Program Files (x86)/Atmel/Studio/7.0/Packs/atmel/ATmega_DFP/1.2.209/gcc/dev/atmega32u4/avr5\libatmega32u4.a
END GROUP
                0x00020000                __TEXT_REGION_LENGTH__ = DEFINED (__TEXT_REGION_LENGTH__)?__TEXT_REGION_LENGTH__:0x20000
                0x0000ffa0                __DATA_REGION_LENGTH__ = DEFINED (__DATA_REGION_LENGTH__)?__DATA_REGION_LENGTH__:0xffa0
                0x00010000                __EEPROM_REGION_LENGTH__ = DEFINED (__EEPROM_REGION_LENGTH__)?__EEPROM_REGION_LENGTH__:0x10000
                [0x00000003]                __FUSE_REGION_LENGTH__ = DEFINED (__FUSE_REGION_LENGTH__)?__FUSE_REGION_LENGTH__:0x400
                0x00000400                __LOCK_REGION_LENGTH__ = DEFINED (__LOCK_REGION_LENGTH__)?__LOCK_REGION_LENGTH__:0x400
                0x00000400                __SIGNATURE_REGION_LENGTH__ = DEFINED (__SIGNATURE_REGION_LENGTH__)?__SIGNATURE_REGION_LENGTH__:0x400
                0x00000400                __USER_SIGNATURE_REGION_LENGTH__ = DEFINED (__USER_SIGNATURE_REGION_LENGTH__)?__USER_SIGNATURE_REGION_LENGTH__:0x400

.hash
 *(.hash)

.dynsym
 *(.dynsym)

.dynstr
 *(.dynstr)

.gnu.version
 *(.gnu.version)

.gnu.version_d
 *(.gnu.version_d)

.gnu.version_r
 *(.gnu.version_r)

.rel.init
 *(.rel.init)

.rela.init
 *(.rela.init)

.rel.text
 *(.rel.text)
 *(.rel.text.*)
 *(.rel.gnu.linkonce.t*)

.rela.text
 *(.rela.text)
 *(.rela.text.*)
 *(.rela.gnu.linkonce.t*)

.rel.fini
 *(.rel.fini)

.rela.fini
 *(.rela.fini)

.rel.rodata
 *(.rel.rodata)
 *(.rel.rodata.*)
 *(.rel.gnu.linkonce.r*)

.rela.rodata
 *(.rela.rodata)
 *(.rela.rodata.*)
 *(.rela.gnu.linkonce.r*)

.rel.data
 *(.rel.data)
 *(.rel.data.*)
 *(.rel.gnu.linkonce.d*)

.rela.data
 *(.rela.data)
 *(.rela.data.*)
 *(.rela.gnu.linkonce.d*)

.rel.ctors
 *(.rel.ctors)

.rela.ctors
 *(.rela.ctors)

.rel.dtors
 *(.rel.dtors)

.rela.dtors
 *(.rela.dtors)

.rel.got
 *(.rel.got)

.rela.got
 *(.rela.got)

.rel.bss
 *(.rel.bss)

.rela.bss
 *(.rela.bss)

.rel.plt
 *(.rel.plt)

.rela.plt
 *(.rela.plt)

.text           0x00000000     0x2bbc
 *(.vectors)
 .vectors       0x00000000       0xac C:/Program Files (x86)/Atmel/Studio/7.0/Packs/atmel/ATmega_DFP/1.2.209/gcc/dev/atmega32u4/avr5/crtatmega32u4.o
                0x00000000                __vector_default
                0x00000000                __vectors
 *(.vectors)
 *(.progmem.gcc*)
 .progmem.gcc_sw_table.analogWrite
                0x000000ac       0x1e C:\Users\win7h\Documents\Atmel Studio\7.0\ArduinoSketch3\ArduinoSketch2\ArduinoCore\Release\libArduinoCore.a(wiring_analog.o)
 .progmem.gcc_sw_table.turnOffPWM
                0x000000ca       0x1e C:\Users\win7h\Documents\Atmel Studio\7.0\ArduinoSketch3\ArduinoSketch2\ArduinoCore\Release\libArduinoCore.a(wiring_digital.o)
                0x000000e8                . = ALIGN (0x2)
                0x000000e8                __trampolines_start = .
 *(.trampolines)
 .trampolines   0x000000e8        0x0 linker stubs
 *(.trampolines*)
                0x000000e8                __trampolines_end = .
 *libprintf_flt.a:*(.progmem.data)
 *libc.a:*(.progmem.data)
 *(.progmem*)
 .progmem.data._cdcInterface
                0x000000e8       0x42 C:\Users\win7h\Documents\Atmel Studio\7.0\ArduinoSketch3\ArduinoSketch2\ArduinoCore\Release\libArduinoCore.a(CDC.o)
                0x000000e8                _cdcInterface
 .progmem.data._ZL21tone_pin_to_timer_PGM
                0x0000012a        0x1 C:\Users\win7h\Documents\Atmel Studio\7.0\ArduinoSketch3\ArduinoSketch2\ArduinoCore\Release\libArduinoCore.a(Tone.o)
 .progmem.data.USB_DeviceDescriptorIAD
                0x0000012b       0x12 C:\Users\win7h\Documents\Atmel Studio\7.0\ArduinoSketch3\ArduinoSketch2\ArduinoCore\Release\libArduinoCore.a(USBCore.o)
                0x0000012b                USB_DeviceDescriptorIAD
 .progmem.data.STRING_MANUFACTURER
                0x0000013d        0xc C:\Users\win7h\Documents\Atmel Studio\7.0\ArduinoSketch3\ArduinoSketch2\ArduinoCore\Release\libArduinoCore.a(USBCore.o)
                0x0000013d                STRING_MANUFACTURER
 .progmem.data.STRING_PRODUCT
                0x00000149       0x11 C:\Users\win7h\Documents\Atmel Studio\7.0\ArduinoSketch3\ArduinoSketch2\ArduinoCore\Release\libArduinoCore.a(USBCore.o)
                0x00000149                STRING_PRODUCT
 .progmem.data.STRING_LANGUAGE
                0x0000015a        0x4 C:\Users\win7h\Documents\Atmel Studio\7.0\ArduinoSketch3\ArduinoSketch2\ArduinoCore\Release\libArduinoCore.a(USBCore.o)
                0x0000015a                STRING_LANGUAGE
 .progmem.data.analog_pin_to_channel_PGM
                0x0000015e        0xc C:\Users\win7h\Documents\Atmel Studio\7.0\ArduinoSketch3\ArduinoSketch2\ArduinoCore\Release\libArduinoCore.a(wiring_digital.o)
                0x0000015e                analog_pin_to_channel_PGM
 .progmem.data.digital_pin_to_timer_PGM
                0x0000016a       0x1f C:\Users\win7h\Documents\Atmel Studio\7.0\ArduinoSketch3\ArduinoSketch2\ArduinoCore\Release\libArduinoCore.a(wiring_digital.o)
                0x0000016a                digital_pin_to_timer_PGM
 .progmem.data.digital_pin_to_bit_mask_PGM
                0x00000189       0x1f C:\Users\win7h\Documents\Atmel Studio\7.0\ArduinoSketch3\ArduinoSketch2\ArduinoCore\Release\libArduinoCore.a(wiring_digital.o)
                0x00000189                digital_pin_to_bit_mask_PGM
 .progmem.data.digital_pin_to_port_PGM
                0x000001a8       0x1f C:\Users\win7h\Documents\Atmel Studio\7.0\ArduinoSketch3\ArduinoSketch2\ArduinoCore\Release\libArduinoCore.a(wiring_digital.o)
                0x000001a8                digital_pin_to_port_PGM
 .progmem.data.port_to_input_PGM
                0x000001c7        0xe C:\Users\win7h\Documents\Atmel Studio\7.0\ArduinoSketch3\ArduinoSketch2\ArduinoCore\Release\libArduinoCore.a(wiring_digital.o)
                0x000001c7                port_to_input_PGM
 .progmem.data.port_to_output_PGM
                0x000001d5        0xe C:\Users\win7h\Documents\Atmel Studio\7.0\ArduinoSketch3\ArduinoSketch2\ArduinoCore\Release\libArduinoCore.a(wiring_digital.o)
                0x000001d5                port_to_output_PGM
 .progmem.data.port_to_mode_PGM
                0x000001e3        0xe C:\Users\win7h\Documents\Atmel Studio\7.0\ArduinoSketch3\ArduinoSketch2\ArduinoCore\Release\libArduinoCore.a(wiring_digital.o)
                0x000001e3                port_to_mode_PGM
                0x000001f2                . = ALIGN (0x2)
 *fill*         0x000001f1        0x1 
 *(.jumptables)
 *(.jumptables*)
 *(.lowtext)
 *(.lowtext*)
                0x000001f2                __ctors_start = .
 *(.ctors)
 .ctors         0x000001f2        0x2 src/libraries/Wire/src/Wire.o
 .ctors         0x000001f4        0x2 SSip.o
 .ctors         0x000001f6        0x2 C:\Users\win7h\Documents\Atmel Studio\7.0\ArduinoSketch3\ArduinoSketch2\ArduinoCore\Release\libArduinoCore.a(CDC.o)
 .ctors         0x000001f8        0x2 C:\Users\win7h\Documents\Atmel Studio\7.0\ArduinoSketch3\ArduinoSketch2\ArduinoCore\Release\libArduinoCore.a(HardwareSerial1.o)
                0x000001fa                __ctors_end = .
                0x000001fa                __dtors_start = .
 *(.dtors)
                0x000001fa                __dtors_end = .
 SORT(*)(.ctors)
 SORT(*)(.dtors)
 *(.init0)
 .init0         0x000001fa        0x0 C:/Program Files (x86)/Atmel/Studio/7.0/Packs/atmel/ATmega_DFP/1.2.209/gcc/dev/atmega32u4/avr5/crtatmega32u4.o
                0x000001fa                __init
 *(.init0)
 *(.init1)
 *(.init1)
 *(.init2)
 .init2         0x000001fa        0xc C:/Program Files (x86)/Atmel/Studio/7.0/Packs/atmel/ATmega_DFP/1.2.209/gcc/dev/atmega32u4/avr5/crtatmega32u4.o
 *(.init2)
 *(.init3)
 *(.init3)
 *(.init4)
 .init4         0x00000206       0x16 c:/program files (x86)/atmel/studio/7.0/toolchain/avr8/avr8-gnu-toolchain/bin/../lib/gcc/avr/5.4.0/avr5\libgcc.a(_copy_data.o)
                0x00000206                __do_copy_data
 .init4         0x0000021c       0x10 c:/program files (x86)/atmel/studio/7.0/toolchain/avr8/avr8-gnu-toolchain/bin/../lib/gcc/avr/5.4.0/avr5\libgcc.a(_clear_bss.o)
                0x0000021c                __do_clear_bss
 *(.init4)
 *(.init5)
 *(.init5)
 *(.init6)
 .init6         0x0000022c       0x16 c:/program files (x86)/atmel/studio/7.0/toolchain/avr8/avr8-gnu-toolchain/bin/../lib/gcc/avr/5.4.0/avr5\libgcc.a(_ctors.o)
                0x0000022c                __do_global_ctors
 *(.init6)
 *(.init7)
 *(.init7)
 *(.init8)
 *(.init8)
 *(.init9)
 .init9         0x00000242        0x8 C:/Program Files (x86)/Atmel/Studio/7.0/Packs/atmel/ATmega_DFP/1.2.209/gcc/dev/atmega32u4/avr5/crtatmega32u4.o
 *(.init9)
 *(.text)
 .text          0x0000024a        0x4 C:/Program Files (x86)/Atmel/Studio/7.0/Packs/atmel/ATmega_DFP/1.2.209/gcc/dev/atmega32u4/avr5/crtatmega32u4.o
                0x0000024a                __vector_38
                0x0000024a                __vector_22
                0x0000024a                __vector_28
                0x0000024a                __vector_1
                0x0000024a                __vector_34
                0x0000024a                __vector_24
                0x0000024a                __vector_12
                0x0000024a                __bad_interrupt
                0x0000024a                __vector_6
                0x0000024a                __vector_31
                0x0000024a                __vector_35
                0x0000024a                __vector_39
                0x0000024a                __vector_3
                0x0000024a                __vector_30
                0x0000024a                __vector_13
                0x0000024a                __vector_17
                0x0000024a                __vector_19
                0x0000024a                __vector_7
                0x0000024a                __vector_41
                0x0000024a                __vector_27
                0x0000024a                __vector_5
                0x0000024a                __vector_33
                0x0000024a                __vector_37
                0x0000024a                __vector_4
                0x0000024a                __vector_9
                0x0000024a                __vector_2
                0x0000024a                __vector_21
                0x0000024a                __vector_15
                0x0000024a                __vector_29
                0x0000024a                __vector_40
                0x0000024a                __vector_8
                0x0000024a                __vector_14
                0x0000024a                __vector_16
                0x0000024a                __vector_18
                0x0000024a                __vector_20
                0x0000024a                __vector_42
 .text          0x0000024e       0x8a C:\Users\win7h\Documents\Atmel Studio\7.0\ArduinoSketch3\ArduinoSketch2\ArduinoCore\Release\libArduinoCore.a(wiring_pulse.o)
                0x0000024e                countPulseASM
                0x000002d8                . = ALIGN (0x2)
 *(.text.*)
 .text._Z7_noTonev
                0x000002d8        0x8 AdvIO.o
                0x000002d8                _Z7_noTonev
 .text._Z9_shiftOutv
                0x000002e0       0x10 AdvIO.o
                0x000002e0                _Z9_shiftOutv
 .text._Z5_tonev
                0x000002f0       0x14 AdvIO.o
                0x000002f0                _Z5_tonev
 .text._Z8_pulseInv
                0x00000304       0x4e AdvIO.o
                0x00000304                _Z8_pulseInv
 .text._Z12_pulseInLongv
                0x00000352       0x4e AdvIO.o
                0x00000352                _Z12_pulseInLongv
 .text._Z8_shiftInv
                0x000003a0       0x22 AdvIO.o
                0x000003a0                _Z8_shiftInv
 .text._Z13ReceivingDatav
                0x000003c2       0xc0 Common.o
                0x000003c2                _Z13ReceivingDatav
 .text._Z7PinModev
                0x00000482        0xc Gpio.o
                0x00000482                _Z7PinModev
 .text._Z7IOWritev
                0x0000048e        0xc Gpio.o
                0x0000048e                _Z7IOWritev
 .text._Z6IOReadv
                0x0000049a       0x1c Gpio.o
                0x0000049a                _Z6IOReadv
 .text._Z10AnalogReadv
                0x000004b6       0x1c Gpio.o
                0x000004b6                _Z10AnalogReadv
 .text._Z11AnalogWritev
                0x000004d2       0x1e Gpio.o
                0x000004d2                _Z11AnalogWritev
 .text._Z6Randomv
                0x000004f0       0x36 Gpio.o
                0x000004f0                _Z6Randomv
 .text.setup    0x00000526       0x82 Sketch.o
                0x00000526                setup
 .text.loop     0x000005a8       0x30 Sketch.o
                0x000005a8                loop
 .text.twi_transmit
                0x000005d8       0x50 src/libraries/Wire/src/utility/twi.o
                0x000005d8                twi_transmit
 .text.twi_stop
                0x00000628       0x14 src/libraries/Wire/src/utility/twi.o
                0x00000628                twi_stop
 .text.twi_releaseBus
                0x0000063c        0xc src/libraries/Wire/src/utility/twi.o
                0x0000063c                twi_releaseBus
 .text.__vector_36
                0x00000648      0x25a src/libraries/Wire/src/utility/twi.o
                0x00000648                __vector_36
 .text._ZN5Print17availableForWriteEv
                0x000008a2        0x6 src/libraries/Wire/src/Wire.o
                0x000008a2                _ZN5Print17availableForWriteEv
 .text._ZN7TwoWire9availableEv
                0x000008a8       0x10 src/libraries/Wire/src/Wire.o
                0x000008a8                _ZN7TwoWire9availableEv
 .text._ZN7TwoWire4readEv
                0x000008b8       0x28 src/libraries/Wire/src/Wire.o
                0x000008b8                _ZN7TwoWire4readEv
 .text._ZN7TwoWire4peekEv
                0x000008e0       0x1e src/libraries/Wire/src/Wire.o
                0x000008e0                _ZN7TwoWire4peekEv
 .text._ZN7TwoWire5flushEv
                0x000008fe        0x2 src/libraries/Wire/src/Wire.o
                0x000008fe                _ZN7TwoWire5flushEv
 .text._ZN7TwoWire5writeEPKhj
                0x00000900       0x5a src/libraries/Wire/src/Wire.o
                0x00000900                _ZN7TwoWire5writeEPKhj
 .text._ZN7TwoWire5writeEh
                0x0000095a       0x5e src/libraries/Wire/src/Wire.o
                0x0000095a                _ZN7TwoWire5writeEh
 .text._ZN7TwoWireC2Ev
                0x000009b8       0x20 src/libraries/Wire/src/Wire.o
                0x000009b8                _ZN7TwoWireC1Ev
                0x000009b8                _ZN7TwoWireC2Ev
 .text.startup._GLOBAL__sub_I__ZN7TwoWire8rxBufferE
                0x000009d8        0x8 src/libraries/Wire/src/Wire.o
 .text.startup._GLOBAL__sub_I_mysettings
                0x000009e0        0xc SSip.o
 .text._Z7_millisv
                0x000009ec       0x24 Time.o
                0x000009ec                _Z7_millisv
 .text._Z7_microsv
                0x00000a10        0x4 Time.o
                0x00000a10                _Z7_microsv
 .text._Z8_delaymsv
                0x00000a14        0x4 Time.o
                0x00000a14                _Z8_delaymsv
 .text._ZN7Serial_5writeEh
                0x00000a18       0x2c C:\Users\win7h\Documents\Atmel Studio\7.0\ArduinoSketch3\ArduinoSketch2\ArduinoCore\Release\libArduinoCore.a(CDC.o)
                0x00000a18                _ZN7Serial_5writeEh
 .text._ZN7Serial_4peekEv
                0x00000a44       0x22 C:\Users\win7h\Documents\Atmel Studio\7.0\ArduinoSketch3\ArduinoSketch2\ArduinoCore\Release\libArduinoCore.a(CDC.o)
                0x00000a44                _ZN7Serial_4peekEv
 .text._ZN7Serial_17availableForWriteEv
                0x00000a66        0xa C:\Users\win7h\Documents\Atmel Studio\7.0\ArduinoSketch3\ArduinoSketch2\ArduinoCore\Release\libArduinoCore.a(CDC.o)
                0x00000a66                _ZN7Serial_17availableForWriteEv
 .text._ZN7Serial_5flushEv
                0x00000a70        0x6 C:\Users\win7h\Documents\Atmel Studio\7.0\ArduinoSketch3\ArduinoSketch2\ArduinoCore\Release\libArduinoCore.a(CDC.o)
                0x00000a70                _ZN7Serial_5flushEv
 .text._ZN7Serial_9availableEv
                0x00000a76       0x20 C:\Users\win7h\Documents\Atmel Studio\7.0\ArduinoSketch3\ArduinoSketch2\ArduinoCore\Release\libArduinoCore.a(CDC.o)
                0x00000a76                _ZN7Serial_9availableEv
 .text._ZN7Serial_4readEv
                0x00000a96       0x1a C:\Users\win7h\Documents\Atmel Studio\7.0\ArduinoSketch3\ArduinoSketch2\ArduinoCore\Release\libArduinoCore.a(CDC.o)
                0x00000a96                _ZN7Serial_4readEv
 .text._ZN7Serial_5writeEPKhj
                0x00000ab0       0x2c C:\Users\win7h\Documents\Atmel Studio\7.0\ArduinoSketch3\ArduinoSketch2\ArduinoCore\Release\libArduinoCore.a(CDC.o)
                0x00000ab0                _ZN7Serial_5writeEPKhj
 .text._Z16CDC_GetInterfacePh
                0x00000adc       0x16 C:\Users\win7h\Documents\Atmel Studio\7.0\ArduinoSketch3\ArduinoSketch2\ArduinoCore\Release\libArduinoCore.a(CDC.o)
                0x00000adc                _Z16CDC_GetInterfacePh
 .text._Z9CDC_SetupR8USBSetup
                0x00000af2      0x104 C:\Users\win7h\Documents\Atmel Studio\7.0\ArduinoSketch3\ArduinoSketch2\ArduinoCore\Release\libArduinoCore.a(CDC.o)
                0x00000af2                _Z9CDC_SetupR8USBSetup
 .text._ZN7Serial_5beginEm
                0x00000bf6        0xc C:\Users\win7h\Documents\Atmel Studio\7.0\ArduinoSketch3\ArduinoSketch2\ArduinoCore\Release\libArduinoCore.a(CDC.o)
                0x00000bf6                _ZN7Serial_5beginEm
 .text.startup._GLOBAL__sub_I__updatedLUFAbootloader
                0x00000c02       0x2a C:\Users\win7h\Documents\Atmel Studio\7.0\ArduinoSketch3\ArduinoSketch2\ArduinoCore\Release\libArduinoCore.a(CDC.o)
 .text._ZN14HardwareSerial9availableEv
                0x00000c2c       0x18 C:\Users\win7h\Documents\Atmel Studio\7.0\ArduinoSketch3\ArduinoSketch2\ArduinoCore\Release\libArduinoCore.a(HardwareSerial.o)
                0x00000c2c                _ZN14HardwareSerial9availableEv
 .text._ZN14HardwareSerial4peekEv
                0x00000c44       0x1c C:\Users\win7h\Documents\Atmel Studio\7.0\ArduinoSketch3\ArduinoSketch2\ArduinoCore\Release\libArduinoCore.a(HardwareSerial.o)
                0x00000c44                _ZN14HardwareSerial4peekEv
 .text._ZN14HardwareSerial4readEv
                0x00000c60       0x28 C:\Users\win7h\Documents\Atmel Studio\7.0\ArduinoSketch3\ArduinoSketch2\ArduinoCore\Release\libArduinoCore.a(HardwareSerial.o)
                0x00000c60                _ZN14HardwareSerial4readEv
 .text._ZN14HardwareSerial17availableForWriteEv
                0x00000c88       0x1e C:\Users\win7h\Documents\Atmel Studio\7.0\ArduinoSketch3\ArduinoSketch2\ArduinoCore\Release\libArduinoCore.a(HardwareSerial.o)
                0x00000c88                _ZN14HardwareSerial17availableForWriteEv
 .text._Z14serialEventRunv
                0x00000ca6       0x1c C:\Users\win7h\Documents\Atmel Studio\7.0\ArduinoSketch3\ArduinoSketch2\ArduinoCore\Release\libArduinoCore.a(HardwareSerial.o)
                0x00000ca6                _Z14serialEventRunv
 .text._ZN14HardwareSerial17_tx_udr_empty_irqEv
                0x00000cc2       0x42 C:\Users\win7h\Documents\Atmel Studio\7.0\ArduinoSketch3\ArduinoSketch2\ArduinoCore\Release\libArduinoCore.a(HardwareSerial.o)
                0x00000cc2                _ZN14HardwareSerial17_tx_udr_empty_irqEv
 .text._ZN14HardwareSerial5writeEh
                0x00000d04       0x8e C:\Users\win7h\Documents\Atmel Studio\7.0\ArduinoSketch3\ArduinoSketch2\ArduinoCore\Release\libArduinoCore.a(HardwareSerial.o)
                0x00000d04                _ZN14HardwareSerial5writeEh
 .text._ZN14HardwareSerial5flushEv
                0x00000d92       0x44 C:\Users\win7h\Documents\Atmel Studio\7.0\ArduinoSketch3\ArduinoSketch2\ArduinoCore\Release\libArduinoCore.a(HardwareSerial.o)
                0x00000d92                _ZN14HardwareSerial5flushEv
 .text._ZN14HardwareSerial5beginEmh
                0x00000dd6       0xca C:\Users\win7h\Documents\Atmel Studio\7.0\ArduinoSketch3\ArduinoSketch2\ArduinoCore\Release\libArduinoCore.a(HardwareSerial.o)
                0x00000dd6                _ZN14HardwareSerial5beginEmh
 .text.__vector_25
                0x00000ea0       0x64 C:\Users\win7h\Documents\Atmel Studio\7.0\ArduinoSketch3\ArduinoSketch2\ArduinoCore\Release\libArduinoCore.a(HardwareSerial1.o)
                0x00000ea0                __vector_25
 .text.__vector_26
                0x00000f04       0x4c C:\Users\win7h\Documents\Atmel Studio\7.0\ArduinoSketch3\ArduinoSketch2\ArduinoCore\Release\libArduinoCore.a(HardwareSerial1.o)
                0x00000f04                __vector_26
 .text._Z17Serial1_availablev
                0x00000f50       0x14 C:\Users\win7h\Documents\Atmel Studio\7.0\ArduinoSketch3\ArduinoSketch2\ArduinoCore\Release\libArduinoCore.a(HardwareSerial1.o)
                0x00000f50                _Z17Serial1_availablev
 .text.startup._GLOBAL__sub_I___vector_25
                0x00000f64       0x5a C:\Users\win7h\Documents\Atmel Studio\7.0\ArduinoSketch3\ArduinoSketch2\ArduinoCore\Release\libArduinoCore.a(HardwareSerial1.o)
 .text.initVariant
                0x00000fbe        0x2 C:\Users\win7h\Documents\Atmel Studio\7.0\ArduinoSketch3\ArduinoSketch2\ArduinoCore\Release\libArduinoCore.a(main.o)
                0x00000fbe                initVariant
 .text.startup.main
                0x00000fc0       0x26 C:\Users\win7h\Documents\Atmel Studio\7.0\ArduinoSketch3\ArduinoSketch2\ArduinoCore\Release\libArduinoCore.a(main.o)
                0x00000fc0                main
 .text._ZN5Print5writeEPKhj
                0x00000fe6       0x54 C:\Users\win7h\Documents\Atmel Studio\7.0\ArduinoSketch3\ArduinoSketch2\ArduinoCore\Release\libArduinoCore.a(Print.o)
                0x00000fe6                _ZN5Print5writeEPKhj
 .text._ZN6Stream9timedReadEv
                0x0000103a       0x60 C:\Users\win7h\Documents\Atmel Studio\7.0\ArduinoSketch3\ArduinoSketch2\ArduinoCore\Release\libArduinoCore.a(Stream.o)
                0x0000103a                _ZN6Stream9timedReadEv
 .text._ZN6Stream9readBytesEPcj
                0x0000109a       0x4a C:\Users\win7h\Documents\Atmel Studio\7.0\ArduinoSketch3\ArduinoSketch2\ArduinoCore\Release\libArduinoCore.a(Stream.o)
                0x0000109a                _ZN6Stream9readBytesEPcj
 .text._Z4tonehjm
                0x000010e4      0x5ba C:\Users\win7h\Documents\Atmel Studio\7.0\ArduinoSketch3\ArduinoSketch2\ArduinoCore\Release\libArduinoCore.a(Tone.o)
                0x000010e4                _Z4tonehjm
 .text._Z12disableTimerh
                0x0000169e       0x3a C:\Users\win7h\Documents\Atmel Studio\7.0\ArduinoSketch3\ArduinoSketch2\ArduinoCore\Release\libArduinoCore.a(Tone.o)
                0x0000169e                _Z12disableTimerh
 .text._Z6noToneh
                0x000016d8       0x2a C:\Users\win7h\Documents\Atmel Studio\7.0\ArduinoSketch3\ArduinoSketch2\ArduinoCore\Release\libArduinoCore.a(Tone.o)
                0x000016d8                _Z6noToneh
 .text.__vector_32
                0x00001702       0xca C:\Users\win7h\Documents\Atmel Studio\7.0\ArduinoSketch3\ArduinoSketch2\ArduinoCore\Release\libArduinoCore.a(Tone.o)
                0x00001702                __vector_32
 .text._ZL4RecvPVhh
                0x000017cc       0x1a C:\Users\win7h\Documents\Atmel Studio\7.0\ArduinoSketch3\ArduinoSketch2\ArduinoCore\Release\libArduinoCore.a(USBCore.o)
 .text._ZL11SendControlh
                0x000017e6       0x5c C:\Users\win7h\Documents\Atmel Studio\7.0\ArduinoSketch3\ArduinoSketch2\ArduinoCore\Release\libArduinoCore.a(USBCore.o)
 .text._ZL24USB_SendStringDescriptorPKhhh
                0x00001842       0x6a C:\Users\win7h\Documents\Atmel Studio\7.0\ArduinoSketch3\ArduinoSketch2\ArduinoCore\Release\libArduinoCore.a(USBCore.o)
 .text._ZL15USB_ClockEnablev
                0x000018ac       0x46 C:\Users\win7h\Documents\Atmel Studio\7.0\ArduinoSketch3\ArduinoSketch2\ArduinoCore\Release\libArduinoCore.a(USBCore.o)
 .text._ZL14SendInterfacesv
                0x000018f2       0x2c C:\Users\win7h\Documents\Atmel Studio\7.0\ArduinoSketch3\ArduinoSketch2\ArduinoCore\Release\libArduinoCore.a(USBCore.o)
 .text._ZN6LockEPC2Eh
                0x0000191e       0x10 C:\Users\win7h\Documents\Atmel Studio\7.0\ArduinoSketch3\ArduinoSketch2\ArduinoCore\Release\libArduinoCore.a(USBCore.o)
                0x0000191e                _ZN6LockEPC2Eh
                0x0000191e                _ZN6LockEPC1Eh
 .text._Z13USB_Availableh
                0x0000192e       0x24 C:\Users\win7h\Documents\Atmel Studio\7.0\ArduinoSketch3\ArduinoSketch2\ArduinoCore\Release\libArduinoCore.a(USBCore.o)
                0x0000192e                _Z13USB_Availableh
 .text._Z8USB_RecvhPvi
                0x00001952       0x86 C:\Users\win7h\Documents\Atmel Studio\7.0\ArduinoSketch3\ArduinoSketch2\ArduinoCore\Release\libArduinoCore.a(USBCore.o)
                0x00001952                _Z8USB_RecvhPvi
 .text._Z8USB_Recvh
                0x000019d8       0x2e C:\Users\win7h\Documents\Atmel Studio\7.0\ArduinoSketch3\ArduinoSketch2\ArduinoCore\Release\libArduinoCore.a(USBCore.o)
                0x000019d8                _Z8USB_Recvh
 .text._Z13USB_SendSpaceh
                0x00001a06       0x34 C:\Users\win7h\Documents\Atmel Studio\7.0\ArduinoSketch3\ArduinoSketch2\ArduinoCore\Release\libArduinoCore.a(USBCore.o)
                0x00001a06                _Z13USB_SendSpaceh
 .text._Z8USB_SendhPKvi
                0x00001a3a      0x14a C:\Users\win7h\Documents\Atmel Studio\7.0\ArduinoSketch3\ArduinoSketch2\ArduinoCore\Release\libArduinoCore.a(USBCore.o)
                0x00001a3a                _Z8USB_SendhPKvi
 .text._Z11InitControli
                0x00001b84       0x16 C:\Users\win7h\Documents\Atmel Studio\7.0\ArduinoSketch3\ArduinoSketch2\ArduinoCore\Release\libArduinoCore.a(USBCore.o)
                0x00001b84                _Z11InitControli
 .text._Z15USB_SendControlhPKvi
                0x00001b9a       0x4e C:\Users\win7h\Documents\Atmel Studio\7.0\ArduinoSketch3\ArduinoSketch2\ArduinoCore\Release\libArduinoCore.a(USBCore.o)
                0x00001b9a                _Z15USB_SendControlhPKvi
 .text._Z15USB_RecvControlPvi
                0x00001be8       0x66 C:\Users\win7h\Documents\Atmel Studio\7.0\ArduinoSketch3\ArduinoSketch2\ArduinoCore\Release\libArduinoCore.a(USBCore.o)
                0x00001be8                _Z15USB_RecvControlPvi
 .text.__vector_11
                0x00001c4e      0x2b4 C:\Users\win7h\Documents\Atmel Studio\7.0\ArduinoSketch3\ArduinoSketch2\ArduinoCore\Release\libArduinoCore.a(USBCore.o)
                0x00001c4e                __vector_11
 .text._Z9USB_Flushh
                0x00001f02       0x14 C:\Users\win7h\Documents\Atmel Studio\7.0\ArduinoSketch3\ArduinoSketch2\ArduinoCore\Release\libArduinoCore.a(USBCore.o)
                0x00001f02                _Z9USB_Flushh
 .text.__vector_10
                0x00001f16      0x102 C:\Users\win7h\Documents\Atmel Studio\7.0\ArduinoSketch3\ArduinoSketch2\ArduinoCore\Release\libArduinoCore.a(USBCore.o)
                0x00001f16                __vector_10
 .text._ZN10USBDevice_6attachEv
                0x00002018       0x3a C:\Users\win7h\Documents\Atmel Studio\7.0\ArduinoSketch3\ArduinoSketch2\ArduinoCore\Release\libArduinoCore.a(USBCore.o)
                0x00002018                _ZN10USBDevice_6attachEv
 .text.__vector_23
                0x00002052       0x94 C:\Users\win7h\Documents\Atmel Studio\7.0\ArduinoSketch3\ArduinoSketch2\ArduinoCore\Release\libArduinoCore.a(wiring.o)
                0x00002052                __vector_23
 .text.millis   0x000020e6       0x18 C:\Users\win7h\Documents\Atmel Studio\7.0\ArduinoSketch3\ArduinoSketch2\ArduinoCore\Release\libArduinoCore.a(wiring.o)
                0x000020e6                millis
 .text.micros   0x000020fe       0x4a C:\Users\win7h\Documents\Atmel Studio\7.0\ArduinoSketch3\ArduinoSketch2\ArduinoCore\Release\libArduinoCore.a(wiring.o)
                0x000020fe                micros
 .text.delay    0x00002148       0x78 C:\Users\win7h\Documents\Atmel Studio\7.0\ArduinoSketch3\ArduinoSketch2\ArduinoCore\Release\libArduinoCore.a(wiring.o)
                0x00002148                delay
 .text.init     0x000021c0       0xac C:\Users\win7h\Documents\Atmel Studio\7.0\ArduinoSketch3\ArduinoSketch2\ArduinoCore\Release\libArduinoCore.a(wiring.o)
                0x000021c0                init
 .text.analogRead
                0x0000226c       0x62 C:\Users\win7h\Documents\Atmel Studio\7.0\ArduinoSketch3\ArduinoSketch2\ArduinoCore\Release\libArduinoCore.a(wiring_analog.o)
                0x0000226c                analogRead
 .text.analogWrite
                0x000022ce      0x130 C:\Users\win7h\Documents\Atmel Studio\7.0\ArduinoSketch3\ArduinoSketch2\ArduinoCore\Release\libArduinoCore.a(wiring_analog.o)
                0x000022ce                analogWrite
 .text.turnOffPWM
                0x000023fe       0x7a C:\Users\win7h\Documents\Atmel Studio\7.0\ArduinoSketch3\ArduinoSketch2\ArduinoCore\Release\libArduinoCore.a(wiring_digital.o)
 .text.pinMode  0x00002478       0x78 C:\Users\win7h\Documents\Atmel Studio\7.0\ArduinoSketch3\ArduinoSketch2\ArduinoCore\Release\libArduinoCore.a(wiring_digital.o)
                0x00002478                pinMode
 .text.digitalWrite
                0x000024f0       0x5e C:\Users\win7h\Documents\Atmel Studio\7.0\ArduinoSketch3\ArduinoSketch2\ArduinoCore\Release\libArduinoCore.a(wiring_digital.o)
                0x000024f0                digitalWrite
 .text.digitalRead
                0x0000254e       0x52 C:\Users\win7h\Documents\Atmel Studio\7.0\ArduinoSketch3\ArduinoSketch2\ArduinoCore\Release\libArduinoCore.a(wiring_digital.o)
                0x0000254e                digitalRead
 .text.pulseIn  0x000025a0       0x64 C:\Users\win7h\Documents\Atmel Studio\7.0\ArduinoSketch3\ArduinoSketch2\ArduinoCore\Release\libArduinoCore.a(wiring_pulse.o)
                0x000025a0                pulseIn
 .text.pulseInLong
                0x00002604      0x10a C:\Users\win7h\Documents\Atmel Studio\7.0\ArduinoSketch3\ArduinoSketch2\ArduinoCore\Release\libArduinoCore.a(wiring_pulse.o)
                0x00002604                pulseInLong
 .text.shiftIn  0x0000270e       0x76 C:\Users\win7h\Documents\Atmel Studio\7.0\ArduinoSketch3\ArduinoSketch2\ArduinoCore\Release\libArduinoCore.a(wiring_shift.o)
                0x0000270e                shiftIn
 .text.shiftOut
                0x00002784       0x72 C:\Users\win7h\Documents\Atmel Studio\7.0\ArduinoSketch3\ArduinoSketch2\ArduinoCore\Release\libArduinoCore.a(wiring_shift.o)
                0x00002784                shiftOut
 .text._Z6randoml
                0x000027f6       0x34 C:\Users\win7h\Documents\Atmel Studio\7.0\ArduinoSketch3\ArduinoSketch2\ArduinoCore\Release\libArduinoCore.a(WMath.o)
                0x000027f6                _Z6randoml
 .text._Z6randomll
                0x0000282a       0x44 C:\Users\win7h\Documents\Atmel Studio\7.0\ArduinoSketch3\ArduinoSketch2\ArduinoCore\Release\libArduinoCore.a(WMath.o)
                0x0000282a                _Z6randomll
 .text.__empty  0x0000286e        0x2 C:\Users\win7h\Documents\Atmel Studio\7.0\ArduinoSketch3\ArduinoSketch2\ArduinoCore\Release\libArduinoCore.a(hooks.o)
                0x0000286e                yield
 .text._ZN13PluggableUSB_12getInterfaceEPh
                0x00002870       0x52 C:\Users\win7h\Documents\Atmel Studio\7.0\ArduinoSketch3\ArduinoSketch2\ArduinoCore\Release\libArduinoCore.a(PluggableUSB.o)
                0x00002870                _ZN13PluggableUSB_12getInterfaceEPh
 .text._ZN13PluggableUSB_13getDescriptorER8USBSetup
                0x000028c2       0x3e C:\Users\win7h\Documents\Atmel Studio\7.0\ArduinoSketch3\ArduinoSketch2\ArduinoCore\Release\libArduinoCore.a(PluggableUSB.o)
                0x000028c2                _ZN13PluggableUSB_13getDescriptorER8USBSetup
 .text._ZN13PluggableUSB_12getShortNameEPc
                0x00002900       0x3e C:\Users\win7h\Documents\Atmel Studio\7.0\ArduinoSketch3\ArduinoSketch2\ArduinoCore\Release\libArduinoCore.a(PluggableUSB.o)
                0x00002900                _ZN13PluggableUSB_12getShortNameEPc
 .text._ZN13PluggableUSB_5setupER8USBSetup
                0x0000293e       0x3c C:\Users\win7h\Documents\Atmel Studio\7.0\ArduinoSketch3\ArduinoSketch2\ArduinoCore\Release\libArduinoCore.a(PluggableUSB.o)
                0x0000293e                _ZN13PluggableUSB_5setupER8USBSetup
 .text._Z12PluggableUSBv
                0x0000297a       0x28 C:\Users\win7h\Documents\Atmel Studio\7.0\ArduinoSketch3\ArduinoSketch2\ArduinoCore\Release\libArduinoCore.a(PluggableUSB.o)
                0x0000297a                _Z12PluggableUSBv
 .text.libgcc.div
                0x000029a2       0x44 c:/program files (x86)/atmel/studio/7.0/toolchain/avr8/avr8-gnu-toolchain/bin/../lib/gcc/avr/5.4.0/avr5\libgcc.a(_udivmodsi4.o)
                0x000029a2                __udivmodsi4
 .text.libgcc.div
                0x000029e6       0x2e c:/program files (x86)/atmel/studio/7.0/toolchain/avr8/avr8-gnu-toolchain/bin/../lib/gcc/avr/5.4.0/avr5\libgcc.a(_divmodsi4.o)
                0x000029e6                __divmodsi4
 .text.libgcc.div
                0x00002a14       0x10 c:/program files (x86)/atmel/studio/7.0/toolchain/avr8/avr8-gnu-toolchain/bin/../lib/gcc/avr/5.4.0/avr5\libgcc.a(_negsi2.o)
                0x00002a14                __negsi2
 .text.libgcc   0x00002a24        0xc c:/program files (x86)/atmel/studio/7.0/toolchain/avr8/avr8-gnu-toolchain/bin/../lib/gcc/avr/5.4.0/avr5\libgcc.a(_tablejump2.o)
                0x00002a24                __tablejump2__
 .text.libgcc.mul
                0x00002a30       0x16 c:/program files (x86)/atmel/studio/7.0/toolchain/avr8/avr8-gnu-toolchain/bin/../lib/gcc/avr/5.4.0/avr5\libgcc.a(_muluhisi3.o)
                0x00002a30                __muluhisi3
 .text.libgcc.mul
                0x00002a46       0x1e c:/program files (x86)/atmel/studio/7.0/toolchain/avr8/avr8-gnu-toolchain/bin/../lib/gcc/avr/5.4.0/avr5\libgcc.a(_umulhisi3.o)
                0x00002a46                __umulhisi3
 .text.avr-libc
                0x00002a64      0x144 c:/program files (x86)/atmel/studio/7.0/toolchain/avr8/avr8-gnu-toolchain/bin/../lib/gcc/avr/5.4.0/../../../../avr/lib/avr5\libc.a(random.o)
                0x00002a64                random_r
                0x00002afa                random
                0x00002b96                srandom
 .text.libgcc.mul
                0x00002ba8       0x10 c:/program files (x86)/atmel/studio/7.0/toolchain/avr8/avr8-gnu-toolchain/bin/../lib/gcc/avr/5.4.0/avr5\libgcc.a(_mulshisi3.o)
                0x00002ba8                __mulshisi3
                0x00002bae                __mulohisi3
                0x00002bb8                . = ALIGN (0x2)
 *(.fini9)
 .fini9         0x00002bb8        0x0 c:/program files (x86)/atmel/studio/7.0/toolchain/avr8/avr8-gnu-toolchain/bin/../lib/gcc/avr/5.4.0/avr5\libgcc.a(_exit.o)
                0x00002bb8                _exit
                0x00002bb8                exit
 *(.fini9)
 *(.fini8)
 *(.fini8)
 *(.fini7)
 *(.fini7)
 *(.fini6)
 *(.fini6)
 *(.fini5)
 *(.fini5)
 *(.fini4)
 *(.fini4)
 *(.fini3)
 *(.fini3)
 *(.fini2)
 *(.fini2)
 *(.fini1)
 *(.fini1)
 *(.fini0)
 .fini0         0x00002bb8        0x4 c:/program files (x86)/atmel/studio/7.0/toolchain/avr8/avr8-gnu-toolchain/bin/../lib/gcc/avr/5.4.0/avr5\libgcc.a(_exit.o)
 *(.fini0)
                0x00002bbc                _etext = .

.data           0x00800100       0xb0 load address 0x00002bbc
                0x00800100                PROVIDE (__data_start, .)
 *(.data)
 .data          0x00800100        0x4 c:/program files (x86)/atmel/studio/7.0/toolchain/avr8/avr8-gnu-toolchain/bin/../lib/gcc/avr/5.4.0/../../../../avr/lib/avr5\libc.a(random.o)
 *(.data*)
 .data.my_fun_pointer
                0x00800104       0x60 Sketch.o
                0x00800104                my_fun_pointer
 .data._ZL10breakValue
                0x00800164        0x4 C:\Users\win7h\Documents\Atmel Studio\7.0\ArduinoSketch3\ArduinoSketch2\ArduinoCore\Release\libArduinoCore.a(CDC.o)
 .data._ZL12_usbLineInfo
                0x00800168        0x8 C:\Users\win7h\Documents\Atmel Studio\7.0\ArduinoSketch3\ArduinoSketch2\ArduinoCore\Release\libArduinoCore.a(CDC.o)
 .data._ZL9tone_pins
                0x00800170        0x1 C:\Users\win7h\Documents\Atmel Studio\7.0\ArduinoSketch3\ArduinoSketch2\ArduinoCore\Release\libArduinoCore.a(Tone.o)
 .data._initEndpoints
                0x00800171        0x7 C:\Users\win7h\Documents\Atmel Studio\7.0\ArduinoSketch3\ArduinoSketch2\ArduinoCore\Release\libArduinoCore.a(USBCore.o)
                0x00800171                _initEndpoints
 .data.analog_reference
                0x00800178        0x1 C:\Users\win7h\Documents\Atmel Studio\7.0\ArduinoSketch3\ArduinoSketch2\ArduinoCore\Release\libArduinoCore.a(wiring_analog.o)
                0x00800178                analog_reference
 *(.gnu.linkonce.d*)
 *(.rodata)
 *(.rodata*)
 .rodata._ZTV7TwoWire
                0x00800179       0x12 src/libraries/Wire/src/Wire.o
                0x00800179                _ZTV7TwoWire
 .rodata._ZTV7Serial_
                0x0080018b       0x12 C:\Users\win7h\Documents\Atmel Studio\7.0\ArduinoSketch3\ArduinoSketch2\ArduinoCore\Release\libArduinoCore.a(CDC.o)
                0x0080018b                _ZTV7Serial_
 .rodata._ZTV14HardwareSerial
                0x0080019d       0x12 C:\Users\win7h\Documents\Atmel Studio\7.0\ArduinoSketch3\ArduinoSketch2\ArduinoCore\Release\libArduinoCore.a(HardwareSerial.o)
                0x0080019d                _ZTV14HardwareSerial
 *(.gnu.linkonce.r*)
                0x008001b0                . = ALIGN (0x2)
 *fill*         0x008001af        0x1 
                0x008001b0                _edata = .
                0x008001b0                PROVIDE (__data_end, .)

.bss            0x008001b0      0x287
                0x008001b0                PROVIDE (__bss_start, .)
 *(.bss)
 *(.bss*)
 .bss.Rxstatus  0x008001b0        0x1 Common.o
                0x008001b0                Rxstatus
 .bss.DUEdata   0x008001b1        0x8 Common.o
                0x008001b1                DUEdata
 .bss.FPCEXcode
                0x008001b9        0x8 Common.o
                0x008001b9                FPCEXcode
 .bss.TPCEXcode
                0x008001c1        0x8 Common.o
                0x008001c1                TPCEXcode
 .bss.OUTdataArray
                0x008001c9       0x80 Common.o
                0x008001c9                OUTdataArray
 .bss.bb        0x00800249        0x4 Sketch.o
                0x00800249                bb
 .bss.twi_error
                0x0080024d        0x1 src/libraries/Wire/src/utility/twi.o
 .bss.twi_rxBufferIndex
                0x0080024e        0x1 src/libraries/Wire/src/utility/twi.o
 .bss.twi_rxBuffer
                0x0080024f       0x20 src/libraries/Wire/src/utility/twi.o
 .bss.twi_txBufferLength
                0x0080026f        0x1 src/libraries/Wire/src/utility/twi.o
 .bss.twi_txBufferIndex
                0x00800270        0x1 src/libraries/Wire/src/utility/twi.o
 .bss.twi_txBuffer
                0x00800271       0x20 src/libraries/Wire/src/utility/twi.o
 .bss.twi_masterBufferLength
                0x00800291        0x1 src/libraries/Wire/src/utility/twi.o
 .bss.twi_masterBufferIndex
                0x00800292        0x1 src/libraries/Wire/src/utility/twi.o
 .bss.twi_masterBuffer
                0x00800293       0x20 src/libraries/Wire/src/utility/twi.o
 .bss.twi_onSlaveReceive
                0x008002b3        0x2 src/libraries/Wire/src/utility/twi.o
 .bss.twi_onSlaveTransmit
                0x008002b5        0x2 src/libraries/Wire/src/utility/twi.o
 .bss.twi_inRepStart
                0x008002b7        0x1 src/libraries/Wire/src/utility/twi.o
 .bss.twi_sendStop
                0x008002b8        0x1 src/libraries/Wire/src/utility/twi.o
 .bss.twi_slarw
                0x008002b9        0x1 src/libraries/Wire/src/utility/twi.o
 .bss.twi_state
                0x008002ba        0x1 src/libraries/Wire/src/utility/twi.o
 .bss.Wire      0x008002bb        0xc src/libraries/Wire/src/Wire.o
                0x008002bb                Wire
 .bss._ZN7TwoWire12transmittingE
                0x008002c7        0x1 src/libraries/Wire/src/Wire.o
                0x008002c7                _ZN7TwoWire12transmittingE
 .bss._ZN7TwoWire14txBufferLengthE
                0x008002c8        0x1 src/libraries/Wire/src/Wire.o
                0x008002c8                _ZN7TwoWire14txBufferLengthE
 .bss._ZN7TwoWire13txBufferIndexE
                0x008002c9        0x1 src/libraries/Wire/src/Wire.o
                0x008002c9                _ZN7TwoWire13txBufferIndexE
 .bss._ZN7TwoWire8txBufferE
                0x008002ca       0x20 src/libraries/Wire/src/Wire.o
                0x008002ca                _ZN7TwoWire8txBufferE
 .bss._ZN7TwoWire14rxBufferLengthE
                0x008002ea        0x1 src/libraries/Wire/src/Wire.o
                0x008002ea                _ZN7TwoWire14rxBufferLengthE
 .bss._ZN7TwoWire13rxBufferIndexE
                0x008002eb        0x1 src/libraries/Wire/src/Wire.o
                0x008002eb                _ZN7TwoWire13rxBufferIndexE
 .bss._ZN7TwoWire8rxBufferE
                0x008002ec       0x20 src/libraries/Wire/src/Wire.o
                0x008002ec                _ZN7TwoWire8rxBufferE
 .bss.mysettings
                0x0080030c        0x2 SSip.o
                0x0080030c                mysettings
 .bss.Serial    0x0080030e       0x50 C:\Users\win7h\Documents\Atmel Studio\7.0\ArduinoSketch3\ArduinoSketch2\ArduinoCore\Release\libArduinoCore.a(CDC.o)
                0x0080030e                Serial
 .bss._updatedLUFAbootloader
                0x0080035e        0x1 C:\Users\win7h\Documents\Atmel Studio\7.0\ArduinoSketch3\ArduinoSketch2\ArduinoCore\Release\libArduinoCore.a(CDC.o)
                0x0080035e                _updatedLUFAbootloader
 .bss.Serial1   0x0080035f       0x9d C:\Users\win7h\Documents\Atmel Studio\7.0\ArduinoSketch3\ArduinoSketch2\ArduinoCore\Release\libArduinoCore.a(HardwareSerial1.o)
                0x0080035f                Serial1
 .bss.timer4_pin_mask
                0x008003fc        0x1 C:\Users\win7h\Documents\Atmel Studio\7.0\ArduinoSketch3\ArduinoSketch2\ArduinoCore\Release\libArduinoCore.a(Tone.o)
                0x008003fc                timer4_pin_mask
 .bss.timer4_pin_port
                0x008003fd        0x2 C:\Users\win7h\Documents\Atmel Studio\7.0\ArduinoSketch3\ArduinoSketch2\ArduinoCore\Release\libArduinoCore.a(Tone.o)
                0x008003fd                timer4_pin_port
 .bss.timer4_toggle_count
                0x008003ff        0x4 C:\Users\win7h\Documents\Atmel Studio\7.0\ArduinoSketch3\ArduinoSketch2\ArduinoCore\Release\libArduinoCore.a(Tone.o)
                0x008003ff                timer4_toggle_count
 .bss.timer3_pin_mask
                0x00800403        0x1 C:\Users\win7h\Documents\Atmel Studio\7.0\ArduinoSketch3\ArduinoSketch2\ArduinoCore\Release\libArduinoCore.a(Tone.o)
                0x00800403                timer3_pin_mask
 .bss.timer3_pin_port
                0x00800404        0x2 C:\Users\win7h\Documents\Atmel Studio\7.0\ArduinoSketch3\ArduinoSketch2\ArduinoCore\Release\libArduinoCore.a(Tone.o)
                0x00800404                timer3_pin_port
 .bss.timer3_toggle_count
                0x00800406        0x4 C:\Users\win7h\Documents\Atmel Studio\7.0\ArduinoSketch3\ArduinoSketch2\ArduinoCore\Release\libArduinoCore.a(Tone.o)
                0x00800406                timer3_toggle_count
 .bss.timer1_pin_mask
                0x0080040a        0x1 C:\Users\win7h\Documents\Atmel Studio\7.0\ArduinoSketch3\ArduinoSketch2\ArduinoCore\Release\libArduinoCore.a(Tone.o)
                0x0080040a                timer1_pin_mask
 .bss.timer1_pin_port
                0x0080040b        0x2 C:\Users\win7h\Documents\Atmel Studio\7.0\ArduinoSketch3\ArduinoSketch2\ArduinoCore\Release\libArduinoCore.a(Tone.o)
                0x0080040b                timer1_pin_port
 .bss.timer1_toggle_count
                0x0080040d        0x4 C:\Users\win7h\Documents\Atmel Studio\7.0\ArduinoSketch3\ArduinoSketch2\ArduinoCore\Release\libArduinoCore.a(Tone.o)
                0x0080040d                timer1_toggle_count
 .bss.timer0_pin_mask
                0x00800411        0x1 C:\Users\win7h\Documents\Atmel Studio\7.0\ArduinoSketch3\ArduinoSketch2\ArduinoCore\Release\libArduinoCore.a(Tone.o)
                0x00800411                timer0_pin_mask
 .bss.timer0_pin_port
                0x00800412        0x2 C:\Users\win7h\Documents\Atmel Studio\7.0\ArduinoSketch3\ArduinoSketch2\ArduinoCore\Release\libArduinoCore.a(Tone.o)
                0x00800412                timer0_pin_port
 .bss.timer0_toggle_count
                0x00800414        0x4 C:\Users\win7h\Documents\Atmel Studio\7.0\ArduinoSketch3\ArduinoSketch2\ArduinoCore\Release\libArduinoCore.a(Tone.o)
                0x00800414                timer0_toggle_count
 .bss.USBDevice
                0x00800418        0x1 C:\Users\win7h\Documents\Atmel Studio\7.0\ArduinoSketch3\ArduinoSketch2\ArduinoCore\Release\libArduinoCore.a(USBCore.o)
                0x00800418                USBDevice
 .bss._ZL5_cend
                0x00800419        0x2 C:\Users\win7h\Documents\Atmel Studio\7.0\ArduinoSketch3\ArduinoSketch2\ArduinoCore\Release\libArduinoCore.a(USBCore.o)
 .bss._ZL6_cmark
                0x0080041b        0x2 C:\Users\win7h\Documents\Atmel Studio\7.0\ArduinoSketch3\ArduinoSketch2\ArduinoCore\Release\libArduinoCore.a(USBCore.o)
 .bss._usbSuspendState
                0x0080041d        0x1 C:\Users\win7h\Documents\Atmel Studio\7.0\ArduinoSketch3\ArduinoSketch2\ArduinoCore\Release\libArduinoCore.a(USBCore.o)
                0x0080041d                _usbSuspendState
 .bss._usbCurrentStatus
                0x0080041e        0x1 C:\Users\win7h\Documents\Atmel Studio\7.0\ArduinoSketch3\ArduinoSketch2\ArduinoCore\Release\libArduinoCore.a(USBCore.o)
                0x0080041e                _usbCurrentStatus
 .bss._usbConfiguration
                0x0080041f        0x1 C:\Users\win7h\Documents\Atmel Studio\7.0\ArduinoSketch3\ArduinoSketch2\ArduinoCore\Release\libArduinoCore.a(USBCore.o)
                0x0080041f                _usbConfiguration
 .bss.RxLEDPulse
                0x00800420        0x1 C:\Users\win7h\Documents\Atmel Studio\7.0\ArduinoSketch3\ArduinoSketch2\ArduinoCore\Release\libArduinoCore.a(USBCore.o)
                0x00800420                RxLEDPulse
 .bss.TxLEDPulse
                0x00800421        0x1 C:\Users\win7h\Documents\Atmel Studio\7.0\ArduinoSketch3\ArduinoSketch2\ArduinoCore\Release\libArduinoCore.a(USBCore.o)
                0x00800421                TxLEDPulse
 .bss.timer0_fract
                0x00800422        0x1 C:\Users\win7h\Documents\Atmel Studio\7.0\ArduinoSketch3\ArduinoSketch2\ArduinoCore\Release\libArduinoCore.a(wiring.o)
 .bss.timer0_millis
                0x00800423        0x4 C:\Users\win7h\Documents\Atmel Studio\7.0\ArduinoSketch3\ArduinoSketch2\ArduinoCore\Release\libArduinoCore.a(wiring.o)
                0x00800423                timer0_millis
 .bss.timer0_overflow_count
                0x00800427        0x4 C:\Users\win7h\Documents\Atmel Studio\7.0\ArduinoSketch3\ArduinoSketch2\ArduinoCore\Release\libArduinoCore.a(wiring.o)
                0x00800427                timer0_overflow_count
 .bss._ZZ12PluggableUSBvE3obj
                0x0080042b        0x4 C:\Users\win7h\Documents\Atmel Studio\7.0\ArduinoSketch3\ArduinoSketch2\ArduinoCore\Release\libArduinoCore.a(PluggableUSB.o)
 .bss._ZGVZ12PluggableUSBvE3obj
                0x0080042f        0x8 C:\Users\win7h\Documents\Atmel Studio\7.0\ArduinoSketch3\ArduinoSketch2\ArduinoCore\Release\libArduinoCore.a(PluggableUSB.o)
 *(COMMON)
                0x00800437                PROVIDE (__bss_end, .)
                0x00002bbc                __data_load_start = LOADADDR (.data)
                0x00002c6c                __data_load_end = (__data_load_start + SIZEOF (.data))

.noinit         0x00800437        0x0
                [!provide]                PROVIDE (__noinit_start, .)
 *(.noinit*)
                [!provide]                PROVIDE (__noinit_end, .)
                0x00800437                _end = .
                0x00800437                PROVIDE (__heap_start, .)

.eeprom         0x00810000        0x0
 *(.eeprom*)
                0x00810000                __eeprom_end = .

.fuse
 *(.fuse)
 *(.lfuse)
 *(.hfuse)
 *(.efuse)

.lock
 *(.lock*)

.signature
 *(.signature*)

.user_signatures
 *(.user_signatures*)

.stab
 *(.stab)

.stabstr
 *(.stabstr)

.stab.excl
 *(.stab.excl)

.stab.exclstr
 *(.stab.exclstr)

.stab.index
 *(.stab.index)

.stab.indexstr
 *(.stab.indexstr)

.comment        0x00000000       0x30
 *(.comment)
 .comment       0x00000000       0x30 AdvIO.o
                                 0x31 (size before relaxing)
 .comment       0x00000030       0x31 Common.o
 .comment       0x00000030       0x31 Gpio.o
 .comment       0x00000030       0x31 Sketch.o
 .comment       0x00000030       0x31 src/libraries/Wire/src/utility/twi.o
 .comment       0x00000030       0x31 src/libraries/Wire/src/Wire.o
 .comment       0x00000030       0x31 SSip.o
 .comment       0x00000030       0x31 Time.o
 .comment       0x00000030       0x31 C:\Users\win7h\Documents\Atmel Studio\7.0\ArduinoSketch3\ArduinoSketch2\ArduinoCore\Release\libArduinoCore.a(CDC.o)
 .comment       0x00000030       0x31 C:\Users\win7h\Documents\Atmel Studio\7.0\ArduinoSketch3\ArduinoSketch2\ArduinoCore\Release\libArduinoCore.a(HardwareSerial.o)
 .comment       0x00000030       0x31 C:\Users\win7h\Documents\Atmel Studio\7.0\ArduinoSketch3\ArduinoSketch2\ArduinoCore\Release\libArduinoCore.a(HardwareSerial1.o)
 .comment       0x00000030       0x31 C:\Users\win7h\Documents\Atmel Studio\7.0\ArduinoSketch3\ArduinoSketch2\ArduinoCore\Release\libArduinoCore.a(main.o)
 .comment       0x00000030       0x31 C:\Users\win7h\Documents\Atmel Studio\7.0\ArduinoSketch3\ArduinoSketch2\ArduinoCore\Release\libArduinoCore.a(Print.o)
 .comment       0x00000030       0x31 C:\Users\win7h\Documents\Atmel Studio\7.0\ArduinoSketch3\ArduinoSketch2\ArduinoCore\Release\libArduinoCore.a(Stream.o)
 .comment       0x00000030       0x31 C:\Users\win7h\Documents\Atmel Studio\7.0\ArduinoSketch3\ArduinoSketch2\ArduinoCore\Release\libArduinoCore.a(Tone.o)
 .comment       0x00000030       0x31 C:\Users\win7h\Documents\Atmel Studio\7.0\ArduinoSketch3\ArduinoSketch2\ArduinoCore\Release\libArduinoCore.a(USBCore.o)
 .comment       0x00000030       0x31 C:\Users\win7h\Documents\Atmel Studio\7.0\ArduinoSketch3\ArduinoSketch2\ArduinoCore\Release\libArduinoCore.a(wiring.o)
 .comment       0x00000030       0x31 C:\Users\win7h\Documents\Atmel Studio\7.0\ArduinoSketch3\ArduinoSketch2\ArduinoCore\Release\libArduinoCore.a(wiring_analog.o)
 .comment       0x00000030       0x31 C:\Users\win7h\Documents\Atmel Studio\7.0\ArduinoSketch3\ArduinoSketch2\ArduinoCore\Release\libArduinoCore.a(wiring_digital.o)
 .comment       0x00000030       0x31 C:\Users\win7h\Documents\Atmel Studio\7.0\ArduinoSketch3\ArduinoSketch2\ArduinoCore\Release\libArduinoCore.a(wiring_pulse.o)
 .comment       0x00000030       0x31 C:\Users\win7h\Documents\Atmel Studio\7.0\ArduinoSketch3\ArduinoSketch2\ArduinoCore\Release\libArduinoCore.a(wiring_shift.o)
 .comment       0x00000030       0x31 C:\Users\win7h\Documents\Atmel Studio\7.0\ArduinoSketch3\ArduinoSketch2\ArduinoCore\Release\libArduinoCore.a(WMath.o)
 .comment       0x00000030       0x31 C:\Users\win7h\Documents\Atmel Studio\7.0\ArduinoSketch3\ArduinoSketch2\ArduinoCore\Release\libArduinoCore.a(hooks.o)
 .comment       0x00000030       0x31 C:\Users\win7h\Documents\Atmel Studio\7.0\ArduinoSketch3\ArduinoSketch2\ArduinoCore\Release\libArduinoCore.a(PluggableUSB.o)
 .comment       0x00000030       0x31 c:/program files (x86)/atmel/studio/7.0/toolchain/avr8/avr8-gnu-toolchain/bin/../lib/gcc/avr/5.4.0/../../../../avr/lib/avr5\libc.a(random.o)

.note.gnu.avr.deviceinfo
                0x00000000       0x40
 .note.gnu.avr.deviceinfo
                0x00000000       0x40 C:/Program Files (x86)/Atmel/Studio/7.0/Packs/atmel/ATmega_DFP/1.2.209/gcc/dev/atmega32u4/avr5/crtatmega32u4.o

.note.gnu.build-id
 *(.note.gnu.build-id)

.debug
 *(.debug)

.line
 *(.line)

.debug_srcinfo
 *(.debug_srcinfo)

.debug_sfnames
 *(.debug_sfnames)

.debug_aranges  0x00000000      0x910
 *(.debug_aranges)
 .debug_aranges
                0x00000000       0x48 AdvIO.o
 .debug_aranges
                0x00000048       0x28 Common.o
 .debug_aranges
                0x00000070       0x48 Gpio.o
 .debug_aranges
                0x000000b8       0x28 Sketch.o
 .debug_aranges
                0x000000e0       0x80 src/libraries/Wire/src/utility/twi.o
 .debug_aranges
                0x00000160       0xf8 src/libraries/Wire/src/Wire.o
 .debug_aranges
                0x00000258       0x68 SSip.o
 .debug_aranges
                0x000002c0       0x20 Time.o
 .debug_aranges
                0x000002e0       0xd0 C:\Users\win7h\Documents\Atmel Studio\7.0\ArduinoSketch3\ArduinoSketch2\ArduinoCore\Release\libArduinoCore.a(CDC.o)
 .debug_aranges
                0x000003b0       0x68 C:\Users\win7h\Documents\Atmel Studio\7.0\ArduinoSketch3\ArduinoSketch2\ArduinoCore\Release\libArduinoCore.a(HardwareSerial.o)
 .debug_aranges
                0x00000418       0x48 C:\Users\win7h\Documents\Atmel Studio\7.0\ArduinoSketch3\ArduinoSketch2\ArduinoCore\Release\libArduinoCore.a(HardwareSerial1.o)
 .debug_aranges
                0x00000460       0x30 C:\Users\win7h\Documents\Atmel Studio\7.0\ArduinoSketch3\ArduinoSketch2\ArduinoCore\Release\libArduinoCore.a(main.o)
 .debug_aranges
                0x00000490      0x100 C:\Users\win7h\Documents\Atmel Studio\7.0\ArduinoSketch3\ArduinoSketch2\ArduinoCore\Release\libArduinoCore.a(Print.o)
 .debug_aranges
                0x00000590       0x98 C:\Users\win7h\Documents\Atmel Studio\7.0\ArduinoSketch3\ArduinoSketch2\ArduinoCore\Release\libArduinoCore.a(Stream.o)
 .debug_aranges
                0x00000628       0x38 C:\Users\win7h\Documents\Atmel Studio\7.0\ArduinoSketch3\ArduinoSketch2\ArduinoCore\Release\libArduinoCore.a(Tone.o)
 .debug_aranges
                0x00000660       0xd8 C:\Users\win7h\Documents\Atmel Studio\7.0\ArduinoSketch3\ArduinoSketch2\ArduinoCore\Release\libArduinoCore.a(USBCore.o)
 .debug_aranges
                0x00000738       0x48 C:\Users\win7h\Documents\Atmel Studio\7.0\ArduinoSketch3\ArduinoSketch2\ArduinoCore\Release\libArduinoCore.a(wiring.o)
 .debug_aranges
                0x00000780       0x30 C:\Users\win7h\Documents\Atmel Studio\7.0\ArduinoSketch3\ArduinoSketch2\ArduinoCore\Release\libArduinoCore.a(wiring_analog.o)
 .debug_aranges
                0x000007b0       0x38 C:\Users\win7h\Documents\Atmel Studio\7.0\ArduinoSketch3\ArduinoSketch2\ArduinoCore\Release\libArduinoCore.a(wiring_digital.o)
 .debug_aranges
                0x000007e8       0x28 C:\Users\win7h\Documents\Atmel Studio\7.0\ArduinoSketch3\ArduinoSketch2\ArduinoCore\Release\libArduinoCore.a(wiring_pulse.o)
 .debug_aranges
                0x00000810       0x28 C:\Users\win7h\Documents\Atmel Studio\7.0\ArduinoSketch3\ArduinoSketch2\ArduinoCore\Release\libArduinoCore.a(wiring_shift.o)
 .debug_aranges
                0x00000838       0x48 C:\Users\win7h\Documents\Atmel Studio\7.0\ArduinoSketch3\ArduinoSketch2\ArduinoCore\Release\libArduinoCore.a(WMath.o)
 .debug_aranges
                0x00000880       0x20 C:\Users\win7h\Documents\Atmel Studio\7.0\ArduinoSketch3\ArduinoSketch2\ArduinoCore\Release\libArduinoCore.a(hooks.o)
 .debug_aranges
                0x000008a0       0x50 C:\Users\win7h\Documents\Atmel Studio\7.0\ArduinoSketch3\ArduinoSketch2\ArduinoCore\Release\libArduinoCore.a(PluggableUSB.o)
 .debug_aranges
                0x000008f0       0x20 C:\Users\win7h\Documents\Atmel Studio\7.0\ArduinoSketch3\ArduinoSketch2\ArduinoCore\Release\libArduinoCore.a(wiring_pulse.o)

.debug_pubnames
 *(.debug_pubnames)

.debug_info     0x00000000    0x162ed
 *(.debug_info .gnu.linkonce.wi.*)
 .debug_info    0x00000000      0x9f4 C:/Program Files (x86)/Atmel/Studio/7.0/Packs/atmel/ATmega_DFP/1.2.209/gcc/dev/atmega32u4/avr5/crtatmega32u4.o
 .debug_info    0x000009f4      0x4ab AdvIO.o
 .debug_info    0x00000e9f     0x1c09 Common.o
 .debug_info    0x00002aa8      0x504 Gpio.o
 .debug_info    0x00002fac      0x528 Sketch.o
 .debug_info    0x000034d4      0x632 src/libraries/Wire/src/utility/twi.o
 .debug_info    0x00003b06     0x27b4 src/libraries/Wire/src/Wire.o
 .debug_info    0x000062ba      0x97e SSip.o
 .debug_info    0x00006c38      0x361 Time.o
 .debug_info    0x00006f99     0x29cd C:\Users\win7h\Documents\Atmel Studio\7.0\ArduinoSketch3\ArduinoSketch2\ArduinoCore\Release\libArduinoCore.a(CDC.o)
 .debug_info    0x00009966     0x1eb7 C:\Users\win7h\Documents\Atmel Studio\7.0\ArduinoSketch3\ArduinoSketch2\ArduinoCore\Release\libArduinoCore.a(HardwareSerial.o)
 .debug_info    0x0000b81d     0x1b44 C:\Users\win7h\Documents\Atmel Studio\7.0\ArduinoSketch3\ArduinoSketch2\ArduinoCore\Release\libArduinoCore.a(HardwareSerial1.o)
 .debug_info    0x0000d361      0x33a C:\Users\win7h\Documents\Atmel Studio\7.0\ArduinoSketch3\ArduinoSketch2\ArduinoCore\Release\libArduinoCore.a(main.o)
 .debug_info    0x0000d69b     0x292d C:\Users\win7h\Documents\Atmel Studio\7.0\ArduinoSketch3\ArduinoSketch2\ArduinoCore\Release\libArduinoCore.a(Print.o)
 .debug_info    0x0000ffc8     0x21fe C:\Users\win7h\Documents\Atmel Studio\7.0\ArduinoSketch3\ArduinoSketch2\ArduinoCore\Release\libArduinoCore.a(Stream.o)
 .debug_info    0x000121c6      0x8dc C:\Users\win7h\Documents\Atmel Studio\7.0\ArduinoSketch3\ArduinoSketch2\ArduinoCore\Release\libArduinoCore.a(Tone.o)
 .debug_info    0x00012aa2     0x1a29 C:\Users\win7h\Documents\Atmel Studio\7.0\ArduinoSketch3\ArduinoSketch2\ArduinoCore\Release\libArduinoCore.a(USBCore.o)
 .debug_info    0x000144cb      0x2f9 C:\Users\win7h\Documents\Atmel Studio\7.0\ArduinoSketch3\ArduinoSketch2\ArduinoCore\Release\libArduinoCore.a(wiring.o)
 .debug_info    0x000147c4      0x2d7 C:\Users\win7h\Documents\Atmel Studio\7.0\ArduinoSketch3\ArduinoSketch2\ArduinoCore\Release\libArduinoCore.a(wiring_analog.o)
 .debug_info    0x00014a9b      0x633 C:\Users\win7h\Documents\Atmel Studio\7.0\ArduinoSketch3\ArduinoSketch2\ArduinoCore\Release\libArduinoCore.a(wiring_digital.o)
 .debug_info    0x000150ce      0x49e C:\Users\win7h\Documents\Atmel Studio\7.0\ArduinoSketch3\ArduinoSketch2\ArduinoCore\Release\libArduinoCore.a(wiring_pulse.o)
 .debug_info    0x0001556c      0x2c1 C:\Users\win7h\Documents\Atmel Studio\7.0\ArduinoSketch3\ArduinoSketch2\ArduinoCore\Release\libArduinoCore.a(wiring_shift.o)
 .debug_info    0x0001582d      0x230 C:\Users\win7h\Documents\Atmel Studio\7.0\ArduinoSketch3\ArduinoSketch2\ArduinoCore\Release\libArduinoCore.a(WMath.o)
 .debug_info    0x00015a5d       0x3e C:\Users\win7h\Documents\Atmel Studio\7.0\ArduinoSketch3\ArduinoSketch2\ArduinoCore\Release\libArduinoCore.a(hooks.o)
 .debug_info    0x00015a9b      0x79f C:\Users\win7h\Documents\Atmel Studio\7.0\ArduinoSketch3\ArduinoSketch2\ArduinoCore\Release\libArduinoCore.a(PluggableUSB.o)
 .debug_info    0x0001623a       0xb3 C:\Users\win7h\Documents\Atmel Studio\7.0\ArduinoSketch3\ArduinoSketch2\ArduinoCore\Release\libArduinoCore.a(wiring_pulse.o)

.debug_abbrev   0x00000000     0x4b8b
 *(.debug_abbrev)
 .debug_abbrev  0x00000000      0x96a C:/Program Files (x86)/Atmel/Studio/7.0/Packs/atmel/ATmega_DFP/1.2.209/gcc/dev/atmega32u4/avr5/crtatmega32u4.o
 .debug_abbrev  0x0000096a      0x1a3 AdvIO.o
 .debug_abbrev  0x00000b0d      0x3f7 Common.o
 .debug_abbrev  0x00000f04      0x1be Gpio.o
 .debug_abbrev  0x000010c2      0x24b Sketch.o
 .debug_abbrev  0x0000130d      0x260 src/libraries/Wire/src/utility/twi.o
 .debug_abbrev  0x0000156d      0x581 src/libraries/Wire/src/Wire.o
 .debug_abbrev  0x00001aee      0x34d SSip.o
 .debug_abbrev  0x00001e3b      0x195 Time.o
 .debug_abbrev  0x00001fd0      0x5fc C:\Users\win7h\Documents\Atmel Studio\7.0\ArduinoSketch3\ArduinoSketch2\ArduinoCore\Release\libArduinoCore.a(CDC.o)
 .debug_abbrev  0x000025cc      0x432 C:\Users\win7h\Documents\Atmel Studio\7.0\ArduinoSketch3\ArduinoSketch2\ArduinoCore\Release\libArduinoCore.a(HardwareSerial.o)
 .debug_abbrev  0x000029fe      0x3ce C:\Users\win7h\Documents\Atmel Studio\7.0\ArduinoSketch3\ArduinoSketch2\ArduinoCore\Release\libArduinoCore.a(HardwareSerial1.o)
 .debug_abbrev  0x00002dcc      0x19a C:\Users\win7h\Documents\Atmel Studio\7.0\ArduinoSketch3\ArduinoSketch2\ArduinoCore\Release\libArduinoCore.a(main.o)
 .debug_abbrev  0x00002f66      0x47a C:\Users\win7h\Documents\Atmel Studio\7.0\ArduinoSketch3\ArduinoSketch2\ArduinoCore\Release\libArduinoCore.a(Print.o)
 .debug_abbrev  0x000033e0      0x49b C:\Users\win7h\Documents\Atmel Studio\7.0\ArduinoSketch3\ArduinoSketch2\ArduinoCore\Release\libArduinoCore.a(Stream.o)
 .debug_abbrev  0x0000387b      0x29c C:\Users\win7h\Documents\Atmel Studio\7.0\ArduinoSketch3\ArduinoSketch2\ArduinoCore\Release\libArduinoCore.a(Tone.o)
 .debug_abbrev  0x00003b17      0x5f1 C:\Users\win7h\Documents\Atmel Studio\7.0\ArduinoSketch3\ArduinoSketch2\ArduinoCore\Release\libArduinoCore.a(USBCore.o)
 .debug_abbrev  0x00004108      0x146 C:\Users\win7h\Documents\Atmel Studio\7.0\ArduinoSketch3\ArduinoSketch2\ArduinoCore\Release\libArduinoCore.a(wiring.o)
 .debug_abbrev  0x0000424e      0x183 C:\Users\win7h\Documents\Atmel Studio\7.0\ArduinoSketch3\ArduinoSketch2\ArduinoCore\Release\libArduinoCore.a(wiring_analog.o)
 .debug_abbrev  0x000043d1      0x15a C:\Users\win7h\Documents\Atmel Studio\7.0\ArduinoSketch3\ArduinoSketch2\ArduinoCore\Release\libArduinoCore.a(wiring_digital.o)
 .debug_abbrev  0x0000452b      0x121 C:\Users\win7h\Documents\Atmel Studio\7.0\ArduinoSketch3\ArduinoSketch2\ArduinoCore\Release\libArduinoCore.a(wiring_pulse.o)
 .debug_abbrev  0x0000464c      0x111 C:\Users\win7h\Documents\Atmel Studio\7.0\ArduinoSketch3\ArduinoSketch2\ArduinoCore\Release\libArduinoCore.a(wiring_shift.o)
 .debug_abbrev  0x0000475d      0x12b C:\Users\win7h\Documents\Atmel Studio\7.0\ArduinoSketch3\ArduinoSketch2\ArduinoCore\Release\libArduinoCore.a(WMath.o)
 .debug_abbrev  0x00004888       0x2a C:\Users\win7h\Documents\Atmel Studio\7.0\ArduinoSketch3\ArduinoSketch2\ArduinoCore\Release\libArduinoCore.a(hooks.o)
 .debug_abbrev  0x000048b2      0x2c5 C:\Users\win7h\Documents\Atmel Studio\7.0\ArduinoSketch3\ArduinoSketch2\ArduinoCore\Release\libArduinoCore.a(PluggableUSB.o)
 .debug_abbrev  0x00004b77       0x14 C:\Users\win7h\Documents\Atmel Studio\7.0\ArduinoSketch3\ArduinoSketch2\ArduinoCore\Release\libArduinoCore.a(wiring_pulse.o)

.debug_line     0x00000000     0x551b
 *(.debug_line .debug_line.* .debug_line_end)
 .debug_line    0x00000000      0x199 C:/Program Files (x86)/Atmel/Studio/7.0/Packs/atmel/ATmega_DFP/1.2.209/gcc/dev/atmega32u4/avr5/crtatmega32u4.o
 .debug_line    0x00000199      0x23b AdvIO.o
 .debug_line    0x000003d4      0x281 Common.o
 .debug_line    0x00000655      0x240 Gpio.o
 .debug_line    0x00000895      0x21c Sketch.o
 .debug_line    0x00000ab1      0x519 src/libraries/Wire/src/utility/twi.o
 .debug_line    0x00000fca      0x608 src/libraries/Wire/src/Wire.o
 .debug_line    0x000015d2      0x364 SSip.o
 .debug_line    0x00001936      0x1b4 Time.o
 .debug_line    0x00001aea      0x654 C:\Users\win7h\Documents\Atmel Studio\7.0\ArduinoSketch3\ArduinoSketch2\ArduinoCore\Release\libArduinoCore.a(CDC.o)
 .debug_line    0x0000213e      0x426 C:\Users\win7h\Documents\Atmel Studio\7.0\ArduinoSketch3\ArduinoSketch2\ArduinoCore\Release\libArduinoCore.a(HardwareSerial.o)
 .debug_line    0x00002564      0x28c C:\Users\win7h\Documents\Atmel Studio\7.0\ArduinoSketch3\ArduinoSketch2\ArduinoCore\Release\libArduinoCore.a(HardwareSerial1.o)
 .debug_line    0x000027f0      0x177 C:\Users\win7h\Documents\Atmel Studio\7.0\ArduinoSketch3\ArduinoSketch2\ArduinoCore\Release\libArduinoCore.a(main.o)
 .debug_line    0x00002967      0x685 C:\Users\win7h\Documents\Atmel Studio\7.0\ArduinoSketch3\ArduinoSketch2\ArduinoCore\Release\libArduinoCore.a(Print.o)
 .debug_line    0x00002fec      0x5f7 C:\Users\win7h\Documents\Atmel Studio\7.0\ArduinoSketch3\ArduinoSketch2\ArduinoCore\Release\libArduinoCore.a(Stream.o)
 .debug_line    0x000035e3      0x441 C:\Users\win7h\Documents\Atmel Studio\7.0\ArduinoSketch3\ArduinoSketch2\ArduinoCore\Release\libArduinoCore.a(Tone.o)
 .debug_line    0x00003a24      0x9d6 C:\Users\win7h\Documents\Atmel Studio\7.0\ArduinoSketch3\ArduinoSketch2\ArduinoCore\Release\libArduinoCore.a(USBCore.o)
 .debug_line    0x000043fa      0x2bd C:\Users\win7h\Documents\Atmel Studio\7.0\ArduinoSketch3\ArduinoSketch2\ArduinoCore\Release\libArduinoCore.a(wiring.o)
 .debug_line    0x000046b7      0x27a C:\Users\win7h\Documents\Atmel Studio\7.0\ArduinoSketch3\ArduinoSketch2\ArduinoCore\Release\libArduinoCore.a(wiring_analog.o)
 .debug_line    0x00004931      0x26a C:\Users\win7h\Documents\Atmel Studio\7.0\ArduinoSketch3\ArduinoSketch2\ArduinoCore\Release\libArduinoCore.a(wiring_digital.o)
 .debug_line    0x00004b9b      0x1b6 C:\Users\win7h\Documents\Atmel Studio\7.0\ArduinoSketch3\ArduinoSketch2\ArduinoCore\Release\libArduinoCore.a(wiring_pulse.o)
 .debug_line    0x00004d51      0x172 C:\Users\win7h\Documents\Atmel Studio\7.0\ArduinoSketch3\ArduinoSketch2\ArduinoCore\Release\libArduinoCore.a(wiring_shift.o)
 .debug_line    0x00004ec3      0x143 C:\Users\win7h\Documents\Atmel Studio\7.0\ArduinoSketch3\ArduinoSketch2\ArduinoCore\Release\libArduinoCore.a(WMath.o)
 .debug_line    0x00005006       0x41 C:\Users\win7h\Documents\Atmel Studio\7.0\ArduinoSketch3\ArduinoSketch2\ArduinoCore\Release\libArduinoCore.a(hooks.o)
 .debug_line    0x00005047      0x2de C:\Users\win7h\Documents\Atmel Studio\7.0\ArduinoSketch3\ArduinoSketch2\ArduinoCore\Release\libArduinoCore.a(PluggableUSB.o)
 .debug_line    0x00005325      0x1f6 C:\Users\win7h\Documents\Atmel Studio\7.0\ArduinoSketch3\ArduinoSketch2\ArduinoCore\Release\libArduinoCore.a(wiring_pulse.o)

.debug_frame    0x00000000     0x1a58
 *(.debug_frame)
 .debug_frame   0x00000000       0x74 AdvIO.o
 .debug_frame   0x00000074       0x7c Common.o
 .debug_frame   0x000000f0       0x80 Gpio.o
 .debug_frame   0x00000170       0x40 Sketch.o
 .debug_frame   0x000001b0      0x134 src/libraries/Wire/src/utility/twi.o
 .debug_frame   0x000002e4      0x284 src/libraries/Wire/src/Wire.o
 .debug_frame   0x00000568       0xc4 SSip.o
 .debug_frame   0x0000062c       0x44 Time.o
 .debug_frame   0x00000670      0x1c8 C:\Users\win7h\Documents\Atmel Studio\7.0\ArduinoSketch3\ArduinoSketch2\ArduinoCore\Release\libArduinoCore.a(CDC.o)
 .debug_frame   0x00000838      0x110 C:\Users\win7h\Documents\Atmel Studio\7.0\ArduinoSketch3\ArduinoSketch2\ArduinoCore\Release\libArduinoCore.a(HardwareSerial.o)
 .debug_frame   0x00000948       0xe0 C:\Users\win7h\Documents\Atmel Studio\7.0\ArduinoSketch3\ArduinoSketch2\ArduinoCore\Release\libArduinoCore.a(HardwareSerial1.o)
 .debug_frame   0x00000a28       0x54 C:\Users\win7h\Documents\Atmel Studio\7.0\ArduinoSketch3\ArduinoSketch2\ArduinoCore\Release\libArduinoCore.a(main.o)
 .debug_frame   0x00000a7c      0x3ac C:\Users\win7h\Documents\Atmel Studio\7.0\ArduinoSketch3\ArduinoSketch2\ArduinoCore\Release\libArduinoCore.a(Print.o)
 .debug_frame   0x00000e28      0x2e4 C:\Users\win7h\Documents\Atmel Studio\7.0\ArduinoSketch3\ArduinoSketch2\ArduinoCore\Release\libArduinoCore.a(Stream.o)
 .debug_frame   0x0000110c       0xfc C:\Users\win7h\Documents\Atmel Studio\7.0\ArduinoSketch3\ArduinoSketch2\ArduinoCore\Release\libArduinoCore.a(Tone.o)
 .debug_frame   0x00001208      0x39c C:\Users\win7h\Documents\Atmel Studio\7.0\ArduinoSketch3\ArduinoSketch2\ArduinoCore\Release\libArduinoCore.a(USBCore.o)
 .debug_frame   0x000015a4       0xc4 C:\Users\win7h\Documents\Atmel Studio\7.0\ArduinoSketch3\ArduinoSketch2\ArduinoCore\Release\libArduinoCore.a(wiring.o)
 .debug_frame   0x00001668       0x54 C:\Users\win7h\Documents\Atmel Studio\7.0\ArduinoSketch3\ArduinoSketch2\ArduinoCore\Release\libArduinoCore.a(wiring_analog.o)
 .debug_frame   0x000016bc       0x7c C:\Users\win7h\Documents\Atmel Studio\7.0\ArduinoSketch3\ArduinoSketch2\ArduinoCore\Release\libArduinoCore.a(wiring_digital.o)
 .debug_frame   0x00001738       0x90 C:\Users\win7h\Documents\Atmel Studio\7.0\ArduinoSketch3\ArduinoSketch2\ArduinoCore\Release\libArduinoCore.a(wiring_pulse.o)
 .debug_frame   0x000017c8       0x8c C:\Users\win7h\Documents\Atmel Studio\7.0\ArduinoSketch3\ArduinoSketch2\ArduinoCore\Release\libArduinoCore.a(wiring_shift.o)
 .debug_frame   0x00001854       0xf4 C:\Users\win7h\Documents\Atmel Studio\7.0\ArduinoSketch3\ArduinoSketch2\ArduinoCore\Release\libArduinoCore.a(WMath.o)
 .debug_frame   0x00001948       0x24 C:\Users\win7h\Documents\Atmel Studio\7.0\ArduinoSketch3\ArduinoSketch2\ArduinoCore\Release\libArduinoCore.a(hooks.o)
 .debug_frame   0x0000196c       0xec C:\Users\win7h\Documents\Atmel Studio\7.0\ArduinoSketch3\ArduinoSketch2\ArduinoCore\Release\libArduinoCore.a(PluggableUSB.o)

.debug_str      0x00000000     0x3fd8
 *(.debug_str)
 .debug_str     0x00000000      0x371 C:/Program Files (x86)/Atmel/Studio/7.0/Packs/atmel/ATmega_DFP/1.2.209/gcc/dev/atmega32u4/avr5/crtatmega32u4.o
 .debug_str     0x00000371      0x37d AdvIO.o
                                0x400 (size before relaxing)
 .debug_str     0x000006ee      0xfda Common.o
                               0x1380 (size before relaxing)
 .debug_str     0x000016c8       0xd6 Gpio.o
                                0x41c (size before relaxing)
 .debug_str     0x0000179e       0xa9 Sketch.o
                                0x3f8 (size before relaxing)
 .debug_str     0x00001847      0x2c4 src/libraries/Wire/src/utility/twi.o
                                0x3cf (size before relaxing)
 .debug_str     0x00001b0b      0x5ed src/libraries/Wire/src/Wire.o
                               0x18c6 (size before relaxing)
 .debug_str     0x000020f8      0x431 SSip.o
                                0x806 (size before relaxing)
 .debug_str     0x00002529       0x20 Time.o
                                0x34b (size before relaxing)
 .debug_str     0x00002549      0x66c C:\Users\win7h\Documents\Atmel Studio\7.0\ArduinoSketch3\ArduinoSketch2\ArduinoCore\Release\libArduinoCore.a(CDC.o)
                               0x1a20 (size before relaxing)
 .debug_str     0x00002bb5      0x343 C:\Users\win7h\Documents\Atmel Studio\7.0\ArduinoSketch3\ArduinoSketch2\ArduinoCore\Release\libArduinoCore.a(HardwareSerial.o)
                               0x15f5 (size before relaxing)
 .debug_str     0x00002ef8       0x47 C:\Users\win7h\Documents\Atmel Studio\7.0\ArduinoSketch3\ArduinoSketch2\ArduinoCore\Release\libArduinoCore.a(HardwareSerial1.o)
                               0x1410 (size before relaxing)
 .debug_str     0x00002f3f      0x10e C:\Users\win7h\Documents\Atmel Studio\7.0\ArduinoSketch3\ArduinoSketch2\ArduinoCore\Release\libArduinoCore.a(main.o)
                                0x392 (size before relaxing)
 .debug_str     0x0000304d      0x3bc C:\Users\win7h\Documents\Atmel Studio\7.0\ArduinoSketch3\ArduinoSketch2\ArduinoCore\Release\libArduinoCore.a(Print.o)
                               0x1249 (size before relaxing)
 .debug_str     0x00003409       0x97 C:\Users\win7h\Documents\Atmel Studio\7.0\ArduinoSketch3\ArduinoSketch2\ArduinoCore\Release\libArduinoCore.a(Stream.o)
                               0x12a7 (size before relaxing)
 .debug_str     0x000034a0      0x1d8 C:\Users\win7h\Documents\Atmel Studio\7.0\ArduinoSketch3\ArduinoSketch2\ArduinoCore\Release\libArduinoCore.a(Tone.o)
                                0x4ab (size before relaxing)
 .debug_str     0x00003678      0x693 C:\Users\win7h\Documents\Atmel Studio\7.0\ArduinoSketch3\ArduinoSketch2\ArduinoCore\Release\libArduinoCore.a(USBCore.o)
                                0xc69 (size before relaxing)
 .debug_str     0x00003d0b       0x7f C:\Users\win7h\Documents\Atmel Studio\7.0\ArduinoSketch3\ArduinoSketch2\ArduinoCore\Release\libArduinoCore.a(wiring.o)
                                0x251 (size before relaxing)
 .debug_str     0x00003d8a       0x7a C:\Users\win7h\Documents\Atmel Studio\7.0\ArduinoSketch3\ArduinoSketch2\ArduinoCore\Release\libArduinoCore.a(wiring_analog.o)
                                0x26f (size before relaxing)
 .debug_str     0x00003e04       0x4b C:\Users\win7h\Documents\Atmel Studio\7.0\ArduinoSketch3\ArduinoSketch2\ArduinoCore\Release\libArduinoCore.a(wiring_digital.o)
                                0x2d0 (size before relaxing)
 .debug_str     0x00003e4f       0x4e C:\Users\win7h\Documents\Atmel Studio\7.0\ArduinoSketch3\ArduinoSketch2\ArduinoCore\Release\libArduinoCore.a(wiring_pulse.o)
                                0x291 (size before relaxing)
 .debug_str     0x00003e9d       0x2c C:\Users\win7h\Documents\Atmel Studio\7.0\ArduinoSketch3\ArduinoSketch2\ArduinoCore\Release\libArduinoCore.a(wiring_shift.o)
                                0x213 (size before relaxing)
 .debug_str     0x00003ec9       0xa7 C:\Users\win7h\Documents\Atmel Studio\7.0\ArduinoSketch3\ArduinoSketch2\ArduinoCore\Release\libArduinoCore.a(WMath.o)
                                0x254 (size before relaxing)
 .debug_str     0x00003f70       0x1c C:\Users\win7h\Documents\Atmel Studio\7.0\ArduinoSketch3\ArduinoSketch2\ArduinoCore\Release\libArduinoCore.a(hooks.o)
                                0x146 (size before relaxing)
 .debug_str     0x00003f8c       0x4c C:\Users\win7h\Documents\Atmel Studio\7.0\ArduinoSketch3\ArduinoSketch2\ArduinoCore\Release\libArduinoCore.a(PluggableUSB.o)
                                0x5c2 (size before relaxing)

.debug_loc      0x00000000     0x8ae7
 *(.debug_loc)
 .debug_loc     0x00000000      0x2b6 Common.o
 .debug_loc     0x000002b6       0x2f Gpio.o
 .debug_loc     0x000002e5       0xa8 Sketch.o
 .debug_loc     0x0000038d      0x3e6 src/libraries/Wire/src/utility/twi.o
 .debug_loc     0x00000773      0xbfd src/libraries/Wire/src/Wire.o
 .debug_loc     0x00001370      0x176 SSip.o
 .debug_loc     0x000014e6      0x77a C:\Users\win7h\Documents\Atmel Studio\7.0\ArduinoSketch3\ArduinoSketch2\ArduinoCore\Release\libArduinoCore.a(CDC.o)
 .debug_loc     0x00001c60      0x482 C:\Users\win7h\Documents\Atmel Studio\7.0\ArduinoSketch3\ArduinoSketch2\ArduinoCore\Release\libArduinoCore.a(HardwareSerial.o)
 .debug_loc     0x000020e2      0x1b0 C:\Users\win7h\Documents\Atmel Studio\7.0\ArduinoSketch3\ArduinoSketch2\ArduinoCore\Release\libArduinoCore.a(HardwareSerial1.o)
 .debug_loc     0x00002292     0x1c87 C:\Users\win7h\Documents\Atmel Studio\7.0\ArduinoSketch3\ArduinoSketch2\ArduinoCore\Release\libArduinoCore.a(Print.o)
 .debug_loc     0x00003f19     0x14ae C:\Users\win7h\Documents\Atmel Studio\7.0\ArduinoSketch3\ArduinoSketch2\ArduinoCore\Release\libArduinoCore.a(Stream.o)
 .debug_loc     0x000053c7      0xa69 C:\Users\win7h\Documents\Atmel Studio\7.0\ArduinoSketch3\ArduinoSketch2\ArduinoCore\Release\libArduinoCore.a(Tone.o)
 .debug_loc     0x00005e30     0x127f C:\Users\win7h\Documents\Atmel Studio\7.0\ArduinoSketch3\ArduinoSketch2\ArduinoCore\Release\libArduinoCore.a(USBCore.o)
 .debug_loc     0x000070af      0x28d C:\Users\win7h\Documents\Atmel Studio\7.0\ArduinoSketch3\ArduinoSketch2\ArduinoCore\Release\libArduinoCore.a(wiring.o)
 .debug_loc     0x0000733c      0x1cb C:\Users\win7h\Documents\Atmel Studio\7.0\ArduinoSketch3\ArduinoSketch2\ArduinoCore\Release\libArduinoCore.a(wiring_analog.o)
 .debug_loc     0x00007507      0x665 C:\Users\win7h\Documents\Atmel Studio\7.0\ArduinoSketch3\ArduinoSketch2\ArduinoCore\Release\libArduinoCore.a(wiring_digital.o)
 .debug_loc     0x00007b6c      0x479 C:\Users\win7h\Documents\Atmel Studio\7.0\ArduinoSketch3\ArduinoSketch2\ArduinoCore\Release\libArduinoCore.a(wiring_pulse.o)
 .debug_loc     0x00007fe5      0x2e7 C:\Users\win7h\Documents\Atmel Studio\7.0\ArduinoSketch3\ArduinoSketch2\ArduinoCore\Release\libArduinoCore.a(wiring_shift.o)
 .debug_loc     0x000082cc      0x3d6 C:\Users\win7h\Documents\Atmel Studio\7.0\ArduinoSketch3\ArduinoSketch2\ArduinoCore\Release\libArduinoCore.a(WMath.o)
 .debug_loc     0x000086a2      0x445 C:\Users\win7h\Documents\Atmel Studio\7.0\ArduinoSketch3\ArduinoSketch2\ArduinoCore\Release\libArduinoCore.a(PluggableUSB.o)

.debug_macinfo
 *(.debug_macinfo)

.debug_weaknames
 *(.debug_weaknames)

.debug_funcnames
 *(.debug_funcnames)

.debug_typenames
 *(.debug_typenames)

.debug_varnames
 *(.debug_varnames)

.debug_pubtypes
 *(.debug_pubtypes)

.debug_ranges   0x00000000      0x938
 *(.debug_ranges)
 .debug_ranges  0x00000000       0x38 AdvIO.o
 .debug_ranges  0x00000038       0x18 Common.o
 .debug_ranges  0x00000050       0x38 Gpio.o
 .debug_ranges  0x00000088       0x18 Sketch.o
 .debug_ranges  0x000000a0       0x70 src/libraries/Wire/src/utility/twi.o
 .debug_ranges  0x00000110       0xe8 src/libraries/Wire/src/Wire.o
 .debug_ranges  0x000001f8       0x58 SSip.o
 .debug_ranges  0x00000250       0x10 Time.o
 .debug_ranges  0x00000260       0xd8 C:\Users\win7h\Documents\Atmel Studio\7.0\ArduinoSketch3\ArduinoSketch2\ArduinoCore\Release\libArduinoCore.a(CDC.o)
 .debug_ranges  0x00000338       0x58 C:\Users\win7h\Documents\Atmel Studio\7.0\ArduinoSketch3\ArduinoSketch2\ArduinoCore\Release\libArduinoCore.a(HardwareSerial.o)
 .debug_ranges  0x00000390       0x38 C:\Users\win7h\Documents\Atmel Studio\7.0\ArduinoSketch3\ArduinoSketch2\ArduinoCore\Release\libArduinoCore.a(HardwareSerial1.o)
 .debug_ranges  0x000003c8       0x20 C:\Users\win7h\Documents\Atmel Studio\7.0\ArduinoSketch3\ArduinoSketch2\ArduinoCore\Release\libArduinoCore.a(main.o)
 .debug_ranges  0x000003e8      0x120 C:\Users\win7h\Documents\Atmel Studio\7.0\ArduinoSketch3\ArduinoSketch2\ArduinoCore\Release\libArduinoCore.a(Print.o)
 .debug_ranges  0x00000508       0xb8 C:\Users\win7h\Documents\Atmel Studio\7.0\ArduinoSketch3\ArduinoSketch2\ArduinoCore\Release\libArduinoCore.a(Stream.o)
 .debug_ranges  0x000005c0       0x70 C:\Users\win7h\Documents\Atmel Studio\7.0\ArduinoSketch3\ArduinoSketch2\ArduinoCore\Release\libArduinoCore.a(Tone.o)
 .debug_ranges  0x00000630      0x1b8 C:\Users\win7h\Documents\Atmel Studio\7.0\ArduinoSketch3\ArduinoSketch2\ArduinoCore\Release\libArduinoCore.a(USBCore.o)
 .debug_ranges  0x000007e8       0x38 C:\Users\win7h\Documents\Atmel Studio\7.0\ArduinoSketch3\ArduinoSketch2\ArduinoCore\Release\libArduinoCore.a(wiring.o)
 .debug_ranges  0x00000820       0x20 C:\Users\win7h\Documents\Atmel Studio\7.0\ArduinoSketch3\ArduinoSketch2\ArduinoCore\Release\libArduinoCore.a(wiring_analog.o)
 .debug_ranges  0x00000840       0x28 C:\Users\win7h\Documents\Atmel Studio\7.0\ArduinoSketch3\ArduinoSketch2\ArduinoCore\Release\libArduinoCore.a(wiring_digital.o)
 .debug_ranges  0x00000868       0x18 C:\Users\win7h\Documents\Atmel Studio\7.0\ArduinoSketch3\ArduinoSketch2\ArduinoCore\Release\libArduinoCore.a(wiring_pulse.o)
 .debug_ranges  0x00000880       0x18 C:\Users\win7h\Documents\Atmel Studio\7.0\ArduinoSketch3\ArduinoSketch2\ArduinoCore\Release\libArduinoCore.a(wiring_shift.o)
 .debug_ranges  0x00000898       0x38 C:\Users\win7h\Documents\Atmel Studio\7.0\ArduinoSketch3\ArduinoSketch2\ArduinoCore\Release\libArduinoCore.a(WMath.o)
 .debug_ranges  0x000008d0       0x10 C:\Users\win7h\Documents\Atmel Studio\7.0\ArduinoSketch3\ArduinoSketch2\ArduinoCore\Release\libArduinoCore.a(hooks.o)
 .debug_ranges  0x000008e0       0x58 C:\Users\win7h\Documents\Atmel Studio\7.0\ArduinoSketch3\ArduinoSketch2\ArduinoCore\Release\libArduinoCore.a(PluggableUSB.o)

.debug_macro
 *(.debug_macro)
OUTPUT(Blink.elf elf32-avr)
LOAD linker stubs
